#
# There is insufficient memory for the Java Runtime Environment to continue.
# Native memory allocation (malloc) failed to allocate 262160 bytes. Error detail: Chunk::new
# Possible reasons:
#   The system is out of physical RAM or swap space
#   This process is running with CompressedOops enabled, and the Java Heap may be blocking the growth of the native heap
# Possible solutions:
#   Reduce memory load on the system
#   Increase physical memory or swap space
#   Check if swap backing store is full
#   Decrease Java heap size (-Xmx/-Xms)
#   Decrease number of Java threads
#   Decrease Java thread stack sizes (-Xss)
#   Set larger code cache with -XX:ReservedCodeCacheSize=
#   JVM is running with Unscaled Compressed Oops mode in which the Java heap is
#     placed in the first 4GB address space. The Java Heap base address is the
#     maximum limit for the native heap growth. Please use -XX:HeapBaseMinAddress
#     to set the Java Heap base and to place the Java Heap above 4GB virtual address.
# This output file may be truncated or incomplete.
#
#  Out of Memory Error (arena.cpp:191), pid=22440, tid=13176
#
# JRE version: OpenJDK Runtime Environment Microsoft-11369865 (17.0.15+6) (build 17.0.15+6-LTS)
# Java VM: OpenJDK 64-Bit Server VM Microsoft-11369865 (17.0.15+6-LTS, mixed mode, sharing, tiered, compressed oops, compressed class ptrs, g1 gc, windows-amd64)
# No core dump will be written. Minidumps are not enabled by default on client versions of Windows
#

---------------  S U M M A R Y ------------

Command Line: --add-opens=java.base/java.lang=ALL-UNNAMED --add-opens=java.base/java.lang.invoke=ALL-UNNAMED --add-opens=java.base/java.util=ALL-UNNAMED --add-opens=java.prefs/java.util.prefs=ALL-UNNAMED --add-exports=jdk.compiler/com.sun.tools.javac.api=ALL-UNNAMED --add-exports=jdk.compiler/com.sun.tools.javac.util=ALL-UNNAMED --add-opens=java.base/java.util=ALL-UNNAMED --add-opens=java.prefs/java.util.prefs=ALL-UNNAMED --add-opens=java.base/java.nio.charset=ALL-UNNAMED --add-opens=java.base/java.net=ALL-UNNAMED --add-opens=java.base/java.util.concurrent.atomic=ALL-UNNAMED --add-opens=java.xml/javax.xml.namespace=ALL-UNNAMED -XX:MaxMetaspaceSize=384m -XX:+HeapDumpOnOutOfMemoryError -Xms256m -Xmx512m -Dfile.encoding=UTF-8 -Duser.country=RU -Duser.language=ru -Duser.variant -javaagent:C:\Users\User\.gradle\wrapper\dists\gradle-8.14.3-bin\cv11ve7ro1n3o1j4so8xd9n66\gradle-8.14.3\lib\agents\gradle-instrumentation-agent-8.14.3.jar org.gradle.launcher.daemon.bootstrap.GradleDaemon 8.14.3

Host: 11th Gen Intel(R) Core(TM) i3-1115G4 @ 3.00GHz, 4 cores, 3G,  Windows 10 , 64 bit Build 19041 (10.0.19041.5915)
Time: Wed Dec 17 00:08:11 2025  Windows 10 , 64 bit Build 19041 (10.0.19041.5915) elapsed time: 19.072126 seconds (0d 0h 0m 19s)

---------------  T H R E A D  ---------------

Current thread (0x000002b636d90b60):  JavaThread "C2 CompilerThread0" daemon [_thread_in_native, id=13176, stack(0x000000dee9f00000,0x000000deea000000)]


Current CompileTask:
C2:  19074 2387       4       jdk.internal.org.objectweb.asm.Frame::execute (2305 bytes)

Stack: [0x000000dee9f00000,0x000000deea000000]
Native frames: (J=compiled Java code, j=interpreted, Vv=VM code, C=native code)
V  [jvm.dll+0x6887a9]
V  [jvm.dll+0x83f5a8]
V  [jvm.dll+0x841053]
V  [jvm.dll+0x8416c3]
V  [jvm.dll+0x2496ef]
V  [jvm.dll+0xad134]
V  [jvm.dll+0xad7cc]
V  [jvm.dll+0xad244]
V  [jvm.dll+0x66589c]
V  [jvm.dll+0x222219]
V  [jvm.dll+0x6ac341]
V  [jvm.dll+0x219a65]
V  [jvm.dll+0x1a55f6]
V  [jvm.dll+0x22a39a]
V  [jvm.dll+0x2284db]
V  [jvm.dll+0x7f4e28]
V  [jvm.dll+0x7ef2dc]
V  [jvm.dll+0x687687]
C  [ucrtbase.dll+0x21bb2]
C  [KERNEL32.DLL+0x17374]
C  [ntdll.dll+0x4cc91]


---------------  P R O C E S S  ---------------

Threads class SMR info:
_java_thread_list=0x000002b65188c2a0, length=24, elements={
0x000002b61ca5f850, 0x000002b636d743c0, 0x000002b636d76050, 0x000002b636d8c3e0,
0x000002b636d8edc0, 0x000002b636d8f690, 0x000002b636d8ff60, 0x000002b636d90b60,
0x000002b636d91930, 0x000002b636d94650, 0x000002b6500d71d0, 0x000002b65018e2a0,
0x000002b650d0b110, 0x000002b65150d200, 0x000002b650b507c0, 0x000002b6517c7aa0,
0x000002b6517c7fb0, 0x000002b6517c84c0, 0x000002b6517c89d0, 0x000002b6517c9e10,
0x000002b6517c8ee0, 0x000002b6517c93f0, 0x000002b6517c9900, 0x000002b6517ca320
}

Java Threads: ( => current thread )
  0x000002b61ca5f850 JavaThread "main" [_thread_blocked, id=1260, stack(0x000000dee9200000,0x000000dee9300000)]
  0x000002b636d743c0 JavaThread "Reference Handler" daemon [_thread_blocked, id=5644, stack(0x000000dee9900000,0x000000dee9a00000)]
  0x000002b636d76050 JavaThread "Finalizer" daemon [_thread_blocked, id=14044, stack(0x000000dee9a00000,0x000000dee9b00000)]
  0x000002b636d8c3e0 JavaThread "Signal Dispatcher" daemon [_thread_blocked, id=20100, stack(0x000000dee9b00000,0x000000dee9c00000)]
  0x000002b636d8edc0 JavaThread "Attach Listener" daemon [_thread_blocked, id=13848, stack(0x000000dee9c00000,0x000000dee9d00000)]
  0x000002b636d8f690 JavaThread "Service Thread" daemon [_thread_blocked, id=8696, stack(0x000000dee9d00000,0x000000dee9e00000)]
  0x000002b636d8ff60 JavaThread "Monitor Deflation Thread" daemon [_thread_blocked, id=5044, stack(0x000000dee9e00000,0x000000dee9f00000)]
=>0x000002b636d90b60 JavaThread "C2 CompilerThread0" daemon [_thread_in_native, id=13176, stack(0x000000dee9f00000,0x000000deea000000)]
  0x000002b636d91930 JavaThread "C1 CompilerThread0" daemon [_thread_blocked, id=3908, stack(0x000000deea000000,0x000000deea100000)]
  0x000002b636d94650 JavaThread "Sweeper thread" daemon [_thread_blocked, id=20344, stack(0x000000deea100000,0x000000deea200000)]
  0x000002b6500d71d0 JavaThread "Common-Cleaner" daemon [_thread_blocked, id=9464, stack(0x000000deea200000,0x000000deea300000)]
  0x000002b65018e2a0 JavaThread "Notification Thread" daemon [_thread_blocked, id=4200, stack(0x000000deea300000,0x000000deea400000)]
  0x000002b650d0b110 JavaThread "Daemon health stats" [_thread_blocked, id=16952, stack(0x000000deea800000,0x000000deea900000)]
  0x000002b65150d200 JavaThread "Incoming local TCP Connector on port 64219" [_thread_in_native, id=15176, stack(0x000000deea900000,0x000000deeaa00000)]
  0x000002b650b507c0 JavaThread "Daemon periodic checks" [_thread_blocked, id=7940, stack(0x000000deeaa00000,0x000000deeab00000)]
  0x000002b6517c7aa0 JavaThread "Daemon" [_thread_blocked, id=12916, stack(0x000000deeab00000,0x000000deeac00000)]
  0x000002b6517c7fb0 JavaThread "Handler for socket connection from /127.0.0.1:64219 to /127.0.0.1:64220" [_thread_in_native, id=17152, stack(0x000000deeac00000,0x000000deead00000)]
  0x000002b6517c84c0 JavaThread "Cancel handler" [_thread_blocked, id=13332, stack(0x000000deead00000,0x000000deeae00000)]
  0x000002b6517c89d0 JavaThread "Daemon worker" [_thread_blocked, id=20932, stack(0x000000deeae00000,0x000000deeaf00000)]
  0x000002b6517c9e10 JavaThread "Asynchronous log dispatcher for DefaultDaemonConnection: socket connection from /127.0.0.1:64219 to /127.0.0.1:64220" [_thread_blocked, id=16568, stack(0x000000deeaf00000,0x000000deeb000000)]
  0x000002b6517c8ee0 JavaThread "Stdin handler" [_thread_blocked, id=5164, stack(0x000000deeb000000,0x000000deeb100000)]
  0x000002b6517c93f0 JavaThread "Daemon client event forwarder" [_thread_blocked, id=20564, stack(0x000000deeb100000,0x000000deeb200000)]
  0x000002b6517c9900 JavaThread "Cache worker for journal cache (C:\Users\User\.gradle\caches\journal-1)" [_thread_blocked, id=6752, stack(0x000000deeb200000,0x000000deeb300000)]
  0x000002b6517ca320 JavaThread "File lock request listener" [_thread_in_native, id=13224, stack(0x000000deeb300000,0x000000deeb400000)]

Other Threads:
  0x000002b636d6db00 VMThread "VM Thread" [stack: 0x000000dee9800000,0x000000dee9900000] [id=13480]
  0x000002b61ca60460 WatcherThread [stack: 0x000000deea400000,0x000000deea500000] [id=16896]
  0x000002b61ca8da00 GCTaskThread "GC Thread#0" [stack: 0x000000dee9300000,0x000000dee9400000] [id=16908]
  0x000002b6502070e0 GCTaskThread "GC Thread#1" [stack: 0x000000deea500000,0x000000deea600000] [id=7564]
  0x000002b650198e60 GCTaskThread "GC Thread#2" [stack: 0x000000deea600000,0x000000deea700000] [id=14908]
  0x000002b650199120 GCTaskThread "GC Thread#3" [stack: 0x000000deea700000,0x000000deea800000] [id=22372]
  0x000002b61ca92700 ConcurrentGCThread "G1 Main Marker" [stack: 0x000000dee9400000,0x000000dee9500000] [id=18200]
  0x000002b61ca92ed0 ConcurrentGCThread "G1 Conc#0" [stack: 0x000000dee9500000,0x000000dee9600000] [id=16588]
  0x000002b61cb1d380 ConcurrentGCThread "G1 Refine#0" [stack: 0x000000dee9600000,0x000000dee9700000] [id=10796]
  0x000002b61cb1db60 ConcurrentGCThread "G1 Service" [stack: 0x000000dee9700000,0x000000dee9800000] [id=1880]

Threads with active compile tasks:
C2 CompilerThread0    19239 2387       4       jdk.internal.org.objectweb.asm.Frame::execute (2305 bytes)

VM state: not at safepoint (normal execution)

VM Mutex/Monitor currently owned by a thread: None

Heap address: 0x00000000e0000000, size: 512 MB, Compressed Oops mode: 32-bit

CDS archive(s) mapped at: [0x000002b637000000-0x000002b637bb0000-0x000002b637bb0000), size 12255232, SharedBaseAddress: 0x000002b637000000, ArchiveRelocationMode: 1.
Compressed class space mapped at: 0x000002b638000000-0x000002b64c000000, reserved size: 335544320
Narrow klass base: 0x000002b637000000, Narrow klass shift: 0, Narrow klass range: 0x100000000

GC Precious Log:
 CPUs: 4 total, 4 available
 Memory: 3852M
 Large Page Support: Disabled
 NUMA Support: Disabled
 Compressed Oops: Enabled (32-bit)
 Heap Region Size: 1M
 Heap Min Capacity: 256M
 Heap Initial Capacity: 256M
 Heap Max Capacity: 512M
 Pre-touch: Disabled
 Parallel Workers: 4
 Concurrent Workers: 1
 Concurrent Refinement Workers: 4
 Periodic GC: Disabled

Heap:
 garbage-first heap   total 262144K, used 137636K [0x00000000e0000000, 0x0000000100000000)
  region size 1024K, 127 young (130048K), 3 survivors (3072K)
 Metaspace       used 14348K, committed 14656K, reserved 393216K
  class space    used 1978K, committed 2112K, reserved 327680K

Heap Regions: E=young(eden), S=young(survivor), O=old, HS=humongous(starts), HC=humongous(continues), CS=collection set, F=free, OA=open archive, CA=closed archive, TAMS=top-at-mark-start (previous, next)
|   0|0x00000000e0000000, 0x00000000e0100000, 0x00000000e0100000|100%|HS|  |TAMS 0x00000000e0000000, 0x00000000e0000000| Complete 
|   1|0x00000000e0100000, 0x00000000e0200000, 0x00000000e0200000|100%|HC|  |TAMS 0x00000000e0100000, 0x00000000e0100000| Complete 
|   2|0x00000000e0200000, 0x00000000e0300000, 0x00000000e0300000|100%|HC|  |TAMS 0x00000000e0200000, 0x00000000e0200000| Complete 
|   3|0x00000000e0300000, 0x00000000e0400000, 0x00000000e0400000|100%| O|  |TAMS 0x00000000e0300000, 0x00000000e0300000| Untracked 
|   4|0x00000000e0400000, 0x00000000e0500000, 0x00000000e0500000|100%| O|  |TAMS 0x00000000e0400000, 0x00000000e0400000| Untracked 
|   5|0x00000000e0500000, 0x00000000e0600000, 0x00000000e0600000|100%| O|  |TAMS 0x00000000e0500000, 0x00000000e0500000| Untracked 
|   6|0x00000000e0600000, 0x00000000e0669000, 0x00000000e0700000| 41%| O|  |TAMS 0x00000000e0600000, 0x00000000e0600000| Untracked 
|   7|0x00000000e0700000, 0x00000000e0800000, 0x00000000e0800000|100%|HS|  |TAMS 0x00000000e0700000, 0x00000000e0700000| Complete 
|   8|0x00000000e0800000, 0x00000000e0900000, 0x00000000e0900000|100%|HS|  |TAMS 0x00000000e0800000, 0x00000000e0800000| Complete 
|   9|0x00000000e0900000, 0x00000000e0900000, 0x00000000e0a00000|  0%| F|  |TAMS 0x00000000e0900000, 0x00000000e0900000| Untracked 
|  10|0x00000000e0a00000, 0x00000000e0a00000, 0x00000000e0b00000|  0%| F|  |TAMS 0x00000000e0a00000, 0x00000000e0a00000| Untracked 
|  11|0x00000000e0b00000, 0x00000000e0b00000, 0x00000000e0c00000|  0%| F|  |TAMS 0x00000000e0b00000, 0x00000000e0b00000| Untracked 
|  12|0x00000000e0c00000, 0x00000000e0c00000, 0x00000000e0d00000|  0%| F|  |TAMS 0x00000000e0c00000, 0x00000000e0c00000| Untracked 
|  13|0x00000000e0d00000, 0x00000000e0d00000, 0x00000000e0e00000|  0%| F|  |TAMS 0x00000000e0d00000, 0x00000000e0d00000| Untracked 
|  14|0x00000000e0e00000, 0x00000000e0e00000, 0x00000000e0f00000|  0%| F|  |TAMS 0x00000000e0e00000, 0x00000000e0e00000| Untracked 
|  15|0x00000000e0f00000, 0x00000000e0f00000, 0x00000000e1000000|  0%| F|  |TAMS 0x00000000e0f00000, 0x00000000e0f00000| Untracked 
|  16|0x00000000e1000000, 0x00000000e1000000, 0x00000000e1100000|  0%| F|  |TAMS 0x00000000e1000000, 0x00000000e1000000| Untracked 
|  17|0x00000000e1100000, 0x00000000e1100000, 0x00000000e1200000|  0%| F|  |TAMS 0x00000000e1100000, 0x00000000e1100000| Untracked 
|  18|0x00000000e1200000, 0x00000000e1200000, 0x00000000e1300000|  0%| F|  |TAMS 0x00000000e1200000, 0x00000000e1200000| Untracked 
|  19|0x00000000e1300000, 0x00000000e1300000, 0x00000000e1400000|  0%| F|  |TAMS 0x00000000e1300000, 0x00000000e1300000| Untracked 
|  20|0x00000000e1400000, 0x00000000e1400000, 0x00000000e1500000|  0%| F|  |TAMS 0x00000000e1400000, 0x00000000e1400000| Untracked 
|  21|0x00000000e1500000, 0x00000000e1500000, 0x00000000e1600000|  0%| F|  |TAMS 0x00000000e1500000, 0x00000000e1500000| Untracked 
|  22|0x00000000e1600000, 0x00000000e1600000, 0x00000000e1700000|  0%| F|  |TAMS 0x00000000e1600000, 0x00000000e1600000| Untracked 
|  23|0x00000000e1700000, 0x00000000e1700000, 0x00000000e1800000|  0%| F|  |TAMS 0x00000000e1700000, 0x00000000e1700000| Untracked 
|  24|0x00000000e1800000, 0x00000000e1800000, 0x00000000e1900000|  0%| F|  |TAMS 0x00000000e1800000, 0x00000000e1800000| Untracked 
|  25|0x00000000e1900000, 0x00000000e1900000, 0x00000000e1a00000|  0%| F|  |TAMS 0x00000000e1900000, 0x00000000e1900000| Untracked 
|  26|0x00000000e1a00000, 0x00000000e1a00000, 0x00000000e1b00000|  0%| F|  |TAMS 0x00000000e1a00000, 0x00000000e1a00000| Untracked 
|  27|0x00000000e1b00000, 0x00000000e1b00000, 0x00000000e1c00000|  0%| F|  |TAMS 0x00000000e1b00000, 0x00000000e1b00000| Untracked 
|  28|0x00000000e1c00000, 0x00000000e1c00000, 0x00000000e1d00000|  0%| F|  |TAMS 0x00000000e1c00000, 0x00000000e1c00000| Untracked 
|  29|0x00000000e1d00000, 0x00000000e1d00000, 0x00000000e1e00000|  0%| F|  |TAMS 0x00000000e1d00000, 0x00000000e1d00000| Untracked 
|  30|0x00000000e1e00000, 0x00000000e1e00000, 0x00000000e1f00000|  0%| F|  |TAMS 0x00000000e1e00000, 0x00000000e1e00000| Untracked 
|  31|0x00000000e1f00000, 0x00000000e1f00000, 0x00000000e2000000|  0%| F|  |TAMS 0x00000000e1f00000, 0x00000000e1f00000| Untracked 
|  32|0x00000000e2000000, 0x00000000e2000000, 0x00000000e2100000|  0%| F|  |TAMS 0x00000000e2000000, 0x00000000e2000000| Untracked 
|  33|0x00000000e2100000, 0x00000000e2100000, 0x00000000e2200000|  0%| F|  |TAMS 0x00000000e2100000, 0x00000000e2100000| Untracked 
|  34|0x00000000e2200000, 0x00000000e2200000, 0x00000000e2300000|  0%| F|  |TAMS 0x00000000e2200000, 0x00000000e2200000| Untracked 
|  35|0x00000000e2300000, 0x00000000e2300000, 0x00000000e2400000|  0%| F|  |TAMS 0x00000000e2300000, 0x00000000e2300000| Untracked 
|  36|0x00000000e2400000, 0x00000000e2400000, 0x00000000e2500000|  0%| F|  |TAMS 0x00000000e2400000, 0x00000000e2400000| Untracked 
|  37|0x00000000e2500000, 0x00000000e2500000, 0x00000000e2600000|  0%| F|  |TAMS 0x00000000e2500000, 0x00000000e2500000| Untracked 
|  38|0x00000000e2600000, 0x00000000e2600000, 0x00000000e2700000|  0%| F|  |TAMS 0x00000000e2600000, 0x00000000e2600000| Untracked 
|  39|0x00000000e2700000, 0x00000000e2700000, 0x00000000e2800000|  0%| F|  |TAMS 0x00000000e2700000, 0x00000000e2700000| Untracked 
|  40|0x00000000e2800000, 0x00000000e2800000, 0x00000000e2900000|  0%| F|  |TAMS 0x00000000e2800000, 0x00000000e2800000| Untracked 
|  41|0x00000000e2900000, 0x00000000e2900000, 0x00000000e2a00000|  0%| F|  |TAMS 0x00000000e2900000, 0x00000000e2900000| Untracked 
|  42|0x00000000e2a00000, 0x00000000e2a00000, 0x00000000e2b00000|  0%| F|  |TAMS 0x00000000e2a00000, 0x00000000e2a00000| Untracked 
|  43|0x00000000e2b00000, 0x00000000e2b00000, 0x00000000e2c00000|  0%| F|  |TAMS 0x00000000e2b00000, 0x00000000e2b00000| Untracked 
|  44|0x00000000e2c00000, 0x00000000e2c00000, 0x00000000e2d00000|  0%| F|  |TAMS 0x00000000e2c00000, 0x00000000e2c00000| Untracked 
|  45|0x00000000e2d00000, 0x00000000e2d00000, 0x00000000e2e00000|  0%| F|  |TAMS 0x00000000e2d00000, 0x00000000e2d00000| Untracked 
|  46|0x00000000e2e00000, 0x00000000e2e00000, 0x00000000e2f00000|  0%| F|  |TAMS 0x00000000e2e00000, 0x00000000e2e00000| Untracked 
|  47|0x00000000e2f00000, 0x00000000e2f00000, 0x00000000e3000000|  0%| F|  |TAMS 0x00000000e2f00000, 0x00000000e2f00000| Untracked 
|  48|0x00000000e3000000, 0x00000000e3000000, 0x00000000e3100000|  0%| F|  |TAMS 0x00000000e3000000, 0x00000000e3000000| Untracked 
|  49|0x00000000e3100000, 0x00000000e3100000, 0x00000000e3200000|  0%| F|  |TAMS 0x00000000e3100000, 0x00000000e3100000| Untracked 
|  50|0x00000000e3200000, 0x00000000e3200000, 0x00000000e3300000|  0%| F|  |TAMS 0x00000000e3200000, 0x00000000e3200000| Untracked 
|  51|0x00000000e3300000, 0x00000000e3300000, 0x00000000e3400000|  0%| F|  |TAMS 0x00000000e3300000, 0x00000000e3300000| Untracked 
|  52|0x00000000e3400000, 0x00000000e3400000, 0x00000000e3500000|  0%| F|  |TAMS 0x00000000e3400000, 0x00000000e3400000| Untracked 
|  53|0x00000000e3500000, 0x00000000e3500000, 0x00000000e3600000|  0%| F|  |TAMS 0x00000000e3500000, 0x00000000e3500000| Untracked 
|  54|0x00000000e3600000, 0x00000000e3600000, 0x00000000e3700000|  0%| F|  |TAMS 0x00000000e3600000, 0x00000000e3600000| Untracked 
|  55|0x00000000e3700000, 0x00000000e3700000, 0x00000000e3800000|  0%| F|  |TAMS 0x00000000e3700000, 0x00000000e3700000| Untracked 
|  56|0x00000000e3800000, 0x00000000e3800000, 0x00000000e3900000|  0%| F|  |TAMS 0x00000000e3800000, 0x00000000e3800000| Untracked 
|  57|0x00000000e3900000, 0x00000000e3900000, 0x00000000e3a00000|  0%| F|  |TAMS 0x00000000e3900000, 0x00000000e3900000| Untracked 
|  58|0x00000000e3a00000, 0x00000000e3a00000, 0x00000000e3b00000|  0%| F|  |TAMS 0x00000000e3a00000, 0x00000000e3a00000| Untracked 
|  59|0x00000000e3b00000, 0x00000000e3b00000, 0x00000000e3c00000|  0%| F|  |TAMS 0x00000000e3b00000, 0x00000000e3b00000| Untracked 
|  60|0x00000000e3c00000, 0x00000000e3c00000, 0x00000000e3d00000|  0%| F|  |TAMS 0x00000000e3c00000, 0x00000000e3c00000| Untracked 
|  61|0x00000000e3d00000, 0x00000000e3d00000, 0x00000000e3e00000|  0%| F|  |TAMS 0x00000000e3d00000, 0x00000000e3d00000| Untracked 
|  62|0x00000000e3e00000, 0x00000000e3e00000, 0x00000000e3f00000|  0%| F|  |TAMS 0x00000000e3e00000, 0x00000000e3e00000| Untracked 
|  63|0x00000000e3f00000, 0x00000000e3f00000, 0x00000000e4000000|  0%| F|  |TAMS 0x00000000e3f00000, 0x00000000e3f00000| Untracked 
|  64|0x00000000e4000000, 0x00000000e4000000, 0x00000000e4100000|  0%| F|  |TAMS 0x00000000e4000000, 0x00000000e4000000| Untracked 
|  65|0x00000000e4100000, 0x00000000e4100000, 0x00000000e4200000|  0%| F|  |TAMS 0x00000000e4100000, 0x00000000e4100000| Untracked 
|  66|0x00000000e4200000, 0x00000000e4200000, 0x00000000e4300000|  0%| F|  |TAMS 0x00000000e4200000, 0x00000000e4200000| Untracked 
|  67|0x00000000e4300000, 0x00000000e4300000, 0x00000000e4400000|  0%| F|  |TAMS 0x00000000e4300000, 0x00000000e4300000| Untracked 
|  68|0x00000000e4400000, 0x00000000e4400000, 0x00000000e4500000|  0%| F|  |TAMS 0x00000000e4400000, 0x00000000e4400000| Untracked 
|  69|0x00000000e4500000, 0x00000000e4500000, 0x00000000e4600000|  0%| F|  |TAMS 0x00000000e4500000, 0x00000000e4500000| Untracked 
|  70|0x00000000e4600000, 0x00000000e4600000, 0x00000000e4700000|  0%| F|  |TAMS 0x00000000e4600000, 0x00000000e4600000| Untracked 
|  71|0x00000000e4700000, 0x00000000e4700000, 0x00000000e4800000|  0%| F|  |TAMS 0x00000000e4700000, 0x00000000e4700000| Untracked 
|  72|0x00000000e4800000, 0x00000000e4800000, 0x00000000e4900000|  0%| F|  |TAMS 0x00000000e4800000, 0x00000000e4800000| Untracked 
|  73|0x00000000e4900000, 0x00000000e4900000, 0x00000000e4a00000|  0%| F|  |TAMS 0x00000000e4900000, 0x00000000e4900000| Untracked 
|  74|0x00000000e4a00000, 0x00000000e4a00000, 0x00000000e4b00000|  0%| F|  |TAMS 0x00000000e4a00000, 0x00000000e4a00000| Untracked 
|  75|0x00000000e4b00000, 0x00000000e4b00000, 0x00000000e4c00000|  0%| F|  |TAMS 0x00000000e4b00000, 0x00000000e4b00000| Untracked 
|  76|0x00000000e4c00000, 0x00000000e4c00000, 0x00000000e4d00000|  0%| F|  |TAMS 0x00000000e4c00000, 0x00000000e4c00000| Untracked 
|  77|0x00000000e4d00000, 0x00000000e4d00000, 0x00000000e4e00000|  0%| F|  |TAMS 0x00000000e4d00000, 0x00000000e4d00000| Untracked 
|  78|0x00000000e4e00000, 0x00000000e4e00000, 0x00000000e4f00000|  0%| F|  |TAMS 0x00000000e4e00000, 0x00000000e4e00000| Untracked 
|  79|0x00000000e4f00000, 0x00000000e4f00000, 0x00000000e5000000|  0%| F|  |TAMS 0x00000000e4f00000, 0x00000000e4f00000| Untracked 
|  80|0x00000000e5000000, 0x00000000e5000000, 0x00000000e5100000|  0%| F|  |TAMS 0x00000000e5000000, 0x00000000e5000000| Untracked 
|  81|0x00000000e5100000, 0x00000000e5100000, 0x00000000e5200000|  0%| F|  |TAMS 0x00000000e5100000, 0x00000000e5100000| Untracked 
|  82|0x00000000e5200000, 0x00000000e5200000, 0x00000000e5300000|  0%| F|  |TAMS 0x00000000e5200000, 0x00000000e5200000| Untracked 
|  83|0x00000000e5300000, 0x00000000e5300000, 0x00000000e5400000|  0%| F|  |TAMS 0x00000000e5300000, 0x00000000e5300000| Untracked 
|  84|0x00000000e5400000, 0x00000000e5400000, 0x00000000e5500000|  0%| F|  |TAMS 0x00000000e5400000, 0x00000000e5400000| Untracked 
|  85|0x00000000e5500000, 0x00000000e5500000, 0x00000000e5600000|  0%| F|  |TAMS 0x00000000e5500000, 0x00000000e5500000| Untracked 
|  86|0x00000000e5600000, 0x00000000e5600000, 0x00000000e5700000|  0%| F|  |TAMS 0x00000000e5600000, 0x00000000e5600000| Untracked 
|  87|0x00000000e5700000, 0x00000000e5700000, 0x00000000e5800000|  0%| F|  |TAMS 0x00000000e5700000, 0x00000000e5700000| Untracked 
|  88|0x00000000e5800000, 0x00000000e5800000, 0x00000000e5900000|  0%| F|  |TAMS 0x00000000e5800000, 0x00000000e5800000| Untracked 
|  89|0x00000000e5900000, 0x00000000e5900000, 0x00000000e5a00000|  0%| F|  |TAMS 0x00000000e5900000, 0x00000000e5900000| Untracked 
|  90|0x00000000e5a00000, 0x00000000e5a00000, 0x00000000e5b00000|  0%| F|  |TAMS 0x00000000e5a00000, 0x00000000e5a00000| Untracked 
|  91|0x00000000e5b00000, 0x00000000e5b00000, 0x00000000e5c00000|  0%| F|  |TAMS 0x00000000e5b00000, 0x00000000e5b00000| Untracked 
|  92|0x00000000e5c00000, 0x00000000e5c00000, 0x00000000e5d00000|  0%| F|  |TAMS 0x00000000e5c00000, 0x00000000e5c00000| Untracked 
|  93|0x00000000e5d00000, 0x00000000e5d00000, 0x00000000e5e00000|  0%| F|  |TAMS 0x00000000e5d00000, 0x00000000e5d00000| Untracked 
|  94|0x00000000e5e00000, 0x00000000e5e00000, 0x00000000e5f00000|  0%| F|  |TAMS 0x00000000e5e00000, 0x00000000e5e00000| Untracked 
|  95|0x00000000e5f00000, 0x00000000e5f00000, 0x00000000e6000000|  0%| F|  |TAMS 0x00000000e5f00000, 0x00000000e5f00000| Untracked 
|  96|0x00000000e6000000, 0x00000000e6000000, 0x00000000e6100000|  0%| F|  |TAMS 0x00000000e6000000, 0x00000000e6000000| Untracked 
|  97|0x00000000e6100000, 0x00000000e6100000, 0x00000000e6200000|  0%| F|  |TAMS 0x00000000e6100000, 0x00000000e6100000| Untracked 
|  98|0x00000000e6200000, 0x00000000e6200000, 0x00000000e6300000|  0%| F|  |TAMS 0x00000000e6200000, 0x00000000e6200000| Untracked 
|  99|0x00000000e6300000, 0x00000000e6300000, 0x00000000e6400000|  0%| F|  |TAMS 0x00000000e6300000, 0x00000000e6300000| Untracked 
| 100|0x00000000e6400000, 0x00000000e6400000, 0x00000000e6500000|  0%| F|  |TAMS 0x00000000e6400000, 0x00000000e6400000| Untracked 
| 101|0x00000000e6500000, 0x00000000e6500000, 0x00000000e6600000|  0%| F|  |TAMS 0x00000000e6500000, 0x00000000e6500000| Untracked 
| 102|0x00000000e6600000, 0x00000000e6600000, 0x00000000e6700000|  0%| F|  |TAMS 0x00000000e6600000, 0x00000000e6600000| Untracked 
| 103|0x00000000e6700000, 0x00000000e6700000, 0x00000000e6800000|  0%| F|  |TAMS 0x00000000e6700000, 0x00000000e6700000| Untracked 
| 104|0x00000000e6800000, 0x00000000e6800000, 0x00000000e6900000|  0%| F|  |TAMS 0x00000000e6800000, 0x00000000e6800000| Untracked 
| 105|0x00000000e6900000, 0x00000000e6900000, 0x00000000e6a00000|  0%| F|  |TAMS 0x00000000e6900000, 0x00000000e6900000| Untracked 
| 106|0x00000000e6a00000, 0x00000000e6a00000, 0x00000000e6b00000|  0%| F|  |TAMS 0x00000000e6a00000, 0x00000000e6a00000| Untracked 
| 107|0x00000000e6b00000, 0x00000000e6b00000, 0x00000000e6c00000|  0%| F|  |TAMS 0x00000000e6b00000, 0x00000000e6b00000| Untracked 
| 108|0x00000000e6c00000, 0x00000000e6c00000, 0x00000000e6d00000|  0%| F|  |TAMS 0x00000000e6c00000, 0x00000000e6c00000| Untracked 
| 109|0x00000000e6d00000, 0x00000000e6d00000, 0x00000000e6e00000|  0%| F|  |TAMS 0x00000000e6d00000, 0x00000000e6d00000| Untracked 
| 110|0x00000000e6e00000, 0x00000000e6e00000, 0x00000000e6f00000|  0%| F|  |TAMS 0x00000000e6e00000, 0x00000000e6e00000| Untracked 
| 111|0x00000000e6f00000, 0x00000000e6f00000, 0x00000000e7000000|  0%| F|  |TAMS 0x00000000e6f00000, 0x00000000e6f00000| Untracked 
| 112|0x00000000e7000000, 0x00000000e7000000, 0x00000000e7100000|  0%| F|  |TAMS 0x00000000e7000000, 0x00000000e7000000| Untracked 
| 113|0x00000000e7100000, 0x00000000e7100000, 0x00000000e7200000|  0%| F|  |TAMS 0x00000000e7100000, 0x00000000e7100000| Untracked 
| 114|0x00000000e7200000, 0x00000000e7200000, 0x00000000e7300000|  0%| F|  |TAMS 0x00000000e7200000, 0x00000000e7200000| Untracked 
| 115|0x00000000e7300000, 0x00000000e7300000, 0x00000000e7400000|  0%| F|  |TAMS 0x00000000e7300000, 0x00000000e7300000| Untracked 
| 116|0x00000000e7400000, 0x00000000e7400000, 0x00000000e7500000|  0%| F|  |TAMS 0x00000000e7400000, 0x00000000e7400000| Untracked 
| 117|0x00000000e7500000, 0x00000000e7500000, 0x00000000e7600000|  0%| F|  |TAMS 0x00000000e7500000, 0x00000000e7500000| Untracked 
| 118|0x00000000e7600000, 0x00000000e7600000, 0x00000000e7700000|  0%| F|  |TAMS 0x00000000e7600000, 0x00000000e7600000| Untracked 
| 119|0x00000000e7700000, 0x00000000e7700000, 0x00000000e7800000|  0%| F|  |TAMS 0x00000000e7700000, 0x00000000e7700000| Untracked 
| 120|0x00000000e7800000, 0x00000000e7800000, 0x00000000e7900000|  0%| F|  |TAMS 0x00000000e7800000, 0x00000000e7800000| Untracked 
| 121|0x00000000e7900000, 0x00000000e7900000, 0x00000000e7a00000|  0%| F|  |TAMS 0x00000000e7900000, 0x00000000e7900000| Untracked 
| 122|0x00000000e7a00000, 0x00000000e7a00000, 0x00000000e7b00000|  0%| F|  |TAMS 0x00000000e7a00000, 0x00000000e7a00000| Untracked 
| 123|0x00000000e7b00000, 0x00000000e7b00000, 0x00000000e7c00000|  0%| F|  |TAMS 0x00000000e7b00000, 0x00000000e7b00000| Untracked 
| 124|0x00000000e7c00000, 0x00000000e7c00000, 0x00000000e7d00000|  0%| F|  |TAMS 0x00000000e7c00000, 0x00000000e7c00000| Untracked 
| 125|0x00000000e7d00000, 0x00000000e7d00000, 0x00000000e7e00000|  0%| F|  |TAMS 0x00000000e7d00000, 0x00000000e7d00000| Untracked 
| 126|0x00000000e7e00000, 0x00000000e7e00000, 0x00000000e7f00000|  0%| F|  |TAMS 0x00000000e7e00000, 0x00000000e7e00000| Untracked 
| 127|0x00000000e7f00000, 0x00000000e7f00000, 0x00000000e8000000|  0%| F|  |TAMS 0x00000000e7f00000, 0x00000000e7f00000| Untracked 
| 128|0x00000000e8000000, 0x00000000e8000000, 0x00000000e8100000|  0%| F|  |TAMS 0x00000000e8000000, 0x00000000e8000000| Untracked 
| 129|0x00000000e8100000, 0x00000000e8200000, 0x00000000e8200000|100%| E|  |TAMS 0x00000000e8100000, 0x00000000e8100000| Complete 
| 130|0x00000000e8200000, 0x00000000e8300000, 0x00000000e8300000|100%| E|CS|TAMS 0x00000000e8200000, 0x00000000e8200000| Complete 
| 131|0x00000000e8300000, 0x00000000e8400000, 0x00000000e8400000|100%| E|CS|TAMS 0x00000000e8300000, 0x00000000e8300000| Complete 
| 132|0x00000000e8400000, 0x00000000e8500000, 0x00000000e8500000|100%| E|CS|TAMS 0x00000000e8400000, 0x00000000e8400000| Complete 
| 133|0x00000000e8500000, 0x00000000e8600000, 0x00000000e8600000|100%| E|CS|TAMS 0x00000000e8500000, 0x00000000e8500000| Complete 
| 134|0x00000000e8600000, 0x00000000e8700000, 0x00000000e8700000|100%| E|CS|TAMS 0x00000000e8600000, 0x00000000e8600000| Complete 
| 135|0x00000000e8700000, 0x00000000e8800000, 0x00000000e8800000|100%| E|CS|TAMS 0x00000000e8700000, 0x00000000e8700000| Complete 
| 136|0x00000000e8800000, 0x00000000e8900000, 0x00000000e8900000|100%| E|CS|TAMS 0x00000000e8800000, 0x00000000e8800000| Complete 
| 137|0x00000000e8900000, 0x00000000e8a00000, 0x00000000e8a00000|100%| E|CS|TAMS 0x00000000e8900000, 0x00000000e8900000| Complete 
| 138|0x00000000e8a00000, 0x00000000e8b00000, 0x00000000e8b00000|100%| E|CS|TAMS 0x00000000e8a00000, 0x00000000e8a00000| Complete 
| 139|0x00000000e8b00000, 0x00000000e8c00000, 0x00000000e8c00000|100%| E|CS|TAMS 0x00000000e8b00000, 0x00000000e8b00000| Complete 
| 140|0x00000000e8c00000, 0x00000000e8d00000, 0x00000000e8d00000|100%| E|CS|TAMS 0x00000000e8c00000, 0x00000000e8c00000| Complete 
| 141|0x00000000e8d00000, 0x00000000e8e00000, 0x00000000e8e00000|100%| E|CS|TAMS 0x00000000e8d00000, 0x00000000e8d00000| Complete 
| 142|0x00000000e8e00000, 0x00000000e8f00000, 0x00000000e8f00000|100%| E|CS|TAMS 0x00000000e8e00000, 0x00000000e8e00000| Complete 
| 143|0x00000000e8f00000, 0x00000000e9000000, 0x00000000e9000000|100%| E|CS|TAMS 0x00000000e8f00000, 0x00000000e8f00000| Complete 
| 144|0x00000000e9000000, 0x00000000e9100000, 0x00000000e9100000|100%| E|CS|TAMS 0x00000000e9000000, 0x00000000e9000000| Complete 
| 145|0x00000000e9100000, 0x00000000e9200000, 0x00000000e9200000|100%| E|CS|TAMS 0x00000000e9100000, 0x00000000e9100000| Complete 
| 146|0x00000000e9200000, 0x00000000e9300000, 0x00000000e9300000|100%| E|CS|TAMS 0x00000000e9200000, 0x00000000e9200000| Complete 
| 147|0x00000000e9300000, 0x00000000e9400000, 0x00000000e9400000|100%| E|CS|TAMS 0x00000000e9300000, 0x00000000e9300000| Complete 
| 148|0x00000000e9400000, 0x00000000e9500000, 0x00000000e9500000|100%| E|CS|TAMS 0x00000000e9400000, 0x00000000e9400000| Complete 
| 149|0x00000000e9500000, 0x00000000e9600000, 0x00000000e9600000|100%| E|CS|TAMS 0x00000000e9500000, 0x00000000e9500000| Complete 
| 150|0x00000000e9600000, 0x00000000e9700000, 0x00000000e9700000|100%| E|CS|TAMS 0x00000000e9600000, 0x00000000e9600000| Complete 
| 151|0x00000000e9700000, 0x00000000e9800000, 0x00000000e9800000|100%| E|CS|TAMS 0x00000000e9700000, 0x00000000e9700000| Complete 
| 152|0x00000000e9800000, 0x00000000e9900000, 0x00000000e9900000|100%| E|CS|TAMS 0x00000000e9800000, 0x00000000e9800000| Complete 
| 153|0x00000000e9900000, 0x00000000e9a00000, 0x00000000e9a00000|100%| E|CS|TAMS 0x00000000e9900000, 0x00000000e9900000| Complete 
| 154|0x00000000e9a00000, 0x00000000e9b00000, 0x00000000e9b00000|100%| E|CS|TAMS 0x00000000e9a00000, 0x00000000e9a00000| Complete 
| 155|0x00000000e9b00000, 0x00000000e9c00000, 0x00000000e9c00000|100%| E|CS|TAMS 0x00000000e9b00000, 0x00000000e9b00000| Complete 
| 156|0x00000000e9c00000, 0x00000000e9d00000, 0x00000000e9d00000|100%| E|CS|TAMS 0x00000000e9c00000, 0x00000000e9c00000| Complete 
| 157|0x00000000e9d00000, 0x00000000e9e00000, 0x00000000e9e00000|100%| E|CS|TAMS 0x00000000e9d00000, 0x00000000e9d00000| Complete 
| 158|0x00000000e9e00000, 0x00000000e9f00000, 0x00000000e9f00000|100%| E|CS|TAMS 0x00000000e9e00000, 0x00000000e9e00000| Complete 
| 159|0x00000000e9f00000, 0x00000000ea000000, 0x00000000ea000000|100%| E|CS|TAMS 0x00000000e9f00000, 0x00000000e9f00000| Complete 
| 160|0x00000000ea000000, 0x00000000ea100000, 0x00000000ea100000|100%| E|CS|TAMS 0x00000000ea000000, 0x00000000ea000000| Complete 
| 161|0x00000000ea100000, 0x00000000ea200000, 0x00000000ea200000|100%| E|CS|TAMS 0x00000000ea100000, 0x00000000ea100000| Complete 
| 162|0x00000000ea200000, 0x00000000ea300000, 0x00000000ea300000|100%| E|CS|TAMS 0x00000000ea200000, 0x00000000ea200000| Complete 
| 163|0x00000000ea300000, 0x00000000ea400000, 0x00000000ea400000|100%| E|CS|TAMS 0x00000000ea300000, 0x00000000ea300000| Complete 
| 164|0x00000000ea400000, 0x00000000ea500000, 0x00000000ea500000|100%| E|CS|TAMS 0x00000000ea400000, 0x00000000ea400000| Complete 
| 165|0x00000000ea500000, 0x00000000ea600000, 0x00000000ea600000|100%| E|CS|TAMS 0x00000000ea500000, 0x00000000ea500000| Complete 
| 166|0x00000000ea600000, 0x00000000ea700000, 0x00000000ea700000|100%| E|CS|TAMS 0x00000000ea600000, 0x00000000ea600000| Complete 
| 167|0x00000000ea700000, 0x00000000ea800000, 0x00000000ea800000|100%| E|CS|TAMS 0x00000000ea700000, 0x00000000ea700000| Complete 
| 168|0x00000000ea800000, 0x00000000ea900000, 0x00000000ea900000|100%| E|CS|TAMS 0x00000000ea800000, 0x00000000ea800000| Complete 
| 169|0x00000000ea900000, 0x00000000eaa00000, 0x00000000eaa00000|100%| E|CS|TAMS 0x00000000ea900000, 0x00000000ea900000| Complete 
| 170|0x00000000eaa00000, 0x00000000eab00000, 0x00000000eab00000|100%| E|CS|TAMS 0x00000000eaa00000, 0x00000000eaa00000| Complete 
| 171|0x00000000eab00000, 0x00000000eac00000, 0x00000000eac00000|100%| E|CS|TAMS 0x00000000eab00000, 0x00000000eab00000| Complete 
| 172|0x00000000eac00000, 0x00000000ead00000, 0x00000000ead00000|100%| E|CS|TAMS 0x00000000eac00000, 0x00000000eac00000| Complete 
| 173|0x00000000ead00000, 0x00000000eae00000, 0x00000000eae00000|100%| E|CS|TAMS 0x00000000ead00000, 0x00000000ead00000| Complete 
| 174|0x00000000eae00000, 0x00000000eaf00000, 0x00000000eaf00000|100%| E|CS|TAMS 0x00000000eae00000, 0x00000000eae00000| Complete 
| 175|0x00000000eaf00000, 0x00000000eb000000, 0x00000000eb000000|100%| E|CS|TAMS 0x00000000eaf00000, 0x00000000eaf00000| Complete 
| 176|0x00000000eb000000, 0x00000000eb100000, 0x00000000eb100000|100%| E|CS|TAMS 0x00000000eb000000, 0x00000000eb000000| Complete 
| 177|0x00000000eb100000, 0x00000000eb200000, 0x00000000eb200000|100%| E|CS|TAMS 0x00000000eb100000, 0x00000000eb100000| Complete 
| 178|0x00000000eb200000, 0x00000000eb300000, 0x00000000eb300000|100%| E|CS|TAMS 0x00000000eb200000, 0x00000000eb200000| Complete 
| 179|0x00000000eb300000, 0x00000000eb400000, 0x00000000eb400000|100%| E|CS|TAMS 0x00000000eb300000, 0x00000000eb300000| Complete 
| 180|0x00000000eb400000, 0x00000000eb500000, 0x00000000eb500000|100%| E|CS|TAMS 0x00000000eb400000, 0x00000000eb400000| Complete 
| 181|0x00000000eb500000, 0x00000000eb600000, 0x00000000eb600000|100%| E|CS|TAMS 0x00000000eb500000, 0x00000000eb500000| Complete 
| 182|0x00000000eb600000, 0x00000000eb700000, 0x00000000eb700000|100%| E|CS|TAMS 0x00000000eb600000, 0x00000000eb600000| Complete 
| 183|0x00000000eb700000, 0x00000000eb800000, 0x00000000eb800000|100%| E|CS|TAMS 0x00000000eb700000, 0x00000000eb700000| Complete 
| 184|0x00000000eb800000, 0x00000000eb900000, 0x00000000eb900000|100%| E|CS|TAMS 0x00000000eb800000, 0x00000000eb800000| Complete 
| 185|0x00000000eb900000, 0x00000000eba00000, 0x00000000eba00000|100%| E|CS|TAMS 0x00000000eb900000, 0x00000000eb900000| Complete 
| 186|0x00000000eba00000, 0x00000000ebb00000, 0x00000000ebb00000|100%| E|CS|TAMS 0x00000000eba00000, 0x00000000eba00000| Complete 
| 187|0x00000000ebb00000, 0x00000000ebc00000, 0x00000000ebc00000|100%| E|CS|TAMS 0x00000000ebb00000, 0x00000000ebb00000| Complete 
| 188|0x00000000ebc00000, 0x00000000ebd00000, 0x00000000ebd00000|100%| E|CS|TAMS 0x00000000ebc00000, 0x00000000ebc00000| Complete 
| 189|0x00000000ebd00000, 0x00000000ebe00000, 0x00000000ebe00000|100%| E|CS|TAMS 0x00000000ebd00000, 0x00000000ebd00000| Complete 
| 190|0x00000000ebe00000, 0x00000000ebf00000, 0x00000000ebf00000|100%| E|CS|TAMS 0x00000000ebe00000, 0x00000000ebe00000| Complete 
| 191|0x00000000ebf00000, 0x00000000ec000000, 0x00000000ec000000|100%| E|CS|TAMS 0x00000000ebf00000, 0x00000000ebf00000| Complete 
| 192|0x00000000ec000000, 0x00000000ec100000, 0x00000000ec100000|100%| E|CS|TAMS 0x00000000ec000000, 0x00000000ec000000| Complete 
| 193|0x00000000ec100000, 0x00000000ec200000, 0x00000000ec200000|100%| E|CS|TAMS 0x00000000ec100000, 0x00000000ec100000| Complete 
| 194|0x00000000ec200000, 0x00000000ec300000, 0x00000000ec300000|100%| E|CS|TAMS 0x00000000ec200000, 0x00000000ec200000| Complete 
| 195|0x00000000ec300000, 0x00000000ec400000, 0x00000000ec400000|100%| E|CS|TAMS 0x00000000ec300000, 0x00000000ec300000| Complete 
| 196|0x00000000ec400000, 0x00000000ec500000, 0x00000000ec500000|100%| E|CS|TAMS 0x00000000ec400000, 0x00000000ec400000| Complete 
| 197|0x00000000ec500000, 0x00000000ec600000, 0x00000000ec600000|100%| E|CS|TAMS 0x00000000ec500000, 0x00000000ec500000| Complete 
| 198|0x00000000ec600000, 0x00000000ec700000, 0x00000000ec700000|100%| E|CS|TAMS 0x00000000ec600000, 0x00000000ec600000| Complete 
| 199|0x00000000ec700000, 0x00000000ec800000, 0x00000000ec800000|100%| E|CS|TAMS 0x00000000ec700000, 0x00000000ec700000| Complete 
| 200|0x00000000ec800000, 0x00000000ec900000, 0x00000000ec900000|100%| E|CS|TAMS 0x00000000ec800000, 0x00000000ec800000| Complete 
| 201|0x00000000ec900000, 0x00000000eca00000, 0x00000000eca00000|100%| E|CS|TAMS 0x00000000ec900000, 0x00000000ec900000| Complete 
| 202|0x00000000eca00000, 0x00000000ecb00000, 0x00000000ecb00000|100%| E|CS|TAMS 0x00000000eca00000, 0x00000000eca00000| Complete 
| 203|0x00000000ecb00000, 0x00000000ecc00000, 0x00000000ecc00000|100%| E|CS|TAMS 0x00000000ecb00000, 0x00000000ecb00000| Complete 
| 204|0x00000000ecc00000, 0x00000000ecd00000, 0x00000000ecd00000|100%| E|CS|TAMS 0x00000000ecc00000, 0x00000000ecc00000| Complete 
| 205|0x00000000ecd00000, 0x00000000ece00000, 0x00000000ece00000|100%| E|CS|TAMS 0x00000000ecd00000, 0x00000000ecd00000| Complete 
| 206|0x00000000ece00000, 0x00000000ecf00000, 0x00000000ecf00000|100%| E|CS|TAMS 0x00000000ece00000, 0x00000000ece00000| Complete 
| 207|0x00000000ecf00000, 0x00000000ed000000, 0x00000000ed000000|100%| E|CS|TAMS 0x00000000ecf00000, 0x00000000ecf00000| Complete 
| 208|0x00000000ed000000, 0x00000000ed100000, 0x00000000ed100000|100%| E|CS|TAMS 0x00000000ed000000, 0x00000000ed000000| Complete 
| 209|0x00000000ed100000, 0x00000000ed200000, 0x00000000ed200000|100%| E|CS|TAMS 0x00000000ed100000, 0x00000000ed100000| Complete 
| 210|0x00000000ed200000, 0x00000000ed300000, 0x00000000ed300000|100%| E|CS|TAMS 0x00000000ed200000, 0x00000000ed200000| Complete 
| 211|0x00000000ed300000, 0x00000000ed400000, 0x00000000ed400000|100%| E|CS|TAMS 0x00000000ed300000, 0x00000000ed300000| Complete 
| 212|0x00000000ed400000, 0x00000000ed500000, 0x00000000ed500000|100%| E|CS|TAMS 0x00000000ed400000, 0x00000000ed400000| Complete 
| 213|0x00000000ed500000, 0x00000000ed600000, 0x00000000ed600000|100%| E|CS|TAMS 0x00000000ed500000, 0x00000000ed500000| Complete 
| 214|0x00000000ed600000, 0x00000000ed700000, 0x00000000ed700000|100%| E|CS|TAMS 0x00000000ed600000, 0x00000000ed600000| Complete 
| 215|0x00000000ed700000, 0x00000000ed800000, 0x00000000ed800000|100%| E|CS|TAMS 0x00000000ed700000, 0x00000000ed700000| Complete 
| 216|0x00000000ed800000, 0x00000000ed900000, 0x00000000ed900000|100%| E|CS|TAMS 0x00000000ed800000, 0x00000000ed800000| Complete 
| 217|0x00000000ed900000, 0x00000000eda00000, 0x00000000eda00000|100%| E|CS|TAMS 0x00000000ed900000, 0x00000000ed900000| Complete 
| 218|0x00000000eda00000, 0x00000000edb00000, 0x00000000edb00000|100%| E|CS|TAMS 0x00000000eda00000, 0x00000000eda00000| Complete 
| 219|0x00000000edb00000, 0x00000000edc00000, 0x00000000edc00000|100%| E|CS|TAMS 0x00000000edb00000, 0x00000000edb00000| Complete 
| 220|0x00000000edc00000, 0x00000000edd00000, 0x00000000edd00000|100%| E|CS|TAMS 0x00000000edc00000, 0x00000000edc00000| Complete 
| 221|0x00000000edd00000, 0x00000000ede00000, 0x00000000ede00000|100%| E|CS|TAMS 0x00000000edd00000, 0x00000000edd00000| Complete 
| 222|0x00000000ede00000, 0x00000000edf00000, 0x00000000edf00000|100%| E|CS|TAMS 0x00000000ede00000, 0x00000000ede00000| Complete 
| 223|0x00000000edf00000, 0x00000000ee000000, 0x00000000ee000000|100%| E|CS|TAMS 0x00000000edf00000, 0x00000000edf00000| Complete 
| 224|0x00000000ee000000, 0x00000000ee100000, 0x00000000ee100000|100%| E|CS|TAMS 0x00000000ee000000, 0x00000000ee000000| Complete 
| 225|0x00000000ee100000, 0x00000000ee200000, 0x00000000ee200000|100%| E|CS|TAMS 0x00000000ee100000, 0x00000000ee100000| Complete 
| 226|0x00000000ee200000, 0x00000000ee300000, 0x00000000ee300000|100%| E|CS|TAMS 0x00000000ee200000, 0x00000000ee200000| Complete 
| 227|0x00000000ee300000, 0x00000000ee400000, 0x00000000ee400000|100%| E|CS|TAMS 0x00000000ee300000, 0x00000000ee300000| Complete 
| 228|0x00000000ee400000, 0x00000000ee500000, 0x00000000ee500000|100%| E|CS|TAMS 0x00000000ee400000, 0x00000000ee400000| Complete 
| 229|0x00000000ee500000, 0x00000000ee600000, 0x00000000ee600000|100%| E|CS|TAMS 0x00000000ee500000, 0x00000000ee500000| Complete 
| 230|0x00000000ee600000, 0x00000000ee700000, 0x00000000ee700000|100%| E|CS|TAMS 0x00000000ee600000, 0x00000000ee600000| Complete 
| 231|0x00000000ee700000, 0x00000000ee800000, 0x00000000ee800000|100%| E|CS|TAMS 0x00000000ee700000, 0x00000000ee700000| Complete 
| 232|0x00000000ee800000, 0x00000000ee900000, 0x00000000ee900000|100%| E|CS|TAMS 0x00000000ee800000, 0x00000000ee800000| Complete 
| 233|0x00000000ee900000, 0x00000000eea00000, 0x00000000eea00000|100%| S|CS|TAMS 0x00000000ee900000, 0x00000000ee900000| Complete 
| 234|0x00000000eea00000, 0x00000000eeb00000, 0x00000000eeb00000|100%| S|CS|TAMS 0x00000000eea00000, 0x00000000eea00000| Complete 
| 235|0x00000000eeb00000, 0x00000000eec00000, 0x00000000eec00000|100%| S|CS|TAMS 0x00000000eeb00000, 0x00000000eeb00000| Complete 
| 236|0x00000000eec00000, 0x00000000eed00000, 0x00000000eed00000|100%| E|CS|TAMS 0x00000000eec00000, 0x00000000eec00000| Complete 
| 237|0x00000000eed00000, 0x00000000eee00000, 0x00000000eee00000|100%| E|CS|TAMS 0x00000000eed00000, 0x00000000eed00000| Complete 
| 238|0x00000000eee00000, 0x00000000eef00000, 0x00000000eef00000|100%| E|CS|TAMS 0x00000000eee00000, 0x00000000eee00000| Complete 
| 239|0x00000000eef00000, 0x00000000ef000000, 0x00000000ef000000|100%| E|CS|TAMS 0x00000000eef00000, 0x00000000eef00000| Complete 
| 240|0x00000000ef000000, 0x00000000ef100000, 0x00000000ef100000|100%| E|CS|TAMS 0x00000000ef000000, 0x00000000ef000000| Complete 
| 241|0x00000000ef100000, 0x00000000ef200000, 0x00000000ef200000|100%| E|CS|TAMS 0x00000000ef100000, 0x00000000ef100000| Complete 
| 242|0x00000000ef200000, 0x00000000ef300000, 0x00000000ef300000|100%| E|CS|TAMS 0x00000000ef200000, 0x00000000ef200000| Complete 
| 243|0x00000000ef300000, 0x00000000ef400000, 0x00000000ef400000|100%| E|CS|TAMS 0x00000000ef300000, 0x00000000ef300000| Complete 
| 244|0x00000000ef400000, 0x00000000ef500000, 0x00000000ef500000|100%| E|CS|TAMS 0x00000000ef400000, 0x00000000ef400000| Complete 
| 245|0x00000000ef500000, 0x00000000ef600000, 0x00000000ef600000|100%| E|CS|TAMS 0x00000000ef500000, 0x00000000ef500000| Complete 
| 246|0x00000000ef600000, 0x00000000ef700000, 0x00000000ef700000|100%| E|CS|TAMS 0x00000000ef600000, 0x00000000ef600000| Complete 
| 247|0x00000000ef700000, 0x00000000ef800000, 0x00000000ef800000|100%| E|CS|TAMS 0x00000000ef700000, 0x00000000ef700000| Complete 
| 248|0x00000000ef800000, 0x00000000ef900000, 0x00000000ef900000|100%| E|CS|TAMS 0x00000000ef800000, 0x00000000ef800000| Complete 
| 249|0x00000000ef900000, 0x00000000efa00000, 0x00000000efa00000|100%| E|CS|TAMS 0x00000000ef900000, 0x00000000ef900000| Complete 
| 250|0x00000000efa00000, 0x00000000efb00000, 0x00000000efb00000|100%| E|CS|TAMS 0x00000000efa00000, 0x00000000efa00000| Complete 
| 251|0x00000000efb00000, 0x00000000efc00000, 0x00000000efc00000|100%| E|CS|TAMS 0x00000000efb00000, 0x00000000efb00000| Complete 
| 252|0x00000000efc00000, 0x00000000efd00000, 0x00000000efd00000|100%| E|CS|TAMS 0x00000000efc00000, 0x00000000efc00000| Complete 
| 253|0x00000000efd00000, 0x00000000efe00000, 0x00000000efe00000|100%| E|CS|TAMS 0x00000000efd00000, 0x00000000efd00000| Complete 
| 254|0x00000000efe00000, 0x00000000eff00000, 0x00000000eff00000|100%| E|CS|TAMS 0x00000000efe00000, 0x00000000efe00000| Complete 
| 255|0x00000000eff00000, 0x00000000f0000000, 0x00000000f0000000|100%| E|CS|TAMS 0x00000000eff00000, 0x00000000eff00000| Complete 

Card table byte_map: [0x000002b6335b0000,0x000002b6336b0000] _byte_map_base: 0x000002b632eb0000

Marking Bits (Prev, Next): (CMBitMap*) 0x000002b61ca8ddd0, (CMBitMap*) 0x000002b61ca8de10
 Prev Bits: [0x000002b6337b0000, 0x000002b633fb0000)
 Next Bits: [0x000002b633fb0000, 0x000002b6347b0000)

Polling page: 0x000002b61a6b0000

Metaspace:

Usage:
  Non-class:     12.08 MB used.
      Class:      1.93 MB used.
       Both:     14.02 MB used.

Virtual space:
  Non-class space:       64.00 MB reserved,      12.25 MB ( 19%) committed,  1 nodes.
      Class space:      320.00 MB reserved,       2.06 MB ( <1%) committed,  1 nodes.
             Both:      384.00 MB reserved,      14.31 MB (  4%) committed. 

Chunk freelists:
   Non-Class:  3.17 MB
       Class:  13.91 MB
        Both:  17.08 MB

MaxMetaspaceSize: 384.00 MB
CompressedClassSpaceSize: 320.00 MB
Initial GC threshold: 21.00 MB
Current GC threshold: 21.00 MB
CDS: on
MetaspaceReclaimPolicy: balanced
 - commit_granule_bytes: 65536.
 - commit_granule_words: 8192.
 - virtual_space_node_default_size: 8388608.
 - enlarge_chunks_in_place: 1.
 - new_chunks_are_fully_committed: 0.
 - uncommit_free_chunks: 1.
 - use_allocation_guard: 0.
 - handle_deallocations: 1.


Internal statistics:

num_allocs_failed_limit: 0.
num_arena_births: 172.
num_arena_deaths: 0.
num_vsnodes_births: 2.
num_vsnodes_deaths: 0.
num_space_committed: 229.
num_space_uncommitted: 0.
num_chunks_returned_to_freelist: 0.
num_chunks_taken_from_freelist: 620.
num_chunk_merges: 0.
num_chunk_splits: 405.
num_chunks_enlarged: 309.
num_inconsistent_stats: 0.

CodeHeap 'non-profiled nmethods': size=120000Kb used=1166Kb max_used=1166Kb free=118833Kb
 bounds [0x000002b62c080000, 0x000002b62c2f0000, 0x000002b6335b0000]
CodeHeap 'profiled nmethods': size=120000Kb used=4895Kb max_used=4895Kb free=115104Kb
 bounds [0x000002b6245b0000, 0x000002b624a80000, 0x000002b62bae0000]
CodeHeap 'non-nmethods': size=5760Kb used=1235Kb max_used=1248Kb free=4524Kb
 bounds [0x000002b62bae0000, 0x000002b62bd50000, 0x000002b62c080000]
 total_blobs=2927 nmethods=2399 adapters=440
 compilation: enabled
              stopped_count=0, restarted_count=0
 full_count=0

Compilation events (20 events):
Event: 18.928 Thread 0x000002b636d90b60 nmethod 2384 0x000002b62c1a2510 code [0x000002b62c1a2680, 0x000002b62c1a28f8]
Event: 18.991 Thread 0x000002b636d91930 2385       3       java.util.HashMap::prepareArray (38 bytes)
Event: 18.991 Thread 0x000002b636d91930 nmethod 2385 0x000002b624a6e010 code [0x000002b624a6e200, 0x000002b624a6e7f8]
Event: 18.997 Thread 0x000002b636d91930 2386   !   3       sun.reflect.annotation.AnnotationParser::parseClassValue (56 bytes)
Event: 18.997 Thread 0x000002b636d91930 nmethod 2386 0x000002b624a6e990 code [0x000002b624a6ebc0, 0x000002b624a6f168]
Event: 19.000 Thread 0x000002b636d90b60 2387       4       jdk.internal.org.objectweb.asm.Frame::execute (2305 bytes)
Event: 19.005 Thread 0x000002b636d91930 2389       3       sun.reflect.generics.scope.AbstractScope::<init> (10 bytes)
Event: 19.006 Thread 0x000002b636d91930 nmethod 2389 0x000002b624a6f410 code [0x000002b624a6f5a0, 0x000002b624a6f758]
Event: 19.006 Thread 0x000002b636d91930 2390       1       org.gradle.internal.service.DefaultServiceRegistry::access$2400 (5 bytes)
Event: 19.006 Thread 0x000002b636d91930 nmethod 2390 0x000002b62c1a2f10 code [0x000002b62c1a30a0, 0x000002b62c1a3158]
Event: 19.019 Thread 0x000002b636d91930 2391       3       org.gradle.internal.service.DefaultServiceRegistry$OwnServices::getProviders (26 bytes)
Event: 19.020 Thread 0x000002b636d91930 nmethod 2391 0x000002b624a6f810 code [0x000002b624a6f9c0, 0x000002b624a6fd48]
Event: 19.020 Thread 0x000002b636d91930 2392       3       org.gradle.internal.service.DefaultServiceRegistry$OwnServices::getService (317 bytes)
Event: 19.023 Thread 0x000002b636d91930 nmethod 2392 0x000002b624a6fe90 code [0x000002b624a703c0, 0x000002b624a73248]
Event: 19.023 Thread 0x000002b636d91930 2393       3       org.gradle.internal.service.DefaultServiceRegistry$CompositeServiceProvider::getService (52 bytes)
Event: 19.024 Thread 0x000002b636d91930 nmethod 2393 0x000002b624a74010 code [0x000002b624a741c0, 0x000002b624a744e8]
Event: 19.024 Thread 0x000002b636d91930 2394       3       java.lang.invoke.VarHandleGuards::guard_LLL_Z (86 bytes)
Event: 19.028 Thread 0x000002b636d91930 nmethod 2394 0x000002b624a74690 code [0x000002b624a749e0, 0x000002b624a76828]
Event: 19.028 Thread 0x000002b636d91930 2396       3       java.lang.reflect.Constructor::setConstructorAccessor (21 bytes)
Event: 19.029 Thread 0x000002b636d91930 nmethod 2396 0x000002b624a77090 code [0x000002b624a77240, 0x000002b624a77528]

GC Heap History (4 events):
Event: 4.772 GC heap before
{Heap before GC invocations=0 (full 0):
 garbage-first heap   total 262144K, used 13312K [0x00000000e0000000, 0x0000000100000000)
  region size 1024K, 13 young (13312K), 0 survivors (0K)
 Metaspace       used 782K, committed 896K, reserved 393216K
  class space    used 62K, committed 128K, reserved 327680K
}
Event: 4.838 GC heap after
{Heap after GC invocations=1 (full 0):
 garbage-first heap   total 262144K, used 1252K [0x00000000e0000000, 0x0000000100000000)
  region size 1024K, 2 young (2048K), 2 survivors (2048K)
 Metaspace       used 782K, committed 896K, reserved 393216K
  class space    used 62K, committed 128K, reserved 327680K
}
Event: 7.341 GC heap before
{Heap before GC invocations=1 (full 0):
 garbage-first heap   total 262144K, used 22756K [0x00000000e0000000, 0x0000000100000000)
  region size 1024K, 20 young (20480K), 2 survivors (2048K)
 Metaspace       used 1631K, committed 1792K, reserved 393216K
  class space    used 141K, committed 192K, reserved 327680K
}
Event: 7.389 GC heap after
{Heap after GC invocations=2 (full 0):
 garbage-first heap   total 262144K, used 9636K [0x00000000e0000000, 0x0000000100000000)
  region size 1024K, 3 young (3072K), 3 survivors (3072K)
 Metaspace       used 1631K, committed 1792K, reserved 393216K
  class space    used 141K, committed 192K, reserved 327680K
}

Dll operation events (15 events):
Event: 0.761 Loaded shared library C:\Users\User\.jdks\ms-17.0.15\bin\java.dll
Event: 1.080 Loaded shared library C:\Users\User\.jdks\ms-17.0.15\bin\jsvml.dll
Event: 2.293 Loaded shared library C:\Users\User\.jdks\ms-17.0.15\bin\zip.dll
Event: 2.404 Loaded shared library C:\Users\User\.jdks\ms-17.0.15\bin\instrument.dll
Event: 2.480 Loaded shared library C:\Users\User\.jdks\ms-17.0.15\bin\net.dll
Event: 2.524 Loaded shared library C:\Users\User\.jdks\ms-17.0.15\bin\nio.dll
Event: 2.537 Loaded shared library C:\Users\User\.jdks\ms-17.0.15\bin\zip.dll
Event: 5.208 Loaded shared library C:\Users\User\.jdks\ms-17.0.15\bin\jimage.dll
Event: 7.087 Loaded shared library C:\Users\User\.jdks\ms-17.0.15\bin\verify.dll
Event: 7.698 Loaded shared library C:\Users\User\.gradle\native\1def1411415f61bf3af743bc5b6707747c0891f09f0c88961ee8f79bc544acac\windows-amd64\native-platform.dll
Event: 7.787 Loaded shared library C:\Users\User\.gradle\native\0.2.7\x86_64-windows-gnu\gradle-fileevents.dll
Event: 13.531 Loaded shared library C:\Users\User\.jdks\ms-17.0.15\bin\management.dll
Event: 13.573 Loaded shared library C:\Users\User\.jdks\ms-17.0.15\bin\management_ext.dll
Event: 14.702 Loaded shared library C:\Users\User\.jdks\ms-17.0.15\bin\extnet.dll
Event: 16.813 Loaded shared library C:\Users\User\.jdks\ms-17.0.15\bin\sunmscapi.dll

Deoptimization events (20 events):
Event: 18.230 Thread 0x000002b6517c89d0 Uncommon trap: trap_request=0xffffff45 fr.pc=0x000002b62c168d98 relative=0x0000000000000b78
Event: 18.231 Thread 0x000002b6517c89d0 Uncommon trap: reason=unstable_if action=reinterpret pc=0x000002b62c168d98 method=java.util.HashMap.getNode(Ljava/lang/Object;)Ljava/util/HashMap$Node; @ 66 c2
Event: 18.231 Thread 0x000002b6517c89d0 DEOPT PACKING pc=0x000002b62c168d98 sp=0x000000deeaefbe70
Event: 18.231 Thread 0x000002b6517c89d0 DEOPT UNPACKING pc=0x000002b62bb3a1a3 sp=0x000000deeaefbe10 mode 2
Event: 18.231 Thread 0x000002b6517c89d0 Uncommon trap: trap_request=0xffffffc6 fr.pc=0x000002b62c183e94 relative=0x00000000000012d4
Event: 18.231 Thread 0x000002b6517c89d0 Uncommon trap: reason=bimorphic_or_optimized_type_check action=maybe_recompile pc=0x000002b62c183e94 method=java.util.HashMap.putVal(ILjava/lang/Object;Ljava/lang/Object;ZZ)Ljava/lang/Object; @ 91 c2
Event: 18.231 Thread 0x000002b6517c89d0 DEOPT PACKING pc=0x000002b62c183e94 sp=0x000000deeaefbe10
Event: 18.232 Thread 0x000002b6517c89d0 DEOPT UNPACKING pc=0x000002b62bb3a1a3 sp=0x000000deeaefbdd0 mode 2
Event: 18.232 Thread 0x000002b6517c89d0 Uncommon trap: trap_request=0xffffffc6 fr.pc=0x000002b62c183e94 relative=0x00000000000012d4
Event: 18.232 Thread 0x000002b6517c89d0 Uncommon trap: reason=bimorphic_or_optimized_type_check action=maybe_recompile pc=0x000002b62c183e94 method=java.util.HashMap.putVal(ILjava/lang/Object;Ljava/lang/Object;ZZ)Ljava/lang/Object; @ 91 c2
Event: 18.232 Thread 0x000002b6517c89d0 DEOPT PACKING pc=0x000002b62c183e94 sp=0x000000deeaefbe10
Event: 18.232 Thread 0x000002b6517c89d0 DEOPT UNPACKING pc=0x000002b62bb3a1a3 sp=0x000000deeaefbdd0 mode 2
Event: 18.269 Thread 0x000002b6517c89d0 Uncommon trap: trap_request=0xffffff45 fr.pc=0x000002b62c123578 relative=0x0000000000000258
Event: 18.269 Thread 0x000002b6517c89d0 Uncommon trap: reason=unstable_if action=reinterpret pc=0x000002b62c123578 method=java.util.concurrent.ConcurrentHashMap.get(Ljava/lang/Object;)Ljava/lang/Object; @ 76 c2
Event: 18.270 Thread 0x000002b6517c89d0 DEOPT PACKING pc=0x000002b62c123578 sp=0x000000deeaefb3d0
Event: 18.270 Thread 0x000002b6517c89d0 DEOPT UNPACKING pc=0x000002b62bb3a1a3 sp=0x000000deeaefb348 mode 2
Event: 18.928 Thread 0x000002b6517c89d0 Uncommon trap: trap_request=0xffffff45 fr.pc=0x000002b62c143db8 relative=0x0000000000000198
Event: 18.930 Thread 0x000002b6517c89d0 Uncommon trap: reason=unstable_if action=reinterpret pc=0x000002b62c143db8 method=java.util.WeakHashMap.expungeStaleEntries()V @ 9 c2
Event: 18.930 Thread 0x000002b6517c89d0 DEOPT PACKING pc=0x000002b62c143db8 sp=0x000000deeaefba50
Event: 18.930 Thread 0x000002b6517c89d0 DEOPT UNPACKING pc=0x000002b62bb3a1a3 sp=0x000000deeaefb9e8 mode 2

Classes loaded (20 events):
Event: 18.375 Loading class java/lang/invoke/MethodHandle$1
Event: 18.377 Loading class java/lang/invoke/MethodHandle$1 done
Event: 18.412 Loading class java/util/ConcurrentModificationException
Event: 18.412 Loading class java/util/ConcurrentModificationException done
Event: 18.452 Loading class sun/reflect/generics/scope/ConstructorScope
Event: 18.453 Loading class sun/reflect/generics/scope/ConstructorScope done
Event: 18.959 Loading class java/nio/file/attribute/PosixFilePermission
Event: 18.968 Loading class java/nio/file/attribute/PosixFilePermission done
Event: 18.972 Loading class java/nio/file/NoSuchFileException
Event: 18.978 Loading class java/nio/file/FileSystemException
Event: 18.982 Loading class java/nio/file/FileSystemException done
Event: 18.982 Loading class java/nio/file/NoSuchFileException done
Event: 18.985 Loading class java/nio/file/attribute/PosixFilePermissions
Event: 18.987 Loading class java/nio/file/attribute/PosixFilePermissions done
Event: 18.987 Loading class java/util/RegularEnumSet$EnumSetIterator
Event: 18.990 Loading class java/util/RegularEnumSet$EnumSetIterator done
Event: 18.990 Loading class java/nio/file/attribute/PosixFilePermissions$1
Event: 18.990 Loading class java/nio/file/attribute/PosixFilePermissions$1 done
Event: 19.006 Loading class sun/invoke/util/VerifyAccess$1
Event: 19.010 Loading class sun/invoke/util/VerifyAccess$1 done

Classes unloaded (0 events):
No events

Classes redefined (0 events):
No events

Internal exceptions (20 events):
Event: 7.985 Thread 0x000002b61ca5f850 Exception <a 'java/lang/NoSuchMethodError'{0x00000000efc57bb0}: 'java.lang.Object java.lang.invoke.DirectMethodHandle$Holder.invokeVirtual(java.lang.Object, java.lang.Object, java.lang.Object)'> (0x00000000efc57bb0) 
thrown [s\src\hotspot\share\interpreter\linkResolver.cpp, line 759]
Event: 8.065 Thread 0x000002b61ca5f850 Exception <a 'java/lang/NoSuchMethodError'{0x00000000efb67bb0}: 'int java.lang.invoke.DirectMethodHandle$Holder.invokeStatic(java.lang.Object)'> (0x00000000efb67bb0) 
thrown [s\src\hotspot\share\interpreter\linkResolver.cpp, line 759]
Event: 8.065 Thread 0x000002b61ca5f850 Exception <a 'java/lang/NoSuchMethodError'{0x00000000efb6b060}: 'int java.lang.invoke.DirectMethodHandle$Holder.invokeStaticInit(java.lang.Object)'> (0x00000000efb6b060) 
thrown [s\src\hotspot\share\interpreter\linkResolver.cpp, line 759]
Event: 13.507 Thread 0x000002b61ca5f850 Exception <a 'java/lang/NoSuchMethodError'{0x00000000eacaad38}: 'java.lang.Object java.lang.invoke.DirectMethodHandle$Holder.invokeStaticInit(java.lang.Object)'> (0x00000000eacaad38) 
thrown [s\src\hotspot\share\interpreter\linkResolver.cpp, line 759]
Event: 13.706 Thread 0x000002b61ca5f850 Exception <a 'java/lang/NoSuchMethodError'{0x00000000eab33d90}: 'java.lang.Object java.lang.invoke.DirectMethodHandle$Holder.invokeInterface(java.lang.Object, java.lang.Object)'> (0x00000000eab33d90) 
thrown [s\src\hotspot\share\interpreter\linkResolver.cpp, line 759]
Event: 14.719 Thread 0x000002b61ca5f850 Exception <a 'java/lang/NoSuchMethodError'{0x00000000ea716010}: 'void java.lang.invoke.DirectMethodHandle$Holder.invokeStatic(java.lang.Object, java.lang.Object, java.lang.Object)'> (0x00000000ea716010) 
thrown [s\src\hotspot\share\interpreter\linkResolver.cpp, line 759]
Event: 14.949 Thread 0x000002b61ca5f850 Exception <a 'java/lang/NoSuchMethodError'{0x00000000ea5a3f00}: 'java.lang.Object java.lang.invoke.DirectMethodHandle$Holder.invokeStaticInit(java.lang.Object, int, int, int, int)'> (0x00000000ea5a3f00) 
thrown [s\src\hotspot\share\interpreter\linkResolver.cpp, line 759]
Event: 15.385 Thread 0x000002b61ca5f850 Exception <a 'java/lang/NoSuchMethodError'{0x00000000ea434810}: 'java.lang.Object java.lang.invoke.DirectMethodHandle$Holder.invokeStaticInit(java.lang.Object, java.lang.Object, int, int, int, int)'> (0x00000000ea434810) 
thrown [s\src\hotspot\share\interpreter\linkResolver.cpp, line 759]
Event: 15.951 Thread 0x000002b61ca5f850 Exception <a 'java/io/IOException'{0x00000000ea150e78}> (0x00000000ea150e78) 
thrown [s\src\hotspot\share\prims\jni.cpp, line 516]
Event: 15.962 Thread 0x000002b61ca5f850 Implicit null exception at 0x000002b62c0da172 to 0x000002b62c0da7b0
Event: 15.975 Thread 0x000002b61ca5f850 Exception <a 'java/lang/NoSuchMethodError'{0x00000000ea1b8520}: 'java.lang.Object java.lang.invoke.DirectMethodHandle$Holder.newInvokeSpecial(java.lang.Object, java.lang.Object, java.lang.Object, java.lang.Object, java.lang.Object)'> (0x00000000ea1b8520) 
thrown [s\src\hotspot\share\interpreter\linkResolver.cpp, line 759]
Event: 17.417 Thread 0x000002b6517c7aa0 Exception <a 'java/lang/NoSuchMethodError'{0x00000000e9e792b8}: 'void java.lang.invoke.DirectMethodHandle$Holder.invokeSpecial(java.lang.Object, java.lang.Object, java.lang.Object)'> (0x00000000e9e792b8) 
thrown [s\src\hotspot\share\interpreter\linkResolver.cpp, line 759]
Event: 17.790 Thread 0x000002b6517c89d0 Exception <a 'java/lang/NoSuchMethodError'{0x00000000e97aaed0}: 'long java.lang.invoke.DirectMethodHandle$Holder.invokeInterface(java.lang.Object, java.lang.Object)'> (0x00000000e97aaed0) 
thrown [s\src\hotspot\share\interpreter\linkResolver.cpp, line 759]
Event: 18.099 Thread 0x000002b6517c89d0 Exception <a 'java/lang/NoSuchMethodError'{0x00000000e9212598}: 'void java.lang.invoke.DirectMethodHandle$Holder.invokeStatic(java.lang.Object, java.lang.Object)'> (0x00000000e9212598) 
thrown [s\src\hotspot\share\interpreter\linkResolver.cpp, line 759]
Event: 18.282 Thread 0x000002b6517c89d0 Exception <a 'java/lang/NoSuchMethodError'{0x00000000e9050ae8}: 'int java.lang.invoke.DirectMethodHandle$Holder.invokeVirtual(java.lang.Object, java.lang.Object, java.lang.Object)'> (0x00000000e9050ae8) 
thrown [s\src\hotspot\share\interpreter\linkResolver.cpp, line 759]
Event: 18.386 Thread 0x000002b6517c89d0 Exception <a 'java/lang/NoSuchMethodError'{0x00000000e8d00f40}: 'java.lang.Object java.lang.invoke.DirectMethodHandle$Holder.newInvokeSpecial(java.lang.Object, java.lang.Object, java.lang.Object, java.lang.Object, java.lang.Object, java.lang.Object)'> (0x00000000e8d00f40) 
thrown [s\src\hotspot\share\interpreter\linkResolver.cpp, line 759]
Event: 18.594 Thread 0x000002b6517c89d0 Exception <a 'java/lang/NoSuchMethodError'{0x00000000e8a08b40}: 'void java.lang.invoke.DelegatingMethodHandle$Holder.reinvoke_L(java.lang.Object, java.lang.Object, java.lang.Object, java.lang.Object, java.lang.Object, java.lang.Object, java.lang.Object, java.lang.Object, java.lang.Object, java.lang.Object)'> (0x00000000e8a08b40) 
thrown [s\src\hotspot\share\interpreter\linkResolver.cpp, line 759]
Event: 18.596 Thread 0x000002b6517c89d0 Exception <a 'java/lang/NoSuchMethodError'{0x00000000e8a10fb0}: 'java.lang.Object java.lang.invoke.DirectMethodHandle$Holder.invokeSpecial(java.lang.Object, java.lang.Object, java.lang.Object, java.lang.Object, java.lang.Object, java.lang.Object, java.lang.Object, java.lang.Object, java.lang.Object, java.lang.Object)'> (0x00000000e8a10fb0) 
thrown [s\src\hotspot\share\interpreter\linkResolver.cpp, line 759]
Event: 18.596 Thread 0x000002b6517c89d0 Exception <a 'java/lang/NoSuchMethodError'{0x00000000e8a15880}: 'java.lang.Object java.lang.invoke.Invokers$Holder.invoker(java.lang.Object, java.lang.Object, java.lang.Object, java.lang.Object, java.lang.Object, java.lang.Object, java.lang.Object, java.lang.Object, java.lang.Object, java.lang.Object)'> (0x00000000e8a15880) 
thrown [s\src\hotspot\share\interpreter\linkResolver.cpp, line 759]
Event: 18.596 Thread 0x000002b6517c89d0 Exception <a 'java/lang/NoSuchMethodError'{0x00000000e8a1b408}: 'java.lang.Object java.lang.invoke.DirectMethodHandle$Holder.invokeSpecial(java.lang.Object, java.lang.Object, java.lang.Object, java.lang.Object, java.lang.Object, java.lang.Object, java.lang.Object, java.lang.Object, java.lang.Object, java.lang.Object, java.lang.Object)'> (0x00000000e8a1b408) 
thrown [s\src\hotspot\share\interpreter\linkResolver.cpp, line 759]

VM Operations (20 events):
Event: 13.998 Executing VM operation: Cleanup
Event: 13.998 Executing VM operation: Cleanup done
Event: 14.680 Executing VM operation: HandshakeAllThreads
Event: 14.687 Executing VM operation: HandshakeAllThreads done
Event: 14.899 Executing VM operation: HandshakeAllThreads
Event: 14.899 Executing VM operation: HandshakeAllThreads done
Event: 15.057 Executing VM operation: HandshakeAllThreads
Event: 15.057 Executing VM operation: HandshakeAllThreads done
Event: 15.057 Executing VM operation: Cleanup
Event: 15.057 Executing VM operation: Cleanup done
Event: 15.187 Executing VM operation: HandshakeAllThreads
Event: 15.187 Executing VM operation: HandshakeAllThreads done
Event: 16.192 Executing VM operation: Cleanup
Event: 16.193 Executing VM operation: Cleanup done
Event: 16.737 Executing VM operation: HandshakeAllThreads
Event: 16.737 Executing VM operation: HandshakeAllThreads done
Event: 17.742 Executing VM operation: Cleanup
Event: 17.743 Executing VM operation: Cleanup done
Event: 18.756 Executing VM operation: Cleanup
Event: 18.757 Executing VM operation: Cleanup done

Memory protections (0 events):
No events

Nmethod flushes (0 events):
No events

Events (20 events):
Event: 1.224 Thread 0x000002b61ca5f850 Thread added: 0x000002b636d76050
Event: 1.975 Thread 0x000002b61ca5f850 Thread added: 0x000002b636d8c3e0
Event: 1.978 Thread 0x000002b61ca5f850 Thread added: 0x000002b636d8edc0
Event: 1.978 Thread 0x000002b61ca5f850 Thread added: 0x000002b636d8f690
Event: 1.978 Thread 0x000002b61ca5f850 Thread added: 0x000002b636d8ff60
Event: 1.987 Thread 0x000002b61ca5f850 Thread added: 0x000002b636d90b60
Event: 1.987 Thread 0x000002b61ca5f850 Thread added: 0x000002b636d91930
Event: 1.990 Thread 0x000002b61ca5f850 Thread added: 0x000002b636d94650
Event: 2.120 Thread 0x000002b61ca5f850 Thread added: 0x000002b6500d71d0
Event: 2.683 Thread 0x000002b61ca5f850 Thread added: 0x000002b65018e2a0
Event: 13.850 Thread 0x000002b61ca5f850 Thread added: 0x000002b650d0b110
Event: 15.616 Thread 0x000002b61ca5f850 Thread added: 0x000002b65150d200
Event: 15.981 Thread 0x000002b61ca5f850 Thread added: 0x000002b650b507c0
Event: 16.938 Thread 0x000002b65150d200 Thread added: 0x000002b6517c7aa0
Event: 16.967 Thread 0x000002b6517c7aa0 Thread added: 0x000002b6517c7fb0
Event: 17.347 Thread 0x000002b6517c7aa0 Thread added: 0x000002b6517c84c0
Event: 17.423 Thread 0x000002b6517c7aa0 Thread added: 0x000002b6517c89d0
Event: 17.482 Thread 0x000002b6517c89d0 Thread added: 0x000002b6517c9e10
Event: 17.501 Thread 0x000002b6517c89d0 Thread added: 0x000002b6517c8ee0
Event: 17.510 Thread 0x000002b6517c89d0 Thread added: 0x000002b6517c93f0


Dynamic libraries:
0x00007ff7f07b0000 - 0x00007ff7f07be000 	C:\Users\User\.jdks\ms-17.0.15\bin\java.exe
0x00007ffe83a10000 - 0x00007ffe83c08000 	C:\Windows\SYSTEM32\ntdll.dll
0x00007ffe83680000 - 0x00007ffe83742000 	C:\Windows\System32\KERNEL32.DLL
0x00007ffe81460000 - 0x00007ffe81756000 	C:\Windows\System32\KERNELBASE.dll
0x00007ffe7a170000 - 0x00007ffe7a18d000 	C:\Users\User\.jdks\ms-17.0.15\bin\VCRUNTIME140.dll
0x00007ffe817e0000 - 0x00007ffe818e0000 	C:\Windows\System32\ucrtbase.dll
0x00007ffe7a7d0000 - 0x00007ffe7a7e7000 	C:\Users\User\.jdks\ms-17.0.15\bin\jli.dll
0x00007ffe837b0000 - 0x00007ffe83951000 	C:\Windows\System32\USER32.dll
0x00007ffe64560000 - 0x00007ffe647fb000 	C:\Windows\WinSxS\amd64_microsoft.windows.common-controls_6595b64144ccf1df_6.0.19041.6456_none_60b8a6cb71f64256\COMCTL32.dll
0x00007ffe81a00000 - 0x00007ffe81a22000 	C:\Windows\System32\win32u.dll
0x00007ffe82210000 - 0x00007ffe8223b000 	C:\Windows\System32\GDI32.dll
0x00007ffe82c70000 - 0x00007ffe82d0e000 	C:\Windows\System32\msvcrt.dll
0x00007ffe818e0000 - 0x00007ffe819f9000 	C:\Windows\System32\gdi32full.dll
0x00007ffe812c0000 - 0x00007ffe8135d000 	C:\Windows\System32\msvcp_win.dll
0x00007ffe82680000 - 0x00007ffe826af000 	C:\Windows\System32\IMM32.DLL
0x00007ffe7b350000 - 0x00007ffe7b35c000 	C:\Users\User\.jdks\ms-17.0.15\bin\vcruntime140_1.dll
0x00007ffe3e840000 - 0x00007ffe3e8cd000 	C:\Users\User\.jdks\ms-17.0.15\bin\msvcp140.dll
0x00007ffe34cd0000 - 0x00007ffe35942000 	C:\Users\User\.jdks\ms-17.0.15\bin\server\jvm.dll
0x00007ffe82e20000 - 0x00007ffe82ed1000 	C:\Windows\System32\ADVAPI32.dll
0x00007ffe82320000 - 0x00007ffe823bf000 	C:\Windows\System32\sechost.dll
0x00007ffe82b40000 - 0x00007ffe82c60000 	C:\Windows\System32\RPCRT4.dll
0x00007ffe810a0000 - 0x00007ffe810c7000 	C:\Windows\System32\bcrypt.dll
0x00007ffe83960000 - 0x00007ffe839cb000 	C:\Windows\System32\WS2_32.dll
0x00007ffe80a20000 - 0x00007ffe80a6b000 	C:\Windows\SYSTEM32\POWRPROF.dll
0x00007ffe66d20000 - 0x00007ffe66d47000 	C:\Windows\SYSTEM32\WINMM.dll
0x00007ffe77be0000 - 0x00007ffe77bea000 	C:\Windows\SYSTEM32\VERSION.dll
0x00007ffe80a00000 - 0x00007ffe80a12000 	C:\Windows\SYSTEM32\UMPDC.dll
0x00007ffe7f870000 - 0x00007ffe7f882000 	C:\Windows\SYSTEM32\kernel.appcore.dll
0x00007ffe7a990000 - 0x00007ffe7a99a000 	C:\Users\User\.jdks\ms-17.0.15\bin\jimage.dll
0x00007ffe7ec30000 - 0x00007ffe7ee31000 	C:\Windows\SYSTEM32\DBGHELP.DLL
0x00007ffe61020000 - 0x00007ffe61054000 	C:\Windows\SYSTEM32\dbgcore.DLL
0x00007ffe810d0000 - 0x00007ffe81152000 	C:\Windows\System32\bcryptPrimitives.dll
0x00007ffe7b520000 - 0x00007ffe7b52e000 	C:\Users\User\.jdks\ms-17.0.15\bin\instrument.dll
0x00007ffe5fa50000 - 0x00007ffe5fa75000 	C:\Users\User\.jdks\ms-17.0.15\bin\java.dll
0x00007ffe3a710000 - 0x00007ffe3a7e6000 	C:\Users\User\.jdks\ms-17.0.15\bin\jsvml.dll
0x00007ffe81a30000 - 0x00007ffe821a0000 	C:\Windows\System32\SHELL32.dll
0x00007ffe7f0b0000 - 0x00007ffe7f855000 	C:\Windows\SYSTEM32\windows.storage.dll
0x00007ffe827e0000 - 0x00007ffe82b34000 	C:\Windows\System32\combase.dll
0x00007ffe80980000 - 0x00007ffe809ab000 	C:\Windows\SYSTEM32\Wldp.dll
0x00007ffe82ee0000 - 0x00007ffe82fad000 	C:\Windows\System32\OLEAUT32.dll
0x00007ffe83160000 - 0x00007ffe8320d000 	C:\Windows\System32\SHCORE.dll
0x00007ffe821b0000 - 0x00007ffe8220b000 	C:\Windows\System32\shlwapi.dll
0x00007ffe80fd0000 - 0x00007ffe80ff4000 	C:\Windows\SYSTEM32\profapi.dll
0x00007ffe78c60000 - 0x00007ffe78c78000 	C:\Users\User\.jdks\ms-17.0.15\bin\zip.dll
0x00007ffe612f0000 - 0x00007ffe6130a000 	C:\Users\User\.jdks\ms-17.0.15\bin\net.dll
0x00007ffe7d570000 - 0x00007ffe7d67a000 	C:\Windows\SYSTEM32\WINHTTP.dll
0x00007ffe806f0000 - 0x00007ffe8075a000 	C:\Windows\system32\mswsock.dll
0x00007ffe52e20000 - 0x00007ffe52e36000 	C:\Users\User\.jdks\ms-17.0.15\bin\nio.dll
0x00007ffe75550000 - 0x00007ffe75560000 	C:\Users\User\.jdks\ms-17.0.15\bin\verify.dll
0x00007ffe48df0000 - 0x00007ffe48e17000 	C:\Users\User\.gradle\native\1def1411415f61bf3af743bc5b6707747c0891f09f0c88961ee8f79bc544acac\windows-amd64\native-platform.dll
0x00007ffe60910000 - 0x00007ffe60988000 	C:\Users\User\.gradle\native\0.2.7\x86_64-windows-gnu\gradle-fileevents.dll
0x00007ffe6fe00000 - 0x00007ffe6fe0a000 	C:\Users\User\.jdks\ms-17.0.15\bin\management.dll
0x00007ffe66520000 - 0x00007ffe6652b000 	C:\Users\User\.jdks\ms-17.0.15\bin\management_ext.dll
0x00007ffe82470000 - 0x00007ffe82478000 	C:\Windows\System32\PSAPI.DLL
0x00007ffe803f0000 - 0x00007ffe8042b000 	C:\Windows\SYSTEM32\IPHLPAPI.DLL
0x00007ffe821a0000 - 0x00007ffe821a8000 	C:\Windows\System32\NSI.dll
0x00007ffe74d00000 - 0x00007ffe74d17000 	C:\Windows\SYSTEM32\dhcpcsvc6.DLL
0x00007ffe77d80000 - 0x00007ffe77d9d000 	C:\Windows\SYSTEM32\dhcpcsvc.DLL
0x00007ffe80430000 - 0x00007ffe804fa000 	C:\Windows\SYSTEM32\DNSAPI.dll
0x00007ffe66400000 - 0x00007ffe66409000 	C:\Users\User\.jdks\ms-17.0.15\bin\extnet.dll
0x00007ffe809c0000 - 0x00007ffe809d8000 	C:\Windows\SYSTEM32\CRYPTSP.dll
0x00007ffe80030000 - 0x00007ffe80068000 	C:\Windows\system32\rsaenh.dll
0x00007ffe80f90000 - 0x00007ffe80fbe000 	C:\Windows\SYSTEM32\USERENV.dll
0x00007ffe808f0000 - 0x00007ffe808fc000 	C:\Windows\SYSTEM32\CRYPTBASE.dll
0x00007ffe7b510000 - 0x00007ffe7b51e000 	C:\Users\User\.jdks\ms-17.0.15\bin\sunmscapi.dll
0x00007ffe81160000 - 0x00007ffe812bd000 	C:\Windows\System32\CRYPT32.dll
0x00007ffe80b40000 - 0x00007ffe80b67000 	C:\Windows\SYSTEM32\ncrypt.dll
0x00007ffe80b00000 - 0x00007ffe80b3b000 	C:\Windows\SYSTEM32\NTASN1.dll
0x00007ffe665b0000 - 0x00007ffe665b7000 	C:\Windows\system32\wshunix.dll

dbghelp: loaded successfully - version: 4.0.5 - missing functions: none
symbol engine: initialized successfully - sym options: 0x614 - pdb path: .;C:\Users\User\.jdks\ms-17.0.15\bin;C:\Windows\SYSTEM32;C:\Windows\WinSxS\amd64_microsoft.windows.common-controls_6595b64144ccf1df_6.0.19041.6456_none_60b8a6cb71f64256;C:\Users\User\.jdks\ms-17.0.15\bin\server;C:\Users\User\.gradle\native\1def1411415f61bf3af743bc5b6707747c0891f09f0c88961ee8f79bc544acac\windows-amd64;C:\Users\User\.gradle\native\0.2.7\x86_64-windows-gnu

VM Arguments:
jvm_args: --add-opens=java.base/java.lang=ALL-UNNAMED --add-opens=java.base/java.lang.invoke=ALL-UNNAMED --add-opens=java.base/java.util=ALL-UNNAMED --add-opens=java.prefs/java.util.prefs=ALL-UNNAMED --add-exports=jdk.compiler/com.sun.tools.javac.api=ALL-UNNAMED --add-exports=jdk.compiler/com.sun.tools.javac.util=ALL-UNNAMED --add-opens=java.base/java.util=ALL-UNNAMED --add-opens=java.prefs/java.util.prefs=ALL-UNNAMED --add-opens=java.base/java.nio.charset=ALL-UNNAMED --add-opens=java.base/java.net=ALL-UNNAMED --add-opens=java.base/java.util.concurrent.atomic=ALL-UNNAMED --add-opens=java.xml/javax.xml.namespace=ALL-UNNAMED -XX:MaxMetaspaceSize=384m -XX:+HeapDumpOnOutOfMemoryError -Xms256m -Xmx512m -Dfile.encoding=UTF-8 -Duser.country=RU -Duser.language=ru -Duser.variant -javaagent:C:\Users\User\.gradle\wrapper\dists\gradle-8.14.3-bin\cv11ve7ro1n3o1j4so8xd9n66\gradle-8.14.3\lib\agents\gradle-instrumentation-agent-8.14.3.jar 
java_command: org.gradle.launcher.daemon.bootstrap.GradleDaemon 8.14.3
java_class_path (initial): C:\Users\User\.gradle\wrapper\dists\gradle-8.14.3-bin\cv11ve7ro1n3o1j4so8xd9n66\gradle-8.14.3\lib\gradle-daemon-main-8.14.3.jar
Launcher Type: SUN_STANDARD

[Global flags]
     intx CICompilerCount                          = 3                                         {product} {ergonomic}
   size_t CompressedClassSpaceSize                 = 335544320                                 {product} {ergonomic}
     uint ConcGCThreads                            = 1                                         {product} {ergonomic}
     uint G1ConcRefinementThreads                  = 4                                         {product} {ergonomic}
   size_t G1HeapRegionSize                         = 1048576                                   {product} {ergonomic}
    uintx GCDrainStackTargetSize                   = 64                                        {product} {ergonomic}
     bool HeapDumpOnOutOfMemoryError               = true                                   {manageable} {command line}
   size_t InitialHeapSize                          = 268435456                                 {product} {command line}
   size_t MarkStackSize                            = 4194304                                   {product} {ergonomic}
   size_t MaxHeapSize                              = 536870912                                 {product} {command line}
   size_t MaxMetaspaceSize                         = 402653184                                 {product} {command line}
   size_t MaxNewSize                               = 321912832                                 {product} {ergonomic}
   size_t MinHeapDeltaBytes                        = 1048576                                   {product} {ergonomic}
   size_t MinHeapSize                              = 268435456                                 {product} {command line}
    uintx NonNMethodCodeHeapSize                   = 5832780                                {pd product} {ergonomic}
    uintx NonProfiledCodeHeapSize                  = 122912730                              {pd product} {ergonomic}
    uintx ProfiledCodeHeapSize                     = 122912730                              {pd product} {ergonomic}
    uintx ReservedCodeCacheSize                    = 251658240                              {pd product} {ergonomic}
     bool SegmentedCodeCache                       = true                                      {product} {ergonomic}
   size_t SoftMaxHeapSize                          = 536870912                              {manageable} {ergonomic}
     bool UseCompressedClassPointers               = true                           {product lp64_product} {ergonomic}
     bool UseCompressedOops                        = true                           {product lp64_product} {ergonomic}
     bool UseG1GC                                  = true                                      {product} {ergonomic}
     bool UseLargePagesIndividualAllocation        = false                                  {pd product} {ergonomic}

Logging:
Log output configuration:
 #0: stdout all=warning uptime,level,tags
 #1: stderr all=off uptime,level,tags

Environment Variables:
PATH=C:\app\Ozodbek\product\21c\dbhomeXE\bin;C:\Program Files\Common Files\Oracle\Java\javapath;C:\Windows\system32;C:\Windows;C:\Windows\System32\Wbem;C:\Windows\System32\WindowsPowerShell\v1.0\;C:\Windows\System32\OpenSSH\;C:\Program Files\Java\jdk-21\bin;C:\Program Files\Java\jdk-21\bin;C:\Program Files (x86)\PuTTY\;C:\Program Files\Docker\Docker\resources\bin;C:\Users\User\AppData\Local\Programs\Python\Launcher\;C:\Users\User\AppData\Local\Microsoft\WindowsApps;;C:\Program Files\JetBrains\IntelliJ IDEA 2024.2.3\bin;;C:\Program Files\JetBrains\PyCharm Community Edition 2024.2.3\bin;;C:\Program Files\heroku\bin
USERNAME=Ozodbek
OS=Windows_NT
PROCESSOR_IDENTIFIER=Intel64 Family 6 Model 140 Stepping 1, GenuineIntel
TMP=C:\Users\User\AppData\Local\Temp
TEMP=C:\Users\User\AppData\Local\Temp



Periodic native trim disabled


---------------  S Y S T E M  ---------------

OS:
 Windows 10 , 64 bit Build 19041 (10.0.19041.5915)
OS uptime: 5 days 8:50 hours
Hyper-V role detected

CPU: total 4 (initial active 4) (2 cores per cpu, 2 threads per core) family 6 model 140 stepping 1 microcode 0x6e, cx8, cmov, fxsr, ht, mmx, 3dnowpref, sse, sse2, sse3, ssse3, sse4.1, sse4.2, popcnt, lzcnt, tsc, tscinvbit, avx, avx2, aes, erms, clmul, bmi1, bmi2, adx, avx512f, avx512dq, avx512cd, avx512bw, avx512vl, sha, fma, vzeroupper, avx512_vpopcntdq, avx512_vpclmulqdq, avx512_vaes, avx512_vnni, clflush, clflushopt, clwb, avx512_vbmi2, avx512_vbmi, hv
Processor Information for the first 4 processors :
  Max Mhz: 2995, Current Mhz: 2995, Mhz Limit: 2995

Memory: 4k page, system-wide physical 3852M (6M free)
TotalPageFile size 15628M (AvailPageFile size 1M)
current process WorkingSet (physical memory assigned to process): 48M, peak: 66M
current process commit charge ("private bytes"): 380M, peak: 380M

vm_info: OpenJDK 64-Bit Server VM (17.0.15+6-LTS) for windows-amd64 JRE (17.0.15+6-LTS), built on Apr  9 2025 22:27:25 by "MicrosoftCorporation" with unknown MS VC++:1939

END.
