#
# There is insufficient memory for the Java Runtime Environment to continue.
# Native memory allocation (malloc) failed to allocate 2571552 bytes. Error detail: Chunk::new
# Possible reasons:
#   The system is out of physical RAM or swap space
#   This process is running with CompressedOops enabled, and the Java Heap may be blocking the growth of the native heap
# Possible solutions:
#   Reduce memory load on the system
#   Increase physical memory or swap space
#   Check if swap backing store is full
#   Decrease Java heap size (-Xmx/-Xms)
#   Decrease number of Java threads
#   Decrease Java thread stack sizes (-Xss)
#   Set larger code cache with -XX:ReservedCodeCacheSize=
#   JVM is running with Unscaled Compressed Oops mode in which the Java heap is
#     placed in the first 4GB address space. The Java Heap base address is the
#     maximum limit for the native heap growth. Please use -XX:HeapBaseMinAddress
#     to set the Java Heap base and to place the Java Heap above 4GB virtual address.
# This output file may be truncated or incomplete.
#
#  Out of Memory Error (arena.cpp:191), pid=13140, tid=3384
#
# JRE version: OpenJDK Runtime Environment Microsoft-11369865 (17.0.15+6) (build 17.0.15+6-LTS)
# Java VM: OpenJDK 64-Bit Server VM Microsoft-11369865 (17.0.15+6-LTS, mixed mode, sharing, tiered, compressed oops, compressed class ptrs, g1 gc, windows-amd64)
# No core dump will be written. Minidumps are not enabled by default on client versions of Windows
#

---------------  S U M M A R Y ------------

Command Line: --add-opens=java.base/java.lang=ALL-UNNAMED --add-opens=java.base/java.lang.invoke=ALL-UNNAMED --add-opens=java.base/java.util=ALL-UNNAMED --add-opens=java.prefs/java.util.prefs=ALL-UNNAMED --add-exports=jdk.compiler/com.sun.tools.javac.api=ALL-UNNAMED --add-exports=jdk.compiler/com.sun.tools.javac.util=ALL-UNNAMED --add-opens=java.base/java.util=ALL-UNNAMED --add-opens=java.prefs/java.util.prefs=ALL-UNNAMED --add-opens=java.base/java.nio.charset=ALL-UNNAMED --add-opens=java.base/java.net=ALL-UNNAMED --add-opens=java.base/java.util.concurrent.atomic=ALL-UNNAMED --add-opens=java.xml/javax.xml.namespace=ALL-UNNAMED -XX:MaxMetaspaceSize=384m -XX:+HeapDumpOnOutOfMemoryError -Xms256m -Xmx512m -Dfile.encoding=UTF-8 -Duser.country=RU -Duser.language=ru -Duser.variant -javaagent:C:\Users\User\.gradle\wrapper\dists\gradle-8.14.3-bin\cv11ve7ro1n3o1j4so8xd9n66\gradle-8.14.3\lib\agents\gradle-instrumentation-agent-8.14.3.jar org.gradle.launcher.daemon.bootstrap.GradleDaemon 8.14.3

Host: 11th Gen Intel(R) Core(TM) i3-1115G4 @ 3.00GHz, 4 cores, 3G,  Windows 10 , 64 bit Build 19041 (10.0.19041.5915)
Time: Sun Dec 14 01:10:20 2025  Windows 10 , 64 bit Build 19041 (10.0.19041.5915) elapsed time: 58.626666 seconds (0d 0h 0m 58s)

---------------  T H R E A D  ---------------

Current thread (0x0000020b278e7b80):  JavaThread "C2 CompilerThread0" daemon [_thread_in_native, id=3384, stack(0x0000001741e00000,0x0000001741f00000)]


Current CompileTask:
C2:  58626 11157       4       org.gradle.internal.instantiation.generator.AbstractClassGenerator::inspectType (602 bytes)

Stack: [0x0000001741e00000,0x0000001741f00000]
Native frames: (J=compiled Java code, j=interpreted, Vv=VM code, C=native code)
V  [jvm.dll+0x6887a9]
V  [jvm.dll+0x83f5a8]
V  [jvm.dll+0x841053]
V  [jvm.dll+0x8416c3]
V  [jvm.dll+0x2496ef]
V  [jvm.dll+0xad134]
V  [jvm.dll+0xad7cc]
V  [jvm.dll+0x36af2e]
V  [jvm.dll+0x1bd065]
V  [jvm.dll+0x21aa7c]
V  [jvm.dll+0x219d3f]
V  [jvm.dll+0x1a55f6]
V  [jvm.dll+0x22a39a]
V  [jvm.dll+0x2284db]
V  [jvm.dll+0x7f4e28]
V  [jvm.dll+0x7ef2dc]
V  [jvm.dll+0x687687]
C  [ucrtbase.dll+0x21bb2]
C  [KERNEL32.DLL+0x17374]
C  [ntdll.dll+0x4cc91]


---------------  P R O C E S S  ---------------

Threads class SMR info:
_java_thread_list=0x0000020b443d4a90, length=92, elements={
0x0000020b0d59bce0, 0x0000020b278c73a0, 0x0000020b278c7e70, 0x0000020b278d9a70,
0x0000020b278dcb60, 0x0000020b278df440, 0x0000020b278e4360, 0x0000020b278e7b80,
0x0000020b278f4560, 0x0000020b2792f640, 0x0000020b279328e0, 0x0000020b27930f90,
0x0000020b279323d0, 0x0000020b2792fb50, 0x0000020b27931ec0, 0x0000020b27930a80,
0x0000020b279319b0, 0x0000020b27930060, 0x0000020b27930570, 0x0000020b424a7e50,
0x0000020b424a55d0, 0x0000020b424a7430, 0x0000020b424a8d80, 0x0000020b424a3c80,
0x0000020b424a6a10, 0x0000020b424a4190, 0x0000020b424a9290, 0x0000020b424a4bb0,
0x0000020b424a50c0, 0x0000020b424a5ff0, 0x0000020b424a2330, 0x0000020b424a8360,
0x0000020b424a6500, 0x0000020b424a2840, 0x0000020b424a8870, 0x0000020b424a3770,
0x0000020b424a97a0, 0x0000020b424a9cb0, 0x0000020b424a3260, 0x0000020b27932df0,
0x0000020b441358e0, 0x0000020b441349b0, 0x0000020b44136810, 0x0000020b44136300,
0x0000020b44135df0, 0x0000020b441353d0, 0x0000020b44133060, 0x0000020b44133570,
0x0000020b441344a0, 0x0000020b44133a80, 0x0000020b452f9160, 0x0000020b452fa090,
0x0000020b452f4570, 0x0000020b452f63d0, 0x0000020b452fa5a0, 0x0000020b452f4060,
0x0000020b452f7d20, 0x0000020b452f7300, 0x0000020b452fb4d0, 0x0000020b452f4a80,
0x0000020b452f9670, 0x0000020b452f4f90, 0x0000020b452f9b80, 0x0000020b452f68e0,
0x0000020b452fafc0, 0x0000020b452f7810, 0x0000020b452f6df0, 0x0000020b452f54a0,
0x0000020b452faab0, 0x0000020b452fb9e0, 0x0000020b452f59b0, 0x0000020b452f8230,
0x0000020b452f8740, 0x0000020b452f8c50, 0x0000020b435d3ab0, 0x0000020b435d1c50,
0x0000020b435d3fc0, 0x0000020b435d5910, 0x0000020b435d5400, 0x0000020b435d44d0,
0x0000020b435d2160, 0x0000020b435d3090, 0x0000020b435d1740, 0x0000020b435d6d50,
0x0000020b435d2670, 0x0000020b435d5e20, 0x0000020b435d35a0, 0x0000020b435d2b80,
0x0000020b435d6330, 0x0000020b435d4ef0, 0x0000020b435d6840, 0x0000020b435d7260
}

Java Threads: ( => current thread )
  0x0000020b0d59bce0 JavaThread "main" [_thread_blocked, id=3456, stack(0x0000001741100000,0x0000001741200000)]
  0x0000020b278c73a0 JavaThread "Reference Handler" daemon [_thread_blocked, id=19664, stack(0x0000001741800000,0x0000001741900000)]
  0x0000020b278c7e70 JavaThread "Finalizer" daemon [_thread_blocked, id=18228, stack(0x0000001741900000,0x0000001741a00000)]
  0x0000020b278d9a70 JavaThread "Signal Dispatcher" daemon [_thread_blocked, id=12516, stack(0x0000001741a00000,0x0000001741b00000)]
  0x0000020b278dcb60 JavaThread "Attach Listener" daemon [_thread_blocked, id=7940, stack(0x0000001741b00000,0x0000001741c00000)]
  0x0000020b278df440 JavaThread "Service Thread" daemon [_thread_blocked, id=4692, stack(0x0000001741c00000,0x0000001741d00000)]
  0x0000020b278e4360 JavaThread "Monitor Deflation Thread" daemon [_thread_blocked, id=20236, stack(0x0000001741d00000,0x0000001741e00000)]
=>0x0000020b278e7b80 JavaThread "C2 CompilerThread0" daemon [_thread_in_native, id=3384, stack(0x0000001741e00000,0x0000001741f00000)]
  0x0000020b278f4560 JavaThread "C1 CompilerThread0" daemon [_thread_blocked, id=18548, stack(0x0000001741f00000,0x0000001742000000)]
  0x0000020b2792f640 JavaThread "Sweeper thread" daemon [_thread_blocked, id=3768, stack(0x0000001742000000,0x0000001742100000)]
  0x0000020b279328e0 JavaThread "Common-Cleaner" daemon [_thread_blocked, id=9944, stack(0x0000001742100000,0x0000001742200000)]
  0x0000020b27930f90 JavaThread "Notification Thread" daemon [_thread_blocked, id=17172, stack(0x0000001742200000,0x0000001742300000)]
  0x0000020b279323d0 JavaThread "Daemon health stats" [_thread_blocked, id=10856, stack(0x0000001742700000,0x0000001742800000)]
  0x0000020b2792fb50 JavaThread "Incoming local TCP Connector on port 56573" [_thread_in_native, id=11088, stack(0x0000001742800000,0x0000001742900000)]
  0x0000020b27931ec0 JavaThread "Daemon periodic checks" [_thread_blocked, id=13784, stack(0x0000001742900000,0x0000001742a00000)]
  0x0000020b27930a80 JavaThread "Daemon" [_thread_blocked, id=10948, stack(0x0000001742a00000,0x0000001742b00000)]
  0x0000020b279319b0 JavaThread "Handler for socket connection from /127.0.0.1:56573 to /127.0.0.1:56574" [_thread_in_native, id=14564, stack(0x0000001742b00000,0x0000001742c00000)]
  0x0000020b27930060 JavaThread "Cancel handler" [_thread_blocked, id=15832, stack(0x0000001742c00000,0x0000001742d00000)]
  0x0000020b27930570 JavaThread "Daemon worker" [_thread_blocked, id=15324, stack(0x0000001742d00000,0x0000001742e00000)]
  0x0000020b424a7e50 JavaThread "Asynchronous log dispatcher for DefaultDaemonConnection: socket connection from /127.0.0.1:56573 to /127.0.0.1:56574" [_thread_blocked, id=14280, stack(0x0000001742e00000,0x0000001742f00000)]
  0x0000020b424a55d0 JavaThread "Stdin handler" [_thread_blocked, id=7196, stack(0x0000001742f00000,0x0000001743000000)]
  0x0000020b424a7430 JavaThread "Daemon client event forwarder" [_thread_blocked, id=10208, stack(0x0000001743000000,0x0000001743100000)]
  0x0000020b424a8d80 JavaThread "Cache worker for journal cache (C:\Users\User\.gradle\caches\journal-1)" [_thread_blocked, id=19880, stack(0x0000001743100000,0x0000001743200000)]
  0x0000020b424a3c80 JavaThread "File lock request listener" [_thread_in_native, id=19908, stack(0x0000001743200000,0x0000001743300000)]
  0x0000020b424a6a10 JavaThread "Cache worker for file hash cache (C:\Users\User\.gradle\caches\8.14.3\fileHashes)" [_thread_blocked, id=8360, stack(0x0000001743300000,0x0000001743400000)]
  0x0000020b424a4190 JavaThread "File lock release action executor" [_thread_blocked, id=12192, stack(0x0000001743400000,0x0000001743500000)]
  0x0000020b424a9290 JavaThread "Cache worker for file hash cache (D:\Kotlin_lesson\warehouse_management\.gradle\8.14.3\fileHashes)" [_thread_blocked, id=13144, stack(0x0000001743500000,0x0000001743600000)]
  0x0000020b424a4bb0 JavaThread "Cache worker for Build Output Cleanup Cache (D:\Kotlin_lesson\warehouse_management\.gradle\buildOutputCleanup)" [_thread_blocked, id=15040, stack(0x0000001743600000,0x0000001743700000)]
  0x0000020b424a50c0 JavaThread "File watcher server" daemon [_thread_in_native, id=16792, stack(0x0000001743700000,0x0000001743800000)]
  0x0000020b424a5ff0 JavaThread "File watcher consumer" daemon [_thread_blocked, id=1140, stack(0x0000001743800000,0x0000001743900000)]
  0x0000020b424a2330 JavaThread "jar transforms" [_thread_blocked, id=12768, stack(0x0000001743900000,0x0000001743a00000)]
  0x0000020b424a8360 JavaThread "jar transforms Thread 2" [_thread_blocked, id=17488, stack(0x0000001743a00000,0x0000001743b00000)]
  0x0000020b424a6500 JavaThread "Cache worker for checksums cache (D:\Kotlin_lesson\warehouse_management\.gradle\8.14.3\checksums)" [_thread_blocked, id=7916, stack(0x0000001743b00000,0x0000001743c00000)]
  0x0000020b424a2840 JavaThread "Cache worker for file content cache (C:\Users\User\.gradle\caches\8.14.3\fileContent)" [_thread_blocked, id=16520, stack(0x0000001743c00000,0x0000001743d00000)]
  0x0000020b424a8870 JavaThread "jar transforms Thread 3" [_thread_blocked, id=8020, stack(0x0000001743d00000,0x0000001743e00000)]
  0x0000020b424a3770 JavaThread "jar transforms Thread 4" [_thread_blocked, id=19488, stack(0x0000001743e00000,0x0000001743f00000)]
  0x0000020b424a97a0 JavaThread "Cache worker for cache directory md-supplier (C:\Users\User\.gradle\caches\8.14.3\md-supplier)" [_thread_blocked, id=5360, stack(0x0000001744000000,0x0000001744100000)]
  0x0000020b424a9cb0 JavaThread "Cache worker for cache directory md-rule (C:\Users\User\.gradle\caches\8.14.3\md-rule)" [_thread_blocked, id=13872, stack(0x0000001744100000,0x0000001744200000)]
  0x0000020b424a3260 JavaThread "Unconstrained build operations" [_thread_blocked, id=8704, stack(0x0000001744200000,0x0000001744300000)]
  0x0000020b27932df0 JavaThread "Unconstrained build operations Thread 2" [_thread_blocked, id=13020, stack(0x0000001744300000,0x0000001744400000)]
  0x0000020b441358e0 JavaThread "Unconstrained build operations Thread 3" [_thread_blocked, id=14124, stack(0x0000001744400000,0x0000001744500000)]
  0x0000020b441349b0 JavaThread "Unconstrained build operations Thread 4" [_thread_blocked, id=5304, stack(0x0000001744500000,0x0000001744600000)]
  0x0000020b44136810 JavaThread "Unconstrained build operations Thread 5" [_thread_blocked, id=7816, stack(0x0000001744600000,0x0000001744700000)]
  0x0000020b44136300 JavaThread "Unconstrained build operations Thread 6" [_thread_blocked, id=18668, stack(0x0000001744700000,0x0000001744800000)]
  0x0000020b44135df0 JavaThread "Unconstrained build operations Thread 7" [_thread_blocked, id=7376, stack(0x0000001744800000,0x0000001744900000)]
  0x0000020b441353d0 JavaThread "Unconstrained build operations Thread 8" [_thread_blocked, id=12872, stack(0x0000001744900000,0x0000001744a00000)]
  0x0000020b44133060 JavaThread "Unconstrained build operations Thread 9" [_thread_blocked, id=14920, stack(0x0000001744a00000,0x0000001744b00000)]
  0x0000020b44133570 JavaThread "build event listener" [_thread_blocked, id=16036, stack(0x0000001744d00000,0x0000001744e00000)]
  0x0000020b441344a0 JavaThread "Problems report writer" [_thread_blocked, id=17688, stack(0x0000001744e00000,0x0000001744f00000)]
  0x0000020b44133a80 JavaThread "Memory manager" [_thread_blocked, id=16720, stack(0x0000001745000000,0x0000001745100000)]
  0x0000020b452f9160 JavaThread "ForkJoinPool.commonPool-worker-1" daemon [_thread_blocked, id=16380, stack(0x0000001745100000,0x0000001745200000)]
  0x0000020b452fa090 JavaThread "ForkJoinPool.commonPool-worker-2" daemon [_thread_blocked, id=12012, stack(0x0000001745200000,0x0000001745300000)]
  0x0000020b452f4570 JavaThread "ForkJoinPool.commonPool-worker-3" daemon [_thread_blocked, id=17460, stack(0x0000001745300000,0x0000001745400000)]
  0x0000020b452f63d0 JavaThread "Exec process" [_thread_blocked, id=19816, stack(0x0000001745400000,0x0000001745500000)]
  0x0000020b452fa5a0 JavaThread "Exec process Thread 2" [_thread_blocked, id=1452, stack(0x0000001745500000,0x0000001745600000)]
  0x0000020b452f4060 JavaThread "Exec process Thread 3" [_thread_blocked, id=4404, stack(0x0000001745600000,0x0000001745700000)]
  0x0000020b452f7d20 JavaThread "Unconstrained build operations Thread 10" [_thread_blocked, id=9096, stack(0x0000001745700000,0x0000001745800000)]
  0x0000020b452f7300 JavaThread "Unconstrained build operations Thread 11" [_thread_blocked, id=12432, stack(0x0000001745800000,0x0000001745900000)]
  0x0000020b452fb4d0 JavaThread "Unconstrained build operations Thread 12" [_thread_blocked, id=17132, stack(0x0000001745900000,0x0000001745a00000)]
  0x0000020b452f4a80 JavaThread "Unconstrained build operations Thread 13" [_thread_blocked, id=4384, stack(0x0000001745a00000,0x0000001745b00000)]
  0x0000020b452f9670 JavaThread "Unconstrained build operations Thread 14" [_thread_blocked, id=7888, stack(0x0000001745b00000,0x0000001745c00000)]
  0x0000020b452f4f90 JavaThread "Unconstrained build operations Thread 15" [_thread_blocked, id=17064, stack(0x0000001745c00000,0x0000001745d00000)]
  0x0000020b452f9b80 JavaThread "Unconstrained build operations Thread 16" [_thread_blocked, id=5648, stack(0x0000001745d00000,0x0000001745e00000)]
  0x0000020b452f68e0 JavaThread "Unconstrained build operations Thread 17" [_thread_blocked, id=11576, stack(0x0000001745e00000,0x0000001745f00000)]
  0x0000020b452fafc0 JavaThread "Unconstrained build operations Thread 18" [_thread_blocked, id=16560, stack(0x0000001745f00000,0x0000001746000000)]
  0x0000020b452f7810 JavaThread "Unconstrained build operations Thread 19" [_thread_blocked, id=8656, stack(0x0000001746000000,0x0000001746100000)]
  0x0000020b452f6df0 JavaThread "Unconstrained build operations Thread 20" [_thread_blocked, id=15268, stack(0x0000001746100000,0x0000001746200000)]
  0x0000020b452f54a0 JavaThread "Unconstrained build operations Thread 21" [_thread_blocked, id=14844, stack(0x0000001746200000,0x0000001746300000)]
  0x0000020b452faab0 JavaThread "Unconstrained build operations Thread 22" [_thread_blocked, id=17300, stack(0x0000001746300000,0x0000001746400000)]
  0x0000020b452fb9e0 JavaThread "Unconstrained build operations Thread 23" [_thread_blocked, id=18396, stack(0x0000001746400000,0x0000001746500000)]
  0x0000020b452f59b0 JavaThread "Unconstrained build operations Thread 24" [_thread_blocked, id=8584, stack(0x0000001746500000,0x0000001746600000)]
  0x0000020b452f8230 JavaThread "Unconstrained build operations Thread 25" [_thread_blocked, id=16320, stack(0x0000001746600000,0x0000001746700000)]
  0x0000020b452f8740 JavaThread "Unconstrained build operations Thread 26" [_thread_blocked, id=12396, stack(0x0000001746700000,0x0000001746800000)]
  0x0000020b452f8c50 JavaThread "Unconstrained build operations Thread 27" [_thread_blocked, id=16900, stack(0x0000001746800000,0x0000001746900000)]
  0x0000020b435d3ab0 JavaThread "Unconstrained build operations Thread 28" [_thread_blocked, id=7964, stack(0x0000001746900000,0x0000001746a00000)]
  0x0000020b435d1c50 JavaThread "Unconstrained build operations Thread 29" [_thread_blocked, id=1100, stack(0x0000001746a00000,0x0000001746b00000)]
  0x0000020b435d3fc0 JavaThread "Unconstrained build operations Thread 30" [_thread_blocked, id=12796, stack(0x0000001746b00000,0x0000001746c00000)]
  0x0000020b435d5910 JavaThread "Unconstrained build operations Thread 31" [_thread_blocked, id=15512, stack(0x0000001746c00000,0x0000001746d00000)]
  0x0000020b435d5400 JavaThread "Unconstrained build operations Thread 32" [_thread_blocked, id=19432, stack(0x0000001746d00000,0x0000001746e00000)]
  0x0000020b435d44d0 JavaThread "Unconstrained build operations Thread 33" [_thread_blocked, id=9700, stack(0x0000001746e00000,0x0000001746f00000)]
  0x0000020b435d2160 JavaThread "Unconstrained build operations Thread 34" [_thread_blocked, id=19056, stack(0x0000001746f00000,0x0000001747000000)]
  0x0000020b435d3090 JavaThread "Unconstrained build operations Thread 35" [_thread_blocked, id=19884, stack(0x0000001747000000,0x0000001747100000)]
  0x0000020b435d1740 JavaThread "Unconstrained build operations Thread 36" [_thread_blocked, id=2300, stack(0x0000001747100000,0x0000001747200000)]
  0x0000020b435d6d50 JavaThread "Unconstrained build operations Thread 37" [_thread_blocked, id=17540, stack(0x0000001747200000,0x0000001747300000)]
  0x0000020b435d2670 JavaThread "Unconstrained build operations Thread 38" [_thread_blocked, id=10996, stack(0x0000001747300000,0x0000001747400000)]
  0x0000020b435d5e20 JavaThread "Unconstrained build operations Thread 39" [_thread_blocked, id=16756, stack(0x0000001747400000,0x0000001747500000)]
  0x0000020b435d35a0 JavaThread "Unconstrained build operations Thread 40" [_thread_blocked, id=12072, stack(0x0000001747500000,0x0000001747600000)]
  0x0000020b435d2b80 JavaThread "included builds" [_thread_in_native, id=15464, stack(0x0000001747600000,0x0000001747700000)]
  0x0000020b435d6330 JavaThread "Execution worker" [_thread_blocked, id=16236, stack(0x0000001747700000,0x0000001747800000)]
  0x0000020b435d4ef0 JavaThread "Execution worker Thread 2" [_thread_blocked, id=12188, stack(0x0000001747800000,0x0000001747900000)]
  0x0000020b435d6840 JavaThread "Execution worker Thread 3" [_thread_blocked, id=16140, stack(0x0000001747900000,0x0000001747a00000)]
  0x0000020b435d7260 JavaThread "Cache worker for execution history cache (D:\Kotlin_lesson\warehouse_management\.gradle\8.14.3\executionHistory)" [_thread_blocked, id=18580, stack(0x0000001747a00000,0x0000001747b00000)]

Other Threads:
  0x0000020b278c1680 VMThread "VM Thread" [stack: 0x0000001741700000,0x0000001741800000] [id=5308]
  0x0000020b0d59cbb0 WatcherThread [stack: 0x0000001742300000,0x0000001742400000] [id=12680]
  0x0000020b0d5ca9e0 GCTaskThread "GC Thread#0" [stack: 0x0000001741200000,0x0000001741300000] [id=4100]
  0x0000020b27b48720 GCTaskThread "GC Thread#1" [stack: 0x0000001742400000,0x0000001742500000] [id=8272]
  0x0000020b27b489e0 GCTaskThread "GC Thread#2" [stack: 0x0000001742500000,0x0000001742600000] [id=1168]
  0x0000020b27b48ca0 GCTaskThread "GC Thread#3" [stack: 0x0000001742600000,0x0000001742700000] [id=9008]
  0x0000020b0d5d0850 ConcurrentGCThread "G1 Main Marker" [stack: 0x0000001741300000,0x0000001741400000] [id=9320]
  0x0000020b0d5d1180 ConcurrentGCThread "G1 Conc#0" [stack: 0x0000001741400000,0x0000001741500000] [id=16572]
  0x0000020b0d65c500 ConcurrentGCThread "G1 Refine#0" [stack: 0x0000001741500000,0x0000001741600000] [id=19180]
  0x0000020b44f93dd0 ConcurrentGCThread "G1 Refine#1" [stack: 0x0000001743f00000,0x0000001744000000] [id=11624]
  0x0000020b43f1a6f0 ConcurrentGCThread "G1 Refine#2" [stack: 0x0000001744f00000,0x0000001745000000] [id=19936]
  0x0000020b0d65ce40 ConcurrentGCThread "G1 Service" [stack: 0x0000001741600000,0x0000001741700000] [id=16180]

Threads with active compile tasks:
C2 CompilerThread0    58856 11157       4       org.gradle.internal.instantiation.generator.AbstractClassGenerator::inspectType (602 bytes)

VM state: not at safepoint (normal execution)

VM Mutex/Monitor currently owned by a thread: None

Heap address: 0x00000000e0000000, size: 512 MB, Compressed Oops mode: 32-bit

CDS archive(s) mapped at: [0x0000020b28000000-0x0000020b28bb0000-0x0000020b28bb0000), size 12255232, SharedBaseAddress: 0x0000020b28000000, ArchiveRelocationMode: 1.
Compressed class space mapped at: 0x0000020b29000000-0x0000020b3d000000, reserved size: 335544320
Narrow klass base: 0x0000020b28000000, Narrow klass shift: 0, Narrow klass range: 0x100000000

GC Precious Log:
 CPUs: 4 total, 4 available
 Memory: 3852M
 Large Page Support: Disabled
 NUMA Support: Disabled
 Compressed Oops: Enabled (32-bit)
 Heap Region Size: 1M
 Heap Min Capacity: 256M
 Heap Initial Capacity: 256M
 Heap Max Capacity: 512M
 Pre-touch: Disabled
 Parallel Workers: 4
 Concurrent Workers: 1
 Concurrent Refinement Workers: 4
 Periodic GC: Disabled

Heap:
 garbage-first heap   total 262144K, used 81193K [0x00000000e0000000, 0x0000000100000000)
  region size 1024K, 22 young (22528K), 15 survivors (15360K)
 Metaspace       used 71630K, committed 72320K, reserved 393216K
  class space    used 9803K, committed 10112K, reserved 327680K

Heap Regions: E=young(eden), S=young(survivor), O=old, HS=humongous(starts), HC=humongous(continues), CS=collection set, F=free, OA=open archive, CA=closed archive, TAMS=top-at-mark-start (previous, next)
|   0|0x00000000e0000000, 0x00000000e0100000, 0x00000000e0100000|100%|HS|  |TAMS 0x00000000e0100000, 0x00000000e0000000| Complete 
|   1|0x00000000e0100000, 0x00000000e0200000, 0x00000000e0200000|100%|HC|  |TAMS 0x00000000e0200000, 0x00000000e0100000| Complete 
|   2|0x00000000e0200000, 0x00000000e0300000, 0x00000000e0300000|100%|HC|  |TAMS 0x00000000e0300000, 0x00000000e0200000| Complete 
|   3|0x00000000e0300000, 0x00000000e0400000, 0x00000000e0400000|100%| O|  |TAMS 0x00000000e0400000, 0x00000000e0300000| Untracked 
|   4|0x00000000e0400000, 0x00000000e0500000, 0x00000000e0500000|100%| O|  |TAMS 0x00000000e0500000, 0x00000000e0400000| Untracked 
|   5|0x00000000e0500000, 0x00000000e05ffff8, 0x00000000e0600000| 99%| O|  |TAMS 0x00000000e05ffff8, 0x00000000e0500000| Untracked 
|   6|0x00000000e0600000, 0x00000000e0700000, 0x00000000e0700000|100%| O|  |TAMS 0x00000000e0700000, 0x00000000e0600000| Untracked 
|   7|0x00000000e0700000, 0x00000000e0800000, 0x00000000e0800000|100%|HS|  |TAMS 0x00000000e0800000, 0x00000000e0700000| Complete 
|   8|0x00000000e0800000, 0x00000000e0900000, 0x00000000e0900000|100%| O|  |TAMS 0x00000000e0900000, 0x00000000e0800000| Untracked 
|   9|0x00000000e0900000, 0x00000000e0a00000, 0x00000000e0a00000|100%| O|  |TAMS 0x00000000e0a00000, 0x00000000e0900000| Untracked 
|  10|0x00000000e0a00000, 0x00000000e0b00000, 0x00000000e0b00000|100%| O|  |TAMS 0x00000000e0b00000, 0x00000000e0a00000| Untracked 
|  11|0x00000000e0b00000, 0x00000000e0c00000, 0x00000000e0c00000|100%| O|  |TAMS 0x00000000e0c00000, 0x00000000e0b00000| Untracked 
|  12|0x00000000e0c00000, 0x00000000e0d00000, 0x00000000e0d00000|100%| O|  |TAMS 0x00000000e0d00000, 0x00000000e0c00000| Untracked 
|  13|0x00000000e0d00000, 0x00000000e0e00000, 0x00000000e0e00000|100%| O|  |TAMS 0x00000000e0e00000, 0x00000000e0d00000| Untracked 
|  14|0x00000000e0e00000, 0x00000000e0f00000, 0x00000000e0f00000|100%| O|  |TAMS 0x00000000e0f00000, 0x00000000e0e00000| Untracked 
|  15|0x00000000e0f00000, 0x00000000e1000000, 0x00000000e1000000|100%| O|  |TAMS 0x00000000e1000000, 0x00000000e0f00000| Untracked 
|  16|0x00000000e1000000, 0x00000000e1100000, 0x00000000e1100000|100%| O|  |TAMS 0x00000000e1100000, 0x00000000e1000000| Untracked 
|  17|0x00000000e1100000, 0x00000000e1200000, 0x00000000e1200000|100%| O|  |TAMS 0x00000000e1200000, 0x00000000e1100000| Untracked 
|  18|0x00000000e1200000, 0x00000000e1300000, 0x00000000e1300000|100%| O|  |TAMS 0x00000000e1300000, 0x00000000e1200000| Untracked 
|  19|0x00000000e1300000, 0x00000000e1400000, 0x00000000e1400000|100%| O|  |TAMS 0x00000000e1400000, 0x00000000e1300000| Untracked 
|  20|0x00000000e1400000, 0x00000000e1500000, 0x00000000e1500000|100%| O|  |TAMS 0x00000000e1500000, 0x00000000e1400000| Untracked 
|  21|0x00000000e1500000, 0x00000000e1600000, 0x00000000e1600000|100%| O|  |TAMS 0x00000000e1600000, 0x00000000e1500000| Untracked 
|  22|0x00000000e1600000, 0x00000000e1700000, 0x00000000e1700000|100%| O|  |TAMS 0x00000000e1700000, 0x00000000e1600000| Untracked 
|  23|0x00000000e1700000, 0x00000000e1800000, 0x00000000e1800000|100%| O|  |TAMS 0x00000000e1800000, 0x00000000e1700000| Untracked 
|  24|0x00000000e1800000, 0x00000000e1900000, 0x00000000e1900000|100%| O|  |TAMS 0x00000000e1900000, 0x00000000e1800000| Untracked 
|  25|0x00000000e1900000, 0x00000000e1a00000, 0x00000000e1a00000|100%| O|  |TAMS 0x00000000e1a00000, 0x00000000e1900000| Untracked 
|  26|0x00000000e1a00000, 0x00000000e1b00000, 0x00000000e1b00000|100%| O|  |TAMS 0x00000000e1b00000, 0x00000000e1a00000| Untracked 
|  27|0x00000000e1b00000, 0x00000000e1c00000, 0x00000000e1c00000|100%| O|  |TAMS 0x00000000e1b00000, 0x00000000e1b00000| Untracked 
|  28|0x00000000e1c00000, 0x00000000e1d00000, 0x00000000e1d00000|100%| O|  |TAMS 0x00000000e1d00000, 0x00000000e1c00000| Untracked 
|  29|0x00000000e1d00000, 0x00000000e1e00000, 0x00000000e1e00000|100%| O|  |TAMS 0x00000000e1e00000, 0x00000000e1d00000| Untracked 
|  30|0x00000000e1e00000, 0x00000000e1f00000, 0x00000000e1f00000|100%| O|  |TAMS 0x00000000e1f00000, 0x00000000e1e00000| Untracked 
|  31|0x00000000e1f00000, 0x00000000e2000000, 0x00000000e2000000|100%| O|  |TAMS 0x00000000e2000000, 0x00000000e1f00000| Untracked 
|  32|0x00000000e2000000, 0x00000000e2100000, 0x00000000e2100000|100%| O|  |TAMS 0x00000000e2027200, 0x00000000e2000000| Untracked 
|  33|0x00000000e2100000, 0x00000000e2200000, 0x00000000e2200000|100%|HS|  |TAMS 0x00000000e2200000, 0x00000000e2100000| Complete 
|  34|0x00000000e2200000, 0x00000000e2300000, 0x00000000e2300000|100%|HC|  |TAMS 0x00000000e2300000, 0x00000000e2200000| Complete 
|  35|0x00000000e2300000, 0x00000000e2400000, 0x00000000e2400000|100%|HS|  |TAMS 0x00000000e2400000, 0x00000000e2300000| Complete 
|  36|0x00000000e2400000, 0x00000000e2500000, 0x00000000e2500000|100%|HC|  |TAMS 0x00000000e2500000, 0x00000000e2400000| Complete 
|  37|0x00000000e2500000, 0x00000000e2600000, 0x00000000e2600000|100%|HS|  |TAMS 0x00000000e2600000, 0x00000000e2500000| Complete 
|  38|0x00000000e2600000, 0x00000000e2700000, 0x00000000e2700000|100%|HC|  |TAMS 0x00000000e2700000, 0x00000000e2600000| Complete 
|  39|0x00000000e2700000, 0x00000000e2800000, 0x00000000e2800000|100%|HC|  |TAMS 0x00000000e2800000, 0x00000000e2700000| Complete 
|  40|0x00000000e2800000, 0x00000000e2900000, 0x00000000e2900000|100%|HC|  |TAMS 0x00000000e2900000, 0x00000000e2800000| Complete 
|  41|0x00000000e2900000, 0x00000000e2a00000, 0x00000000e2a00000|100%|HS|  |TAMS 0x00000000e2a00000, 0x00000000e2900000| Complete 
|  42|0x00000000e2a00000, 0x00000000e2b00000, 0x00000000e2b00000|100%|HC|  |TAMS 0x00000000e2b00000, 0x00000000e2a00000| Complete 
|  43|0x00000000e2b00000, 0x00000000e2c00000, 0x00000000e2c00000|100%|HC|  |TAMS 0x00000000e2c00000, 0x00000000e2b00000| Complete 
|  44|0x00000000e2c00000, 0x00000000e2d00000, 0x00000000e2d00000|100%|HC|  |TAMS 0x00000000e2d00000, 0x00000000e2c00000| Complete 
|  45|0x00000000e2d00000, 0x00000000e2e00000, 0x00000000e2e00000|100%| O|  |TAMS 0x00000000e2d00000, 0x00000000e2d00000| Untracked 
|  46|0x00000000e2e00000, 0x00000000e2f00000, 0x00000000e2f00000|100%| O|  |TAMS 0x00000000e2e00000, 0x00000000e2e00000| Untracked 
|  47|0x00000000e2f00000, 0x00000000e3000000, 0x00000000e3000000|100%| O|  |TAMS 0x00000000e2f00000, 0x00000000e2f00000| Untracked 
|  48|0x00000000e3000000, 0x00000000e3100000, 0x00000000e3100000|100%| O|  |TAMS 0x00000000e3000000, 0x00000000e3000000| Untracked 
|  49|0x00000000e3100000, 0x00000000e3200000, 0x00000000e3200000|100%| O|  |TAMS 0x00000000e3100000, 0x00000000e3100000| Untracked 
|  50|0x00000000e3200000, 0x00000000e3300000, 0x00000000e3300000|100%| O|  |TAMS 0x00000000e3200000, 0x00000000e3200000| Untracked 
|  51|0x00000000e3300000, 0x00000000e3400000, 0x00000000e3400000|100%| O|  |TAMS 0x00000000e3300000, 0x00000000e3300000| Untracked 
|  52|0x00000000e3400000, 0x00000000e3500000, 0x00000000e3500000|100%| O|  |TAMS 0x00000000e3400000, 0x00000000e3400000| Untracked 
|  53|0x00000000e3500000, 0x00000000e3600000, 0x00000000e3600000|100%| O|  |TAMS 0x00000000e3500000, 0x00000000e3500000| Untracked 
|  54|0x00000000e3600000, 0x00000000e3700000, 0x00000000e3700000|100%| O|  |TAMS 0x00000000e3600000, 0x00000000e3600000| Untracked 
|  55|0x00000000e3700000, 0x00000000e3800000, 0x00000000e3800000|100%| O|  |TAMS 0x00000000e3700000, 0x00000000e3700000| Untracked 
|  56|0x00000000e3800000, 0x00000000e3900000, 0x00000000e3900000|100%| O|  |TAMS 0x00000000e3800000, 0x00000000e3800000| Untracked 
|  57|0x00000000e3900000, 0x00000000e3a00000, 0x00000000e3a00000|100%| O|  |TAMS 0x00000000e3900000, 0x00000000e3900000| Untracked 
|  58|0x00000000e3a00000, 0x00000000e3aca600, 0x00000000e3b00000| 79%| O|  |TAMS 0x00000000e3a00000, 0x00000000e3a00000| Untracked 
|  59|0x00000000e3b00000, 0x00000000e3b00000, 0x00000000e3c00000|  0%| F|  |TAMS 0x00000000e3b00000, 0x00000000e3b00000| Untracked 
|  60|0x00000000e3c00000, 0x00000000e3c00000, 0x00000000e3d00000|  0%| F|  |TAMS 0x00000000e3c00000, 0x00000000e3c00000| Untracked 
|  61|0x00000000e3d00000, 0x00000000e3d00000, 0x00000000e3e00000|  0%| F|  |TAMS 0x00000000e3d00000, 0x00000000e3d00000| Untracked 
|  62|0x00000000e3e00000, 0x00000000e3e00000, 0x00000000e3f00000|  0%| F|  |TAMS 0x00000000e3e00000, 0x00000000e3e00000| Untracked 
|  63|0x00000000e3f00000, 0x00000000e3f00000, 0x00000000e4000000|  0%| F|  |TAMS 0x00000000e3f00000, 0x00000000e3f00000| Untracked 
|  64|0x00000000e4000000, 0x00000000e4000000, 0x00000000e4100000|  0%| F|  |TAMS 0x00000000e4000000, 0x00000000e4000000| Untracked 
|  65|0x00000000e4100000, 0x00000000e4100000, 0x00000000e4200000|  0%| F|  |TAMS 0x00000000e4100000, 0x00000000e4100000| Untracked 
|  66|0x00000000e4200000, 0x00000000e4200000, 0x00000000e4300000|  0%| F|  |TAMS 0x00000000e4200000, 0x00000000e4200000| Untracked 
|  67|0x00000000e4300000, 0x00000000e4300000, 0x00000000e4400000|  0%| F|  |TAMS 0x00000000e4300000, 0x00000000e4300000| Untracked 
|  68|0x00000000e4400000, 0x00000000e4400000, 0x00000000e4500000|  0%| F|  |TAMS 0x00000000e4400000, 0x00000000e4400000| Untracked 
|  69|0x00000000e4500000, 0x00000000e4500000, 0x00000000e4600000|  0%| F|  |TAMS 0x00000000e4500000, 0x00000000e4500000| Untracked 
|  70|0x00000000e4600000, 0x00000000e4600000, 0x00000000e4700000|  0%| F|  |TAMS 0x00000000e4600000, 0x00000000e4600000| Untracked 
|  71|0x00000000e4700000, 0x00000000e4700000, 0x00000000e4800000|  0%| F|  |TAMS 0x00000000e4700000, 0x00000000e4700000| Untracked 
|  72|0x00000000e4800000, 0x00000000e4800000, 0x00000000e4900000|  0%| F|  |TAMS 0x00000000e4800000, 0x00000000e4800000| Untracked 
|  73|0x00000000e4900000, 0x00000000e4900000, 0x00000000e4a00000|  0%| F|  |TAMS 0x00000000e4900000, 0x00000000e4900000| Untracked 
|  74|0x00000000e4a00000, 0x00000000e4a00000, 0x00000000e4b00000|  0%| F|  |TAMS 0x00000000e4a00000, 0x00000000e4a00000| Untracked 
|  75|0x00000000e4b00000, 0x00000000e4b00000, 0x00000000e4c00000|  0%| F|  |TAMS 0x00000000e4b00000, 0x00000000e4b00000| Untracked 
|  76|0x00000000e4c00000, 0x00000000e4c00000, 0x00000000e4d00000|  0%| F|  |TAMS 0x00000000e4c00000, 0x00000000e4c00000| Untracked 
|  77|0x00000000e4d00000, 0x00000000e4d00000, 0x00000000e4e00000|  0%| F|  |TAMS 0x00000000e4d00000, 0x00000000e4d00000| Untracked 
|  78|0x00000000e4e00000, 0x00000000e4e00000, 0x00000000e4f00000|  0%| F|  |TAMS 0x00000000e4e00000, 0x00000000e4e00000| Untracked 
|  79|0x00000000e4f00000, 0x00000000e4f00000, 0x00000000e5000000|  0%| F|  |TAMS 0x00000000e4f00000, 0x00000000e4f00000| Untracked 
|  80|0x00000000e5000000, 0x00000000e5000000, 0x00000000e5100000|  0%| F|  |TAMS 0x00000000e5000000, 0x00000000e5000000| Untracked 
|  81|0x00000000e5100000, 0x00000000e5100000, 0x00000000e5200000|  0%| F|  |TAMS 0x00000000e5100000, 0x00000000e5100000| Untracked 
|  82|0x00000000e5200000, 0x00000000e5200000, 0x00000000e5300000|  0%| F|  |TAMS 0x00000000e5200000, 0x00000000e5200000| Untracked 
|  83|0x00000000e5300000, 0x00000000e5300000, 0x00000000e5400000|  0%| F|  |TAMS 0x00000000e5300000, 0x00000000e5300000| Untracked 
|  84|0x00000000e5400000, 0x00000000e5400000, 0x00000000e5500000|  0%| F|  |TAMS 0x00000000e5400000, 0x00000000e5400000| Untracked 
|  85|0x00000000e5500000, 0x00000000e5500000, 0x00000000e5600000|  0%| F|  |TAMS 0x00000000e5500000, 0x00000000e5500000| Untracked 
|  86|0x00000000e5600000, 0x00000000e5600000, 0x00000000e5700000|  0%| F|  |TAMS 0x00000000e5600000, 0x00000000e5600000| Untracked 
|  87|0x00000000e5700000, 0x00000000e5700000, 0x00000000e5800000|  0%| F|  |TAMS 0x00000000e5700000, 0x00000000e5700000| Untracked 
|  88|0x00000000e5800000, 0x00000000e5800000, 0x00000000e5900000|  0%| F|  |TAMS 0x00000000e5800000, 0x00000000e5800000| Untracked 
|  89|0x00000000e5900000, 0x00000000e5900000, 0x00000000e5a00000|  0%| F|  |TAMS 0x00000000e5900000, 0x00000000e5900000| Untracked 
|  90|0x00000000e5a00000, 0x00000000e5a00000, 0x00000000e5b00000|  0%| F|  |TAMS 0x00000000e5a00000, 0x00000000e5a00000| Untracked 
|  91|0x00000000e5b00000, 0x00000000e5b00000, 0x00000000e5c00000|  0%| F|  |TAMS 0x00000000e5b00000, 0x00000000e5b00000| Untracked 
|  92|0x00000000e5c00000, 0x00000000e5c00000, 0x00000000e5d00000|  0%| F|  |TAMS 0x00000000e5c00000, 0x00000000e5c00000| Untracked 
|  93|0x00000000e5d00000, 0x00000000e5d00000, 0x00000000e5e00000|  0%| F|  |TAMS 0x00000000e5d00000, 0x00000000e5d00000| Untracked 
|  94|0x00000000e5e00000, 0x00000000e5e00000, 0x00000000e5f00000|  0%| F|  |TAMS 0x00000000e5e00000, 0x00000000e5e00000| Untracked 
|  95|0x00000000e5f00000, 0x00000000e5f00000, 0x00000000e6000000|  0%| F|  |TAMS 0x00000000e5f00000, 0x00000000e5f00000| Untracked 
|  96|0x00000000e6000000, 0x00000000e6000000, 0x00000000e6100000|  0%| F|  |TAMS 0x00000000e6000000, 0x00000000e6000000| Untracked 
|  97|0x00000000e6100000, 0x00000000e6100000, 0x00000000e6200000|  0%| F|  |TAMS 0x00000000e6100000, 0x00000000e6100000| Untracked 
|  98|0x00000000e6200000, 0x00000000e6200000, 0x00000000e6300000|  0%| F|  |TAMS 0x00000000e6200000, 0x00000000e6200000| Untracked 
|  99|0x00000000e6300000, 0x00000000e6300000, 0x00000000e6400000|  0%| F|  |TAMS 0x00000000e6300000, 0x00000000e6300000| Untracked 
| 100|0x00000000e6400000, 0x00000000e6400000, 0x00000000e6500000|  0%| F|  |TAMS 0x00000000e6400000, 0x00000000e6400000| Untracked 
| 101|0x00000000e6500000, 0x00000000e6500000, 0x00000000e6600000|  0%| F|  |TAMS 0x00000000e6500000, 0x00000000e6500000| Untracked 
| 102|0x00000000e6600000, 0x00000000e6600000, 0x00000000e6700000|  0%| F|  |TAMS 0x00000000e6600000, 0x00000000e6600000| Untracked 
| 103|0x00000000e6700000, 0x00000000e6700000, 0x00000000e6800000|  0%| F|  |TAMS 0x00000000e6700000, 0x00000000e6700000| Untracked 
| 104|0x00000000e6800000, 0x00000000e6880000, 0x00000000e6900000| 50%| S|CS|TAMS 0x00000000e6800000, 0x00000000e6800000| Complete 
| 105|0x00000000e6900000, 0x00000000e6a00000, 0x00000000e6a00000|100%| S|CS|TAMS 0x00000000e6900000, 0x00000000e6900000| Complete 
| 106|0x00000000e6a00000, 0x00000000e6b00000, 0x00000000e6b00000|100%| S|CS|TAMS 0x00000000e6a00000, 0x00000000e6a00000| Complete 
| 107|0x00000000e6b00000, 0x00000000e6c00000, 0x00000000e6c00000|100%| S|CS|TAMS 0x00000000e6b00000, 0x00000000e6b00000| Complete 
| 108|0x00000000e6c00000, 0x00000000e6d00000, 0x00000000e6d00000|100%| S|CS|TAMS 0x00000000e6c00000, 0x00000000e6c00000| Complete 
| 109|0x00000000e6d00000, 0x00000000e6e00000, 0x00000000e6e00000|100%| S|CS|TAMS 0x00000000e6d00000, 0x00000000e6d00000| Complete 
| 110|0x00000000e6e00000, 0x00000000e6f00000, 0x00000000e6f00000|100%| S|CS|TAMS 0x00000000e6e00000, 0x00000000e6e00000| Complete 
| 111|0x00000000e6f00000, 0x00000000e7000000, 0x00000000e7000000|100%| S|CS|TAMS 0x00000000e6f00000, 0x00000000e6f00000| Complete 
| 112|0x00000000e7000000, 0x00000000e7100000, 0x00000000e7100000|100%| S|CS|TAMS 0x00000000e7000000, 0x00000000e7000000| Complete 
| 113|0x00000000e7100000, 0x00000000e7200000, 0x00000000e7200000|100%| S|CS|TAMS 0x00000000e7100000, 0x00000000e7100000| Complete 
| 114|0x00000000e7200000, 0x00000000e7300000, 0x00000000e7300000|100%| S|CS|TAMS 0x00000000e7200000, 0x00000000e7200000| Complete 
| 115|0x00000000e7300000, 0x00000000e7400000, 0x00000000e7400000|100%| S|CS|TAMS 0x00000000e7300000, 0x00000000e7300000| Complete 
| 116|0x00000000e7400000, 0x00000000e7500000, 0x00000000e7500000|100%| S|CS|TAMS 0x00000000e7400000, 0x00000000e7400000| Complete 
| 117|0x00000000e7500000, 0x00000000e7600000, 0x00000000e7600000|100%| S|CS|TAMS 0x00000000e7500000, 0x00000000e7500000| Complete 
| 118|0x00000000e7600000, 0x00000000e7700000, 0x00000000e7700000|100%| S|CS|TAMS 0x00000000e7600000, 0x00000000e7600000| Complete 
| 119|0x00000000e7700000, 0x00000000e7700000, 0x00000000e7800000|  0%| F|  |TAMS 0x00000000e7700000, 0x00000000e7700000| Untracked 
| 120|0x00000000e7800000, 0x00000000e7800000, 0x00000000e7900000|  0%| F|  |TAMS 0x00000000e7800000, 0x00000000e7800000| Untracked 
| 121|0x00000000e7900000, 0x00000000e7900000, 0x00000000e7a00000|  0%| F|  |TAMS 0x00000000e7900000, 0x00000000e7900000| Untracked 
| 122|0x00000000e7a00000, 0x00000000e7a00000, 0x00000000e7b00000|  0%| F|  |TAMS 0x00000000e7a00000, 0x00000000e7a00000| Untracked 
| 123|0x00000000e7b00000, 0x00000000e7b00000, 0x00000000e7c00000|  0%| F|  |TAMS 0x00000000e7b00000, 0x00000000e7b00000| Untracked 
| 124|0x00000000e7c00000, 0x00000000e7c00000, 0x00000000e7d00000|  0%| F|  |TAMS 0x00000000e7c00000, 0x00000000e7c00000| Untracked 
| 125|0x00000000e7d00000, 0x00000000e7d00000, 0x00000000e7e00000|  0%| F|  |TAMS 0x00000000e7d00000, 0x00000000e7d00000| Untracked 
| 126|0x00000000e7e00000, 0x00000000e7e00000, 0x00000000e7f00000|  0%| F|  |TAMS 0x00000000e7e00000, 0x00000000e7e00000| Untracked 
| 127|0x00000000e7f00000, 0x00000000e7f00000, 0x00000000e8000000|  0%| F|  |TAMS 0x00000000e7f00000, 0x00000000e7f00000| Untracked 
| 128|0x00000000e8000000, 0x00000000e8000000, 0x00000000e8100000|  0%| F|  |TAMS 0x00000000e8000000, 0x00000000e8000000| Untracked 
| 129|0x00000000e8100000, 0x00000000e8100000, 0x00000000e8200000|  0%| F|  |TAMS 0x00000000e8100000, 0x00000000e8100000| Untracked 
| 130|0x00000000e8200000, 0x00000000e8200000, 0x00000000e8300000|  0%| F|  |TAMS 0x00000000e8200000, 0x00000000e8200000| Untracked 
| 131|0x00000000e8300000, 0x00000000e8300000, 0x00000000e8400000|  0%| F|  |TAMS 0x00000000e8300000, 0x00000000e8300000| Untracked 
| 132|0x00000000e8400000, 0x00000000e8400000, 0x00000000e8500000|  0%| F|  |TAMS 0x00000000e8400000, 0x00000000e8400000| Untracked 
| 133|0x00000000e8500000, 0x00000000e8500000, 0x00000000e8600000|  0%| F|  |TAMS 0x00000000e8500000, 0x00000000e8500000| Untracked 
| 134|0x00000000e8600000, 0x00000000e8600000, 0x00000000e8700000|  0%| F|  |TAMS 0x00000000e8600000, 0x00000000e8600000| Untracked 
| 135|0x00000000e8700000, 0x00000000e8700000, 0x00000000e8800000|  0%| F|  |TAMS 0x00000000e8700000, 0x00000000e8700000| Untracked 
| 136|0x00000000e8800000, 0x00000000e8800000, 0x00000000e8900000|  0%| F|  |TAMS 0x00000000e8800000, 0x00000000e8800000| Untracked 
| 137|0x00000000e8900000, 0x00000000e8900000, 0x00000000e8a00000|  0%| F|  |TAMS 0x00000000e8900000, 0x00000000e8900000| Untracked 
| 138|0x00000000e8a00000, 0x00000000e8a00000, 0x00000000e8b00000|  0%| F|  |TAMS 0x00000000e8a00000, 0x00000000e8a00000| Untracked 
| 139|0x00000000e8b00000, 0x00000000e8b00000, 0x00000000e8c00000|  0%| F|  |TAMS 0x00000000e8b00000, 0x00000000e8b00000| Untracked 
| 140|0x00000000e8c00000, 0x00000000e8c00000, 0x00000000e8d00000|  0%| F|  |TAMS 0x00000000e8c00000, 0x00000000e8c00000| Untracked 
| 141|0x00000000e8d00000, 0x00000000e8d00000, 0x00000000e8e00000|  0%| F|  |TAMS 0x00000000e8d00000, 0x00000000e8d00000| Untracked 
| 142|0x00000000e8e00000, 0x00000000e8e00000, 0x00000000e8f00000|  0%| F|  |TAMS 0x00000000e8e00000, 0x00000000e8e00000| Untracked 
| 143|0x00000000e8f00000, 0x00000000e8f00000, 0x00000000e9000000|  0%| F|  |TAMS 0x00000000e8f00000, 0x00000000e8f00000| Untracked 
| 144|0x00000000e9000000, 0x00000000e9000000, 0x00000000e9100000|  0%| F|  |TAMS 0x00000000e9000000, 0x00000000e9000000| Untracked 
| 145|0x00000000e9100000, 0x00000000e9100000, 0x00000000e9200000|  0%| F|  |TAMS 0x00000000e9100000, 0x00000000e9100000| Untracked 
| 146|0x00000000e9200000, 0x00000000e9200000, 0x00000000e9300000|  0%| F|  |TAMS 0x00000000e9200000, 0x00000000e9200000| Untracked 
| 147|0x00000000e9300000, 0x00000000e9300000, 0x00000000e9400000|  0%| F|  |TAMS 0x00000000e9300000, 0x00000000e9300000| Untracked 
| 148|0x00000000e9400000, 0x00000000e9400000, 0x00000000e9500000|  0%| F|  |TAMS 0x00000000e9400000, 0x00000000e9400000| Untracked 
| 149|0x00000000e9500000, 0x00000000e9500000, 0x00000000e9600000|  0%| F|  |TAMS 0x00000000e9500000, 0x00000000e9500000| Untracked 
| 150|0x00000000e9600000, 0x00000000e9600000, 0x00000000e9700000|  0%| F|  |TAMS 0x00000000e9600000, 0x00000000e9600000| Untracked 
| 151|0x00000000e9700000, 0x00000000e9700000, 0x00000000e9800000|  0%| F|  |TAMS 0x00000000e9700000, 0x00000000e9700000| Untracked 
| 152|0x00000000e9800000, 0x00000000e9800000, 0x00000000e9900000|  0%| F|  |TAMS 0x00000000e9800000, 0x00000000e9800000| Untracked 
| 153|0x00000000e9900000, 0x00000000e9900000, 0x00000000e9a00000|  0%| F|  |TAMS 0x00000000e9900000, 0x00000000e9900000| Untracked 
| 154|0x00000000e9a00000, 0x00000000e9a00000, 0x00000000e9b00000|  0%| F|  |TAMS 0x00000000e9a00000, 0x00000000e9a00000| Untracked 
| 155|0x00000000e9b00000, 0x00000000e9b00000, 0x00000000e9c00000|  0%| F|  |TAMS 0x00000000e9b00000, 0x00000000e9b00000| Untracked 
| 156|0x00000000e9c00000, 0x00000000e9c00000, 0x00000000e9d00000|  0%| F|  |TAMS 0x00000000e9c00000, 0x00000000e9c00000| Untracked 
| 157|0x00000000e9d00000, 0x00000000e9d00000, 0x00000000e9e00000|  0%| F|  |TAMS 0x00000000e9d00000, 0x00000000e9d00000| Untracked 
| 158|0x00000000e9e00000, 0x00000000e9e00000, 0x00000000e9f00000|  0%| F|  |TAMS 0x00000000e9e00000, 0x00000000e9e00000| Untracked 
| 159|0x00000000e9f00000, 0x00000000e9f00000, 0x00000000ea000000|  0%| F|  |TAMS 0x00000000e9f00000, 0x00000000e9f00000| Untracked 
| 160|0x00000000ea000000, 0x00000000ea000000, 0x00000000ea100000|  0%| F|  |TAMS 0x00000000ea000000, 0x00000000ea000000| Untracked 
| 161|0x00000000ea100000, 0x00000000ea100000, 0x00000000ea200000|  0%| F|  |TAMS 0x00000000ea100000, 0x00000000ea100000| Untracked 
| 162|0x00000000ea200000, 0x00000000ea200000, 0x00000000ea300000|  0%| F|  |TAMS 0x00000000ea200000, 0x00000000ea200000| Untracked 
| 163|0x00000000ea300000, 0x00000000ea300000, 0x00000000ea400000|  0%| F|  |TAMS 0x00000000ea300000, 0x00000000ea300000| Untracked 
| 164|0x00000000ea400000, 0x00000000ea400000, 0x00000000ea500000|  0%| F|  |TAMS 0x00000000ea400000, 0x00000000ea400000| Untracked 
| 165|0x00000000ea500000, 0x00000000ea500000, 0x00000000ea600000|  0%| F|  |TAMS 0x00000000ea500000, 0x00000000ea500000| Untracked 
| 166|0x00000000ea600000, 0x00000000ea600000, 0x00000000ea700000|  0%| F|  |TAMS 0x00000000ea600000, 0x00000000ea600000| Untracked 
| 167|0x00000000ea700000, 0x00000000ea700000, 0x00000000ea800000|  0%| F|  |TAMS 0x00000000ea700000, 0x00000000ea700000| Untracked 
| 168|0x00000000ea800000, 0x00000000ea800000, 0x00000000ea900000|  0%| F|  |TAMS 0x00000000ea800000, 0x00000000ea800000| Untracked 
| 169|0x00000000ea900000, 0x00000000ea900000, 0x00000000eaa00000|  0%| F|  |TAMS 0x00000000ea900000, 0x00000000ea900000| Untracked 
| 170|0x00000000eaa00000, 0x00000000eaa00000, 0x00000000eab00000|  0%| F|  |TAMS 0x00000000eaa00000, 0x00000000eaa00000| Untracked 
| 171|0x00000000eab00000, 0x00000000eab00000, 0x00000000eac00000|  0%| F|  |TAMS 0x00000000eab00000, 0x00000000eab00000| Untracked 
| 172|0x00000000eac00000, 0x00000000eac00000, 0x00000000ead00000|  0%| F|  |TAMS 0x00000000eac00000, 0x00000000eac00000| Untracked 
| 173|0x00000000ead00000, 0x00000000ead00000, 0x00000000eae00000|  0%| F|  |TAMS 0x00000000ead00000, 0x00000000ead00000| Untracked 
| 174|0x00000000eae00000, 0x00000000eae00000, 0x00000000eaf00000|  0%| F|  |TAMS 0x00000000eae00000, 0x00000000eae00000| Untracked 
| 175|0x00000000eaf00000, 0x00000000eaf00000, 0x00000000eb000000|  0%| F|  |TAMS 0x00000000eaf00000, 0x00000000eaf00000| Untracked 
| 176|0x00000000eb000000, 0x00000000eb000000, 0x00000000eb100000|  0%| F|  |TAMS 0x00000000eb000000, 0x00000000eb000000| Untracked 
| 177|0x00000000eb100000, 0x00000000eb100000, 0x00000000eb200000|  0%| F|  |TAMS 0x00000000eb100000, 0x00000000eb100000| Untracked 
| 178|0x00000000eb200000, 0x00000000eb200000, 0x00000000eb300000|  0%| F|  |TAMS 0x00000000eb200000, 0x00000000eb200000| Untracked 
| 179|0x00000000eb300000, 0x00000000eb300000, 0x00000000eb400000|  0%| F|  |TAMS 0x00000000eb300000, 0x00000000eb300000| Untracked 
| 180|0x00000000eb400000, 0x00000000eb400000, 0x00000000eb500000|  0%| F|  |TAMS 0x00000000eb400000, 0x00000000eb400000| Untracked 
| 181|0x00000000eb500000, 0x00000000eb500000, 0x00000000eb600000|  0%| F|  |TAMS 0x00000000eb500000, 0x00000000eb500000| Untracked 
| 182|0x00000000eb600000, 0x00000000eb600000, 0x00000000eb700000|  0%| F|  |TAMS 0x00000000eb600000, 0x00000000eb600000| Untracked 
| 183|0x00000000eb700000, 0x00000000eb700000, 0x00000000eb800000|  0%| F|  |TAMS 0x00000000eb700000, 0x00000000eb700000| Untracked 
| 184|0x00000000eb800000, 0x00000000eb800000, 0x00000000eb900000|  0%| F|  |TAMS 0x00000000eb800000, 0x00000000eb800000| Untracked 
| 185|0x00000000eb900000, 0x00000000eb900000, 0x00000000eba00000|  0%| F|  |TAMS 0x00000000eb900000, 0x00000000eb900000| Untracked 
| 186|0x00000000eba00000, 0x00000000eba00000, 0x00000000ebb00000|  0%| F|  |TAMS 0x00000000eba00000, 0x00000000eba00000| Untracked 
| 187|0x00000000ebb00000, 0x00000000ebb00000, 0x00000000ebc00000|  0%| F|  |TAMS 0x00000000ebb00000, 0x00000000ebb00000| Untracked 
| 188|0x00000000ebc00000, 0x00000000ebc00000, 0x00000000ebd00000|  0%| F|  |TAMS 0x00000000ebc00000, 0x00000000ebc00000| Untracked 
| 189|0x00000000ebd00000, 0x00000000ebd00000, 0x00000000ebe00000|  0%| F|  |TAMS 0x00000000ebd00000, 0x00000000ebd00000| Untracked 
| 190|0x00000000ebe00000, 0x00000000ebe00000, 0x00000000ebf00000|  0%| F|  |TAMS 0x00000000ebe00000, 0x00000000ebe00000| Untracked 
| 191|0x00000000ebf00000, 0x00000000ebf00000, 0x00000000ec000000|  0%| F|  |TAMS 0x00000000ebf00000, 0x00000000ebf00000| Untracked 
| 192|0x00000000ec000000, 0x00000000ec000000, 0x00000000ec100000|  0%| F|  |TAMS 0x00000000ec000000, 0x00000000ec000000| Untracked 
| 193|0x00000000ec100000, 0x00000000ec100000, 0x00000000ec200000|  0%| F|  |TAMS 0x00000000ec100000, 0x00000000ec100000| Untracked 
| 194|0x00000000ec200000, 0x00000000ec200000, 0x00000000ec300000|  0%| F|  |TAMS 0x00000000ec200000, 0x00000000ec200000| Untracked 
| 195|0x00000000ec300000, 0x00000000ec300000, 0x00000000ec400000|  0%| F|  |TAMS 0x00000000ec300000, 0x00000000ec300000| Untracked 
| 196|0x00000000ec400000, 0x00000000ec400000, 0x00000000ec500000|  0%| F|  |TAMS 0x00000000ec400000, 0x00000000ec400000| Untracked 
| 197|0x00000000ec500000, 0x00000000ec500000, 0x00000000ec600000|  0%| F|  |TAMS 0x00000000ec500000, 0x00000000ec500000| Untracked 
| 198|0x00000000ec600000, 0x00000000ec600000, 0x00000000ec700000|  0%| F|  |TAMS 0x00000000ec600000, 0x00000000ec600000| Untracked 
| 199|0x00000000ec700000, 0x00000000ec700000, 0x00000000ec800000|  0%| F|  |TAMS 0x00000000ec700000, 0x00000000ec700000| Untracked 
| 200|0x00000000ec800000, 0x00000000ec800000, 0x00000000ec900000|  0%| F|  |TAMS 0x00000000ec800000, 0x00000000ec800000| Untracked 
| 201|0x00000000ec900000, 0x00000000ec900000, 0x00000000eca00000|  0%| F|  |TAMS 0x00000000ec900000, 0x00000000ec900000| Untracked 
| 202|0x00000000eca00000, 0x00000000eca00000, 0x00000000ecb00000|  0%| F|  |TAMS 0x00000000eca00000, 0x00000000eca00000| Untracked 
| 203|0x00000000ecb00000, 0x00000000ecb00000, 0x00000000ecc00000|  0%| F|  |TAMS 0x00000000ecb00000, 0x00000000ecb00000| Untracked 
| 204|0x00000000ecc00000, 0x00000000ecc00000, 0x00000000ecd00000|  0%| F|  |TAMS 0x00000000ecc00000, 0x00000000ecc00000| Untracked 
| 205|0x00000000ecd00000, 0x00000000ecd00000, 0x00000000ece00000|  0%| F|  |TAMS 0x00000000ecd00000, 0x00000000ecd00000| Untracked 
| 206|0x00000000ece00000, 0x00000000ece00000, 0x00000000ecf00000|  0%| F|  |TAMS 0x00000000ece00000, 0x00000000ece00000| Untracked 
| 207|0x00000000ecf00000, 0x00000000ecf00000, 0x00000000ed000000|  0%| F|  |TAMS 0x00000000ecf00000, 0x00000000ecf00000| Untracked 
| 208|0x00000000ed000000, 0x00000000ed000000, 0x00000000ed100000|  0%| F|  |TAMS 0x00000000ed000000, 0x00000000ed000000| Untracked 
| 209|0x00000000ed100000, 0x00000000ed100000, 0x00000000ed200000|  0%| F|  |TAMS 0x00000000ed100000, 0x00000000ed100000| Untracked 
| 210|0x00000000ed200000, 0x00000000ed200000, 0x00000000ed300000|  0%| F|  |TAMS 0x00000000ed200000, 0x00000000ed200000| Untracked 
| 211|0x00000000ed300000, 0x00000000ed300000, 0x00000000ed400000|  0%| F|  |TAMS 0x00000000ed300000, 0x00000000ed300000| Untracked 
| 212|0x00000000ed400000, 0x00000000ed400000, 0x00000000ed500000|  0%| F|  |TAMS 0x00000000ed400000, 0x00000000ed400000| Untracked 
| 213|0x00000000ed500000, 0x00000000ed500000, 0x00000000ed600000|  0%| F|  |TAMS 0x00000000ed500000, 0x00000000ed500000| Untracked 
| 214|0x00000000ed600000, 0x00000000ed600000, 0x00000000ed700000|  0%| F|  |TAMS 0x00000000ed600000, 0x00000000ed600000| Untracked 
| 215|0x00000000ed700000, 0x00000000ed700000, 0x00000000ed800000|  0%| F|  |TAMS 0x00000000ed700000, 0x00000000ed700000| Untracked 
| 216|0x00000000ed800000, 0x00000000ed800000, 0x00000000ed900000|  0%| F|  |TAMS 0x00000000ed800000, 0x00000000ed800000| Untracked 
| 217|0x00000000ed900000, 0x00000000ed900000, 0x00000000eda00000|  0%| F|  |TAMS 0x00000000ed900000, 0x00000000ed900000| Untracked 
| 218|0x00000000eda00000, 0x00000000eda00000, 0x00000000edb00000|  0%| F|  |TAMS 0x00000000eda00000, 0x00000000eda00000| Untracked 
| 219|0x00000000edb00000, 0x00000000edb00000, 0x00000000edc00000|  0%| F|  |TAMS 0x00000000edb00000, 0x00000000edb00000| Untracked 
| 220|0x00000000edc00000, 0x00000000edc00000, 0x00000000edd00000|  0%| F|  |TAMS 0x00000000edc00000, 0x00000000edc00000| Untracked 
| 221|0x00000000edd00000, 0x00000000edd00000, 0x00000000ede00000|  0%| F|  |TAMS 0x00000000edd00000, 0x00000000edd00000| Untracked 
| 222|0x00000000ede00000, 0x00000000ede00000, 0x00000000edf00000|  0%| F|  |TAMS 0x00000000ede00000, 0x00000000ede00000| Untracked 
| 223|0x00000000edf00000, 0x00000000edf00000, 0x00000000ee000000|  0%| F|  |TAMS 0x00000000edf00000, 0x00000000edf00000| Untracked 
| 224|0x00000000ee000000, 0x00000000ee000000, 0x00000000ee100000|  0%| F|  |TAMS 0x00000000ee000000, 0x00000000ee000000| Untracked 
| 225|0x00000000ee100000, 0x00000000ee100000, 0x00000000ee200000|  0%| F|  |TAMS 0x00000000ee100000, 0x00000000ee100000| Untracked 
| 226|0x00000000ee200000, 0x00000000ee200000, 0x00000000ee300000|  0%| F|  |TAMS 0x00000000ee200000, 0x00000000ee200000| Untracked 
| 227|0x00000000ee300000, 0x00000000ee300000, 0x00000000ee400000|  0%| F|  |TAMS 0x00000000ee300000, 0x00000000ee300000| Untracked 
| 228|0x00000000ee400000, 0x00000000ee400000, 0x00000000ee500000|  0%| F|  |TAMS 0x00000000ee400000, 0x00000000ee400000| Untracked 
| 229|0x00000000ee500000, 0x00000000ee500000, 0x00000000ee600000|  0%| F|  |TAMS 0x00000000ee500000, 0x00000000ee500000| Untracked 
| 230|0x00000000ee600000, 0x00000000ee600000, 0x00000000ee700000|  0%| F|  |TAMS 0x00000000ee600000, 0x00000000ee600000| Untracked 
| 231|0x00000000ee700000, 0x00000000ee700000, 0x00000000ee800000|  0%| F|  |TAMS 0x00000000ee700000, 0x00000000ee700000| Untracked 
| 232|0x00000000ee800000, 0x00000000ee800000, 0x00000000ee900000|  0%| F|  |TAMS 0x00000000ee800000, 0x00000000ee800000| Untracked 
| 233|0x00000000ee900000, 0x00000000ee900000, 0x00000000eea00000|  0%| F|  |TAMS 0x00000000ee900000, 0x00000000ee900000| Untracked 
| 234|0x00000000eea00000, 0x00000000eea00000, 0x00000000eeb00000|  0%| F|  |TAMS 0x00000000eea00000, 0x00000000eea00000| Untracked 
| 235|0x00000000eeb00000, 0x00000000eeb00000, 0x00000000eec00000|  0%| F|  |TAMS 0x00000000eeb00000, 0x00000000eeb00000| Untracked 
| 236|0x00000000eec00000, 0x00000000eec00000, 0x00000000eed00000|  0%| F|  |TAMS 0x00000000eec00000, 0x00000000eec00000| Untracked 
| 237|0x00000000eed00000, 0x00000000eed00000, 0x00000000eee00000|  0%| F|  |TAMS 0x00000000eed00000, 0x00000000eed00000| Untracked 
| 238|0x00000000eee00000, 0x00000000eee00000, 0x00000000eef00000|  0%| F|  |TAMS 0x00000000eee00000, 0x00000000eee00000| Untracked 
| 239|0x00000000eef00000, 0x00000000eef00000, 0x00000000ef000000|  0%| F|  |TAMS 0x00000000eef00000, 0x00000000eef00000| Untracked 
| 240|0x00000000ef000000, 0x00000000ef000000, 0x00000000ef100000|  0%| F|  |TAMS 0x00000000ef000000, 0x00000000ef000000| Untracked 
| 241|0x00000000ef100000, 0x00000000ef100000, 0x00000000ef200000|  0%| F|  |TAMS 0x00000000ef100000, 0x00000000ef100000| Untracked 
| 242|0x00000000ef200000, 0x00000000ef200000, 0x00000000ef300000|  0%| F|  |TAMS 0x00000000ef200000, 0x00000000ef200000| Untracked 
| 243|0x00000000ef300000, 0x00000000ef300000, 0x00000000ef400000|  0%| F|  |TAMS 0x00000000ef300000, 0x00000000ef300000| Untracked 
| 244|0x00000000ef400000, 0x00000000ef400000, 0x00000000ef500000|  0%| F|  |TAMS 0x00000000ef400000, 0x00000000ef400000| Untracked 
| 245|0x00000000ef500000, 0x00000000ef500000, 0x00000000ef600000|  0%| F|  |TAMS 0x00000000ef500000, 0x00000000ef500000| Untracked 
| 246|0x00000000ef600000, 0x00000000ef600000, 0x00000000ef700000|  0%| F|  |TAMS 0x00000000ef600000, 0x00000000ef600000| Untracked 
| 247|0x00000000ef700000, 0x00000000ef700000, 0x00000000ef800000|  0%| F|  |TAMS 0x00000000ef700000, 0x00000000ef700000| Untracked 
| 248|0x00000000ef800000, 0x00000000ef800000, 0x00000000ef900000|  0%| F|  |TAMS 0x00000000ef800000, 0x00000000ef800000| Untracked 
| 249|0x00000000ef900000, 0x00000000ef9f5c70, 0x00000000efa00000| 96%| E|  |TAMS 0x00000000ef900000, 0x00000000ef900000| Complete 
| 250|0x00000000efa00000, 0x00000000efb00000, 0x00000000efb00000|100%| E|CS|TAMS 0x00000000efa00000, 0x00000000efa00000| Complete 
| 251|0x00000000efb00000, 0x00000000efc00000, 0x00000000efc00000|100%| E|CS|TAMS 0x00000000efb00000, 0x00000000efb00000| Complete 
| 252|0x00000000efc00000, 0x00000000efd00000, 0x00000000efd00000|100%| E|CS|TAMS 0x00000000efc00000, 0x00000000efc00000| Complete 
| 253|0x00000000efd00000, 0x00000000efe00000, 0x00000000efe00000|100%| E|CS|TAMS 0x00000000efd00000, 0x00000000efd00000| Complete 
| 254|0x00000000efe00000, 0x00000000eff00000, 0x00000000eff00000|100%| E|CS|TAMS 0x00000000efe00000, 0x00000000efe00000| Complete 
| 255|0x00000000eff00000, 0x00000000f0000000, 0x00000000f0000000|100%| E|CS|TAMS 0x00000000eff00000, 0x00000000eff00000| Complete 

Card table byte_map: [0x0000020b240f0000,0x0000020b241f0000] _byte_map_base: 0x0000020b239f0000

Marking Bits (Prev, Next): (CMBitMap*) 0x0000020b0d5cbf60, (CMBitMap*) 0x0000020b0d5cbf20
 Prev Bits: [0x0000020b24af0000, 0x0000020b252f0000)
 Next Bits: [0x0000020b242f0000, 0x0000020b24af0000)

Polling page: 0x0000020b0b330000

Metaspace:

Usage:
  Non-class:     60.38 MB used.
      Class:      9.57 MB used.
       Both:     69.95 MB used.

Virtual space:
  Non-class space:       64.00 MB reserved,      60.75 MB ( 95%) committed,  1 nodes.
      Class space:      320.00 MB reserved,       9.88 MB (  3%) committed,  1 nodes.
             Both:      384.00 MB reserved,      70.62 MB ( 18%) committed. 

Chunk freelists:
   Non-Class:  2.48 MB
       Class:  6.12 MB
        Both:  8.61 MB

MaxMetaspaceSize: 384.00 MB
CompressedClassSpaceSize: 320.00 MB
Initial GC threshold: 21.00 MB
Current GC threshold: 98.88 MB
CDS: on
MetaspaceReclaimPolicy: balanced
 - commit_granule_bytes: 65536.
 - commit_granule_words: 8192.
 - virtual_space_node_default_size: 8388608.
 - enlarge_chunks_in_place: 1.
 - new_chunks_are_fully_committed: 0.
 - uncommit_free_chunks: 1.
 - use_allocation_guard: 0.
 - handle_deallocations: 1.


Internal statistics:

num_allocs_failed_limit: 11.
num_arena_births: 898.
num_arena_deaths: 0.
num_vsnodes_births: 2.
num_vsnodes_deaths: 0.
num_space_committed: 1130.
num_space_uncommitted: 0.
num_chunks_returned_to_freelist: 11.
num_chunks_taken_from_freelist: 3945.
num_chunk_merges: 11.
num_chunk_splits: 2563.
num_chunks_enlarged: 1677.
num_inconsistent_stats: 0.

CodeHeap 'non-profiled nmethods': size=120000Kb used=5628Kb max_used=5993Kb free=114371Kb
 bounds [0x0000020b1cbc0000, 0x0000020b1d1c0000, 0x0000020b240f0000]
CodeHeap 'profiled nmethods': size=120000Kb used=18526Kb max_used=20325Kb free=101473Kb
 bounds [0x0000020b150f0000, 0x0000020b164d0000, 0x0000020b1c620000]
CodeHeap 'non-nmethods': size=5760Kb used=2386Kb max_used=2440Kb free=3373Kb
 bounds [0x0000020b1c620000, 0x0000020b1c890000, 0x0000020b1cbc0000]
 total_blobs=10492 nmethods=9588 adapters=816
 compilation: enabled
              stopped_count=0, restarted_count=0
 full_count=0

Compilation events (20 events):
Event: 58.037 Thread 0x0000020b278f4560 11154       3       org.gradle.util.internal.GUtil::isTrue (56 bytes)
Event: 58.038 Thread 0x0000020b278f4560 nmethod 11154 0x0000020b154e0f90 code [0x0000020b154e11a0, 0x0000020b154e1a48]
Event: 58.041 Thread 0x0000020b278f4560 11155       1       org.gradle.api.internal.DefaultNamedDomainObjectCollection$AbstractNamedDomainObjectProvider::getName (5 bytes)
Event: 58.041 Thread 0x0000020b278f4560 nmethod 11155 0x0000020b1d00f590 code [0x0000020b1d00f720, 0x0000020b1d00f7f8]
Event: 58.045 Thread 0x0000020b278f4560 11156       3       java.util.IdentityHashMap::put (137 bytes)
Event: 58.046 Thread 0x0000020b278f4560 nmethod 11156 0x0000020b1580a810 code [0x0000020b1580aa40, 0x0000020b1580b4f8]
Event: 58.049 Thread 0x0000020b278f4560 11158       3       org.objectweb.asm.SymbolTable::putBootstrapMethods (56 bytes)
Event: 58.049 Thread 0x0000020b278f4560 nmethod 11158 0x0000020b1560ec10 code [0x0000020b1560ee00, 0x0000020b1560f0c8]
Event: 58.057 Thread 0x0000020b278e7b80 nmethod 11144 0x0000020b1cf41f10 code [0x0000020b1cf420e0, 0x0000020b1cf42d38]
Event: 58.057 Thread 0x0000020b278e7b80 11157       4       org.gradle.internal.instantiation.generator.AbstractClassGenerator::inspectType (602 bytes)
Event: 58.059 Thread 0x0000020b278f4560 11159       2       com.google.common.collect.AbstractMapBasedMultimap::createCollection (5 bytes)
Event: 58.060 Thread 0x0000020b278f4560 nmethod 11159 0x0000020b153f7890 code [0x0000020b153f7a20, 0x0000020b153f7b48]
Event: 58.193 Thread 0x0000020b278f4560 11163       3       java.util.concurrent.ThreadPoolExecutor$Worker::lock (6 bytes)
Event: 58.194 Thread 0x0000020b278f4560 nmethod 11163 0x0000020b15439010 code [0x0000020b154391a0, 0x0000020b154392e8]
Event: 58.194 Thread 0x0000020b278f4560 11164       3       java.util.concurrent.ThreadPoolExecutor$Worker::tryAcquire (20 bytes)
Event: 58.194 Thread 0x0000020b278f4560 nmethod 11164 0x0000020b156e4590 code [0x0000020b156e4740, 0x0000020b156e4988]
Event: 58.226 Thread 0x0000020b278f4560 11165       3       java.lang.ClassLoader::postDefineClass (39 bytes)
Event: 58.226 Thread 0x0000020b278f4560 nmethod 11165 0x0000020b15633510 code [0x0000020b15633700, 0x0000020b15633a18]
Event: 58.260 Thread 0x0000020b278f4560 11167       3       java.lang.Thread::getContextClassLoader (32 bytes)
Event: 58.261 Thread 0x0000020b278f4560 nmethod 11167 0x0000020b153e2490 code [0x0000020b153e26c0, 0x0000020b153e3058]

GC Heap History (20 events):
Event: 1.432 GC heap before
{Heap before GC invocations=0 (full 0):
 garbage-first heap   total 262144K, used 13312K [0x00000000e0000000, 0x0000000100000000)
  region size 1024K, 13 young (13312K), 0 survivors (0K)
 Metaspace       used 787K, committed 896K, reserved 393216K
  class space    used 62K, committed 128K, reserved 327680K
}
Event: 1.436 GC heap after
{Heap after GC invocations=1 (full 0):
 garbage-first heap   total 262144K, used 1280K [0x00000000e0000000, 0x0000000100000000)
  region size 1024K, 2 young (2048K), 2 survivors (2048K)
 Metaspace       used 787K, committed 896K, reserved 393216K
  class space    used 62K, committed 128K, reserved 327680K
}
Event: 3.234 GC heap before
{Heap before GC invocations=1 (full 0):
 garbage-first heap   total 262144K, used 22784K [0x00000000e0000000, 0x0000000100000000)
  region size 1024K, 21 young (21504K), 2 survivors (2048K)
 Metaspace       used 1894K, committed 2048K, reserved 393216K
  class space    used 182K, committed 256K, reserved 327680K
}
Event: 3.243 GC heap after
{Heap after GC invocations=2 (full 0):
 garbage-first heap   total 262144K, used 9620K [0x00000000e0000000, 0x0000000100000000)
  region size 1024K, 3 young (3072K), 3 survivors (3072K)
 Metaspace       used 1894K, committed 2048K, reserved 393216K
  class space    used 182K, committed 256K, reserved 327680K
}
Event: 18.026 GC heap before
{Heap before GC invocations=2 (full 0):
 garbage-first heap   total 262144K, used 165268K [0x00000000e0000000, 0x0000000100000000)
  region size 1024K, 153 young (156672K), 3 survivors (3072K)
 Metaspace       used 17873K, committed 18176K, reserved 393216K
  class space    used 2559K, committed 2688K, reserved 327680K
}
Event: 18.085 GC heap after
{Heap after GC invocations=3 (full 0):
 garbage-first heap   total 262144K, used 21519K [0x00000000e0000000, 0x0000000100000000)
  region size 1024K, 14 young (14336K), 14 survivors (14336K)
 Metaspace       used 17873K, committed 18176K, reserved 393216K
  class space    used 2559K, committed 2688K, reserved 327680K
}
Event: 22.884 GC heap before
{Heap before GC invocations=3 (full 0):
 garbage-first heap   total 262144K, used 51215K [0x00000000e0000000, 0x0000000100000000)
  region size 1024K, 45 young (46080K), 14 survivors (14336K)
 Metaspace       used 21188K, committed 21504K, reserved 393216K
  class space    used 3082K, committed 3264K, reserved 327680K
}
Event: 23.011 GC heap after
{Heap after GC invocations=4 (full 0):
 garbage-first heap   total 262144K, used 24405K [0x00000000e0000000, 0x0000000100000000)
  region size 1024K, 3 young (3072K), 3 survivors (3072K)
 Metaspace       used 21188K, committed 21504K, reserved 393216K
  class space    used 3082K, committed 3264K, reserved 327680K
}
Event: 31.775 GC heap before
{Heap before GC invocations=5 (full 0):
 garbage-first heap   total 262144K, used 145237K [0x00000000e0000000, 0x0000000100000000)
  region size 1024K, 116 young (118784K), 3 survivors (3072K)
 Metaspace       used 35528K, committed 35968K, reserved 393216K
  class space    used 4877K, committed 5120K, reserved 327680K
}
Event: 31.807 GC heap after
{Heap after GC invocations=6 (full 0):
 garbage-first heap   total 262144K, used 33811K [0x00000000e0000000, 0x0000000100000000)
  region size 1024K, 11 young (11264K), 11 survivors (11264K)
 Metaspace       used 35528K, committed 35968K, reserved 393216K
  class space    used 4877K, committed 5120K, reserved 327680K
}
Event: 34.720 GC heap before
{Heap before GC invocations=7 (full 0):
 garbage-first heap   total 262144K, used 126995K [0x00000000e0000000, 0x0000000100000000)
  region size 1024K, 102 young (104448K), 11 survivors (11264K)
 Metaspace       used 43225K, committed 43776K, reserved 393216K
  class space    used 6033K, committed 6272K, reserved 327680K
}
Event: 34.758 GC heap after
{Heap after GC invocations=8 (full 0):
 garbage-first heap   total 262144K, used 35996K [0x00000000e0000000, 0x0000000100000000)
  region size 1024K, 4 young (4096K), 4 survivors (4096K)
 Metaspace       used 43225K, committed 43776K, reserved 393216K
  class space    used 6033K, committed 6272K, reserved 327680K
}
Event: 41.603 GC heap before
{Heap before GC invocations=8 (full 0):
 garbage-first heap   total 262144K, used 199836K [0x00000000e0000000, 0x0000000100000000)
  region size 1024K, 153 young (156672K), 4 survivors (4096K)
 Metaspace       used 56476K, committed 57088K, reserved 393216K
  class space    used 7797K, committed 8128K, reserved 327680K
}
Event: 41.648 GC heap after
{Heap after GC invocations=9 (full 0):
 garbage-first heap   total 262144K, used 57500K [0x00000000e0000000, 0x0000000100000000)
  region size 1024K, 13 young (13312K), 13 survivors (13312K)
 Metaspace       used 56476K, committed 57088K, reserved 393216K
  class space    used 7797K, committed 8128K, reserved 327680K
}
Event: 43.126 GC heap before
{Heap before GC invocations=9 (full 0):
 garbage-first heap   total 262144K, used 94364K [0x00000000e0000000, 0x0000000100000000)
  region size 1024K, 50 young (51200K), 13 survivors (13312K)
 Metaspace       used 59972K, committed 60480K, reserved 393216K
  class space    used 8347K, committed 8576K, reserved 327680K
}
Event: 43.141 GC heap after
{Heap after GC invocations=10 (full 0):
 garbage-first heap   total 262144K, used 60891K [0x00000000e0000000, 0x0000000100000000)
  region size 1024K, 14 young (14336K), 14 survivors (14336K)
 Metaspace       used 59972K, committed 60480K, reserved 393216K
  class space    used 8347K, committed 8576K, reserved 327680K
}
Event: 50.918 GC heap before
{Heap before GC invocations=11 (full 0):
 garbage-first heap   total 262144K, used 203227K [0x00000000e0000000, 0x0000000100000000)
  region size 1024K, 153 young (156672K), 14 survivors (14336K)
 Metaspace       used 69295K, committed 70016K, reserved 393216K
  class space    used 9595K, committed 9920K, reserved 327680K
}
Event: 50.969 GC heap after
{Heap after GC invocations=12 (full 0):
 garbage-first heap   total 262144K, used 69001K [0x00000000e0000000, 0x0000000100000000)
  region size 1024K, 12 young (12288K), 12 survivors (12288K)
 Metaspace       used 69295K, committed 70016K, reserved 393216K
  class space    used 9595K, committed 9920K, reserved 327680K
}
Event: 57.657 GC heap before
{Heap before GC invocations=12 (full 0):
 garbage-first heap   total 262144K, used 209289K [0x00000000e0000000, 0x0000000100000000)
  region size 1024K, 149 young (152576K), 12 survivors (12288K)
 Metaspace       used 71197K, committed 71872K, reserved 393216K
  class space    used 9720K, committed 10048K, reserved 327680K
}
Event: 57.810 GC heap after
{Heap after GC invocations=13 (full 0):
 garbage-first heap   total 262144K, used 75049K [0x00000000e0000000, 0x0000000100000000)
  region size 1024K, 15 young (15360K), 15 survivors (15360K)
 Metaspace       used 71197K, committed 71872K, reserved 393216K
  class space    used 9720K, committed 10048K, reserved 327680K
}

Dll operation events (15 events):
Event: 0.075 Loaded shared library C:\Users\User\.jdks\ms-17.0.15\bin\java.dll
Event: 0.254 Loaded shared library C:\Users\User\.jdks\ms-17.0.15\bin\jsvml.dll
Event: 0.518 Loaded shared library C:\Users\User\.jdks\ms-17.0.15\bin\zip.dll
Event: 0.524 Loaded shared library C:\Users\User\.jdks\ms-17.0.15\bin\instrument.dll
Event: 0.539 Loaded shared library C:\Users\User\.jdks\ms-17.0.15\bin\net.dll
Event: 0.553 Loaded shared library C:\Users\User\.jdks\ms-17.0.15\bin\nio.dll
Event: 0.557 Loaded shared library C:\Users\User\.jdks\ms-17.0.15\bin\zip.dll
Event: 1.745 Loaded shared library C:\Users\User\.jdks\ms-17.0.15\bin\jimage.dll
Event: 3.011 Loaded shared library C:\Users\User\.jdks\ms-17.0.15\bin\verify.dll
Event: 3.295 Loaded shared library C:\Users\User\.gradle\native\1def1411415f61bf3af743bc5b6707747c0891f09f0c88961ee8f79bc544acac\windows-amd64\native-platform.dll
Event: 3.325 Loaded shared library C:\Users\User\.gradle\native\0.2.7\x86_64-windows-gnu\gradle-fileevents.dll
Event: 8.192 Loaded shared library C:\Users\User\.jdks\ms-17.0.15\bin\management.dll
Event: 8.217 Loaded shared library C:\Users\User\.jdks\ms-17.0.15\bin\management_ext.dll
Event: 9.166 Loaded shared library C:\Users\User\.jdks\ms-17.0.15\bin\extnet.dll
Event: 12.306 Loaded shared library C:\Users\User\.jdks\ms-17.0.15\bin\sunmscapi.dll

Deoptimization events (20 events):
Event: 57.461 Thread 0x0000020b27930570 Uncommon trap: trap_request=0xffffff45 fr.pc=0x0000020b1cfdca1c relative=0x00000000000006dc
Event: 57.461 Thread 0x0000020b27930570 Uncommon trap: reason=unstable_if action=reinterpret pc=0x0000020b1cfdca1c method=java.lang.PublicMethods$MethodList.filter([Ljava/lang/reflect/Method;Ljava/lang/String;[Ljava/lang/Class;Z)Ljava/lang/PublicMethods$MethodList; @ 43 c2
Event: 57.461 Thread 0x0000020b27930570 DEOPT PACKING pc=0x0000020b1cfdca1c sp=0x0000001742df7f80
Event: 57.461 Thread 0x0000020b27930570 DEOPT UNPACKING pc=0x0000020b1c67a1a3 sp=0x0000001742df7f40 mode 2
Event: 57.478 Thread 0x0000020b27930570 Uncommon trap: trap_request=0xffffff45 fr.pc=0x0000020b1cd683b4 relative=0x00000000000015b4
Event: 57.478 Thread 0x0000020b27930570 Uncommon trap: reason=unstable_if action=reinterpret pc=0x0000020b1cd683b4 method=java.util.WeakHashMap.matchesKey(Ljava/util/WeakHashMap$Entry;Ljava/lang/Object;)Z @ 5 c2
Event: 57.478 Thread 0x0000020b27930570 DEOPT PACKING pc=0x0000020b1cd683b4 sp=0x0000001742df8390
Event: 57.478 Thread 0x0000020b27930570 DEOPT UNPACKING pc=0x0000020b1c67a1a3 sp=0x0000001742df8318 mode 2
Event: 57.559 Thread 0x0000020b27930570 Uncommon trap: trap_request=0xffffff45 fr.pc=0x0000020b1d1673c8 relative=0x0000000000000188
Event: 57.559 Thread 0x0000020b27930570 Uncommon trap: reason=unstable_if action=reinterpret pc=0x0000020b1d1673c8 method=java.lang.reflect.AccessibleObject.checkCanSetAccessible(Ljava/lang/Class;Ljava/lang/Class;Z)Z @ 67 c2
Event: 57.559 Thread 0x0000020b27930570 DEOPT PACKING pc=0x0000020b1d1673c8 sp=0x0000001742df89f0
Event: 57.559 Thread 0x0000020b27930570 DEOPT UNPACKING pc=0x0000020b1c67a1a3 sp=0x0000001742df8978 mode 2
Event: 57.992 Thread 0x0000020b27930570 Uncommon trap: trap_request=0xffffff45 fr.pc=0x0000020b1cee753c relative=0x000000000000077c
Event: 57.992 Thread 0x0000020b27930570 Uncommon trap: reason=unstable_if action=reinterpret pc=0x0000020b1cee753c method=java.lang.ClassLoader.checkCerts(Ljava/lang/String;Ljava/security/CodeSource;)V @ 30 c2
Event: 57.993 Thread 0x0000020b27930570 DEOPT PACKING pc=0x0000020b1cee753c sp=0x0000001742df8940
Event: 57.993 Thread 0x0000020b27930570 DEOPT UNPACKING pc=0x0000020b1c67a1a3 sp=0x0000001742df8920 mode 2
Event: 58.236 Thread 0x0000020b435d2b80 Uncommon trap: trap_request=0xffffffc6 fr.pc=0x0000020b1cc7fb38 relative=0x0000000000000eb8
Event: 58.236 Thread 0x0000020b435d2b80 Uncommon trap: reason=bimorphic_or_optimized_type_check action=maybe_recompile pc=0x0000020b1cc7fb38 method=java.util.Collections$SetFromMap.remove(Ljava/lang/Object;)Z @ 5 c2
Event: 58.236 Thread 0x0000020b435d2b80 DEOPT PACKING pc=0x0000020b1cc7fb38 sp=0x00000017476fd890
Event: 58.237 Thread 0x0000020b435d2b80 DEOPT UNPACKING pc=0x0000020b1c67a1a3 sp=0x00000017476fd888 mode 2

Classes loaded (20 events):
Event: 57.586 Loading class java/util/TreeSetCustomizer
Event: 57.586 Loading class java/util/TreeSetCustomizer done
Event: 57.586 Loading class java/util/TreeSetCustomizer
Event: 57.586 Loading class java/util/TreeSetCustomizer done
Event: 57.979 Loading class java/util/ArrayListBeanInfo
Event: 57.982 Loading class java/util/ArrayListBeanInfo done
Event: 57.983 Loading class java/util/ArrayListBeanInfo
Event: 57.983 Loading class java/util/ArrayListBeanInfo done
Event: 57.983 Loading class java/util/AbstractListBeanInfo
Event: 57.985 Loading class java/util/AbstractListBeanInfo done
Event: 57.985 Loading class java/util/AbstractListBeanInfo
Event: 57.985 Loading class java/util/AbstractListBeanInfo done
Event: 57.985 Loading class java/util/AbstractListCustomizer
Event: 57.986 Loading class java/util/AbstractListCustomizer done
Event: 57.986 Loading class java/util/AbstractListCustomizer
Event: 57.986 Loading class java/util/AbstractListCustomizer done
Event: 57.988 Loading class java/util/ArrayListCustomizer
Event: 57.988 Loading class java/util/ArrayListCustomizer done
Event: 57.988 Loading class java/util/ArrayListCustomizer
Event: 57.988 Loading class java/util/ArrayListCustomizer done

Classes unloaded (0 events):
No events

Classes redefined (0 events):
No events

Internal exceptions (20 events):
Event: 57.582 Thread 0x0000020b27930570 Exception <a 'java/lang/ClassNotFoundException'{0x00000000e7c169f0}: java/util/TreeSetBeanInfo> (0x00000000e7c169f0) 
thrown [s\src\hotspot\share\classfile\systemDictionary.cpp, line 256]
Event: 57.584 Thread 0x0000020b27930570 Exception <a 'java/lang/ClassNotFoundException'{0x00000000e7c1ca50}: java/util/AbstractSetBeanInfo> (0x00000000e7c1ca50) 
thrown [s\src\hotspot\share\classfile\systemDictionary.cpp, line 256]
Event: 57.584 Thread 0x0000020b27930570 Exception <a 'java/lang/ClassNotFoundException'{0x00000000e7c22b20}: java/util/AbstractSetCustomizer> (0x00000000e7c22b20) 
thrown [s\src\hotspot\share\classfile\systemDictionary.cpp, line 256]
Event: 57.586 Thread 0x0000020b27930570 Exception <a 'java/lang/ClassNotFoundException'{0x00000000e7c45ba8}: java/util/TreeSetCustomizer> (0x00000000e7c45ba8) 
thrown [s\src\hotspot\share\classfile\systemDictionary.cpp, line 256]
Event: 57.601 Thread 0x0000020b27930570 Exception <a 'java/lang/ClassNotFoundException'{0x00000000e7b33c88}: groovy/lang/GString$1BeanInfo> (0x00000000e7b33c88) 
thrown [s\src\hotspot\share\classfile\systemDictionary.cpp, line 256]
Event: 57.603 Thread 0x0000020b27930570 Exception <a 'java/lang/ClassNotFoundException'{0x00000000e7b4c288}: groovy/lang/GStringBeanInfo> (0x00000000e7b4c288) 
thrown [s\src\hotspot\share\classfile\systemDictionary.cpp, line 256]
Event: 57.604 Thread 0x0000020b27930570 Exception <a 'java/lang/ClassNotFoundException'{0x00000000e7b64850}: groovy/lang/GStringCustomizer> (0x00000000e7b64850) 
thrown [s\src\hotspot\share\classfile\systemDictionary.cpp, line 256]
Event: 57.606 Thread 0x0000020b27930570 Exception <a 'java/lang/ClassNotFoundException'{0x00000000e7b892a8}: groovy/lang/GString$1Customizer> (0x00000000e7b892a8) 
thrown [s\src\hotspot\share\classfile\systemDictionary.cpp, line 256]
Event: 57.650 Thread 0x0000020b27930570 Exception <a 'java/lang/ClassNotFoundException'{0x00000000e7850be0}: org/codehaus/groovy/runtime/GStringImplBeanInfo> (0x00000000e7850be0) 
thrown [s\src\hotspot\share\classfile\systemDictionary.cpp, line 256]
Event: 57.874 Thread 0x0000020b27930570 Exception <a 'java/lang/ClassNotFoundException'{0x00000000eff1c300}: org/codehaus/groovy/runtime/GStringImplCustomizer> (0x00000000eff1c300) 
thrown [s\src\hotspot\share\classfile\systemDictionary.cpp, line 256]
Event: 57.907 Thread 0x0000020b27930570 Exception <a 'java/lang/ClassNotFoundException'{0x00000000eff7b720}: org/gradle/internal/logging/slf4j/OutputEventListenerBackedLoggerBeanInfo> (0x00000000eff7b720) 
thrown [s\src\hotspot\share\classfile\systemDictionary.cpp, line 256]
Event: 57.908 Thread 0x0000020b27930570 Exception <a 'java/lang/ClassNotFoundException'{0x00000000eff9d938}: org/gradle/internal/logging/slf4j/BuildOperationAwareLoggerBeanInfo> (0x00000000eff9d938) 
thrown [s\src\hotspot\share\classfile\systemDictionary.cpp, line 256]
Event: 57.909 Thread 0x0000020b27930570 Exception <a 'java/lang/ClassNotFoundException'{0x00000000effa91f8}: org/gradle/internal/logging/slf4j/BuildOperationAwareLoggerCustomizer> (0x00000000effa91f8) 
thrown [s\src\hotspot\share\classfile\systemDictionary.cpp, line 256]
Event: 57.913 Thread 0x0000020b27930570 Exception <a 'java/lang/ClassNotFoundException'{0x00000000effe5168}: org/gradle/internal/logging/slf4j/OutputEventListenerBackedLoggerCustomizer> (0x00000000effe5168) 
thrown [s\src\hotspot\share\classfile\systemDictionary.cpp, line 256]
Event: 57.983 Thread 0x0000020b27930570 Exception <a 'java/lang/ClassNotFoundException'{0x00000000efd40720}: java/util/ArrayListBeanInfo> (0x00000000efd40720) 
thrown [s\src\hotspot\share\classfile\systemDictionary.cpp, line 256]
Event: 57.985 Thread 0x0000020b27930570 Exception <a 'java/lang/ClassNotFoundException'{0x00000000efd46798}: java/util/AbstractListBeanInfo> (0x00000000efd46798) 
thrown [s\src\hotspot\share\classfile\systemDictionary.cpp, line 256]
Event: 57.986 Thread 0x0000020b27930570 Exception <a 'java/lang/ClassNotFoundException'{0x00000000efd4c868}: java/util/AbstractListCustomizer> (0x00000000efd4c868) 
thrown [s\src\hotspot\share\classfile\systemDictionary.cpp, line 256]
Event: 57.988 Thread 0x0000020b27930570 Exception <a 'java/lang/ClassNotFoundException'{0x00000000efd79168}: java/util/ArrayListCustomizer> (0x00000000efd79168) 
thrown [s\src\hotspot\share\classfile\systemDictionary.cpp, line 256]
Event: 57.992 Thread 0x0000020b27930570 Implicit null exception at 0x0000020b1cee70c0 to 0x0000020b1cee7520
Event: 58.185 Thread 0x0000020b435d2b80 Exception <a 'java/lang/NoSuchMethodError'{0x00000000efbbe3d8}: 'java.lang.Object java.lang.invoke.DirectMethodHandle$Holder.newInvokeSpecial(java.lang.Object, java.lang.Object, int, java.lang.Object, java.lang.Object)'> (0x00000000efbbe3d8) 
thrown [s\src\hotspot\share\interpreter\linkResolver.cpp, line 759]

VM Operations (20 events):
Event: 55.500 Executing VM operation: Cleanup
Event: 55.500 Executing VM operation: Cleanup done
Event: 56.511 Executing VM operation: Cleanup
Event: 56.512 Executing VM operation: Cleanup done
Event: 56.698 Executing VM operation: HandshakeAllThreads
Event: 56.699 Executing VM operation: HandshakeAllThreads done
Event: 56.775 Executing VM operation: HandshakeAllThreads
Event: 56.776 Executing VM operation: HandshakeAllThreads done
Event: 56.805 Executing VM operation: HandshakeAllThreads
Event: 56.805 Executing VM operation: HandshakeAllThreads done
Event: 56.986 Executing VM operation: ICBufferFull
Event: 56.987 Executing VM operation: ICBufferFull done
Event: 57.289 Executing VM operation: HandshakeAllThreads
Event: 57.289 Executing VM operation: HandshakeAllThreads done
Event: 57.435 Executing VM operation: HandshakeAllThreads
Event: 57.435 Executing VM operation: HandshakeAllThreads done
Event: 57.656 Executing VM operation: G1CollectForAllocation
Event: 57.822 Executing VM operation: G1CollectForAllocation done
Event: 58.057 Executing VM operation: HandshakeAllThreads
Event: 58.057 Executing VM operation: HandshakeAllThreads done

Memory protections (0 events):
No events

Nmethod flushes (20 events):
Event: 56.820 Thread 0x0000020b2792f640 flushing  nmethod 0x0000020b160c9990
Event: 56.820 Thread 0x0000020b2792f640 flushing  nmethod 0x0000020b160ca890
Event: 56.820 Thread 0x0000020b2792f640 flushing  nmethod 0x0000020b160d9c90
Event: 56.821 Thread 0x0000020b2792f640 flushing  nmethod 0x0000020b16122710
Event: 56.821 Thread 0x0000020b2792f640 flushing  nmethod 0x0000020b16128b10
Event: 56.821 Thread 0x0000020b2792f640 flushing  nmethod 0x0000020b1613ad10
Event: 56.821 Thread 0x0000020b2792f640 flushing  nmethod 0x0000020b1617ed90
Event: 56.821 Thread 0x0000020b2792f640 flushing  nmethod 0x0000020b1617fb90
Event: 56.821 Thread 0x0000020b2792f640 flushing  nmethod 0x0000020b16185e10
Event: 56.821 Thread 0x0000020b2792f640 flushing  nmethod 0x0000020b1618a610
Event: 56.821 Thread 0x0000020b2792f640 flushing  nmethod 0x0000020b1618af90
Event: 56.821 Thread 0x0000020b2792f640 flushing  nmethod 0x0000020b1618bb90
Event: 56.821 Thread 0x0000020b2792f640 flushing  nmethod 0x0000020b16199010
Event: 56.821 Thread 0x0000020b2792f640 flushing  nmethod 0x0000020b16214290
Event: 56.822 Thread 0x0000020b2792f640 flushing  nmethod 0x0000020b16254a10
Event: 56.822 Thread 0x0000020b2792f640 flushing  nmethod 0x0000020b16256f10
Event: 56.822 Thread 0x0000020b2792f640 flushing  nmethod 0x0000020b16261490
Event: 56.822 Thread 0x0000020b2792f640 flushing  nmethod 0x0000020b16267b10
Event: 56.822 Thread 0x0000020b2792f640 flushing  nmethod 0x0000020b16299f90
Event: 56.823 Thread 0x0000020b2792f640 flushing  nmethod 0x0000020b16370c10

Events (20 events):
Event: 50.445 Thread 0x0000020b27930570 Thread added: 0x0000020b452f8740
Event: 50.481 Thread 0x0000020b27930570 Thread added: 0x0000020b452f8c50
Event: 50.521 Thread 0x0000020b27930570 Thread added: 0x0000020b435d3ab0
Event: 50.532 Thread 0x0000020b27930570 Thread added: 0x0000020b435d1c50
Event: 50.565 Thread 0x0000020b27930570 Thread added: 0x0000020b435d3fc0
Event: 50.613 Thread 0x0000020b27930570 Thread added: 0x0000020b435d5910
Event: 50.634 Thread 0x0000020b27930570 Thread added: 0x0000020b435d5400
Event: 50.649 Thread 0x0000020b27930570 Thread added: 0x0000020b435d44d0
Event: 50.703 Thread 0x0000020b27930570 Thread added: 0x0000020b435d2160
Event: 50.795 Thread 0x0000020b27930570 Thread added: 0x0000020b435d3090
Event: 50.840 Thread 0x0000020b27930570 Thread added: 0x0000020b435d1740
Event: 50.893 Thread 0x0000020b27930570 Thread added: 0x0000020b435d6d50
Event: 50.981 Thread 0x0000020b27930570 Thread added: 0x0000020b435d2670
Event: 51.003 Thread 0x0000020b27930570 Thread added: 0x0000020b435d5e20
Event: 51.022 Thread 0x0000020b27930570 Thread added: 0x0000020b435d35a0
Event: 58.102 Thread 0x0000020b27930570 Thread added: 0x0000020b435d2b80
Event: 58.188 Thread 0x0000020b435d2b80 Thread added: 0x0000020b435d6330
Event: 58.188 Thread 0x0000020b435d2b80 Thread added: 0x0000020b435d4ef0
Event: 58.191 Thread 0x0000020b435d2b80 Thread added: 0x0000020b435d6840
Event: 58.260 Thread 0x0000020b435d2b80 Thread added: 0x0000020b435d7260


Dynamic libraries:
0x00007ff6d2600000 - 0x00007ff6d260e000 	C:\Users\User\.jdks\ms-17.0.15\bin\java.exe
0x00007ffe83a10000 - 0x00007ffe83c08000 	C:\Windows\SYSTEM32\ntdll.dll
0x00007ffe83680000 - 0x00007ffe83742000 	C:\Windows\System32\KERNEL32.DLL
0x00007ffe81460000 - 0x00007ffe81756000 	C:\Windows\System32\KERNELBASE.dll
0x00007ffe817e0000 - 0x00007ffe818e0000 	C:\Windows\System32\ucrtbase.dll
0x00007ffe74ee0000 - 0x00007ffe74ef7000 	C:\Users\User\.jdks\ms-17.0.15\bin\jli.dll
0x00007ffe78d30000 - 0x00007ffe78d4d000 	C:\Users\User\.jdks\ms-17.0.15\bin\VCRUNTIME140.dll
0x00007ffe837b0000 - 0x00007ffe83951000 	C:\Windows\System32\USER32.dll
0x00007ffe64560000 - 0x00007ffe647fb000 	C:\Windows\WinSxS\amd64_microsoft.windows.common-controls_6595b64144ccf1df_6.0.19041.6456_none_60b8a6cb71f64256\COMCTL32.dll
0x00007ffe81a00000 - 0x00007ffe81a22000 	C:\Windows\System32\win32u.dll
0x00007ffe82210000 - 0x00007ffe8223b000 	C:\Windows\System32\GDI32.dll
0x00007ffe818e0000 - 0x00007ffe819f9000 	C:\Windows\System32\gdi32full.dll
0x00007ffe82c70000 - 0x00007ffe82d0e000 	C:\Windows\System32\msvcrt.dll
0x00007ffe812c0000 - 0x00007ffe8135d000 	C:\Windows\System32\msvcp_win.dll
0x00007ffe82680000 - 0x00007ffe826af000 	C:\Windows\System32\IMM32.DLL
0x00007ffe7af60000 - 0x00007ffe7af6c000 	C:\Users\User\.jdks\ms-17.0.15\bin\vcruntime140_1.dll
0x00007ffe53020000 - 0x00007ffe530ad000 	C:\Users\User\.jdks\ms-17.0.15\bin\msvcp140.dll
0x00007ffe03950000 - 0x00007ffe045c2000 	C:\Users\User\.jdks\ms-17.0.15\bin\server\jvm.dll
0x00007ffe82e20000 - 0x00007ffe82ed1000 	C:\Windows\System32\ADVAPI32.dll
0x00007ffe82320000 - 0x00007ffe823bf000 	C:\Windows\System32\sechost.dll
0x00007ffe82b40000 - 0x00007ffe82c60000 	C:\Windows\System32\RPCRT4.dll
0x00007ffe810a0000 - 0x00007ffe810c7000 	C:\Windows\System32\bcrypt.dll
0x00007ffe83960000 - 0x00007ffe839cb000 	C:\Windows\System32\WS2_32.dll
0x00007ffe80a20000 - 0x00007ffe80a6b000 	C:\Windows\SYSTEM32\POWRPROF.dll
0x00007ffe77be0000 - 0x00007ffe77bea000 	C:\Windows\SYSTEM32\VERSION.dll
0x00007ffe66d20000 - 0x00007ffe66d47000 	C:\Windows\SYSTEM32\WINMM.dll
0x00007ffe80a00000 - 0x00007ffe80a12000 	C:\Windows\SYSTEM32\UMPDC.dll
0x00007ffe7f870000 - 0x00007ffe7f882000 	C:\Windows\SYSTEM32\kernel.appcore.dll
0x00007ffe7ab00000 - 0x00007ffe7ab0a000 	C:\Users\User\.jdks\ms-17.0.15\bin\jimage.dll
0x00007ffe7ec30000 - 0x00007ffe7ee31000 	C:\Windows\SYSTEM32\DBGHELP.DLL
0x00007ffe61020000 - 0x00007ffe61054000 	C:\Windows\SYSTEM32\dbgcore.DLL
0x00007ffe810d0000 - 0x00007ffe81152000 	C:\Windows\System32\bcryptPrimitives.dll
0x00007ffe78d00000 - 0x00007ffe78d0e000 	C:\Users\User\.jdks\ms-17.0.15\bin\instrument.dll
0x00007ffe670c0000 - 0x00007ffe670e5000 	C:\Users\User\.jdks\ms-17.0.15\bin\java.dll
0x00007ffe52f40000 - 0x00007ffe53016000 	C:\Users\User\.jdks\ms-17.0.15\bin\jsvml.dll
0x00007ffe81a30000 - 0x00007ffe821a0000 	C:\Windows\System32\SHELL32.dll
0x00007ffe7f0b0000 - 0x00007ffe7f855000 	C:\Windows\SYSTEM32\windows.storage.dll
0x00007ffe827e0000 - 0x00007ffe82b34000 	C:\Windows\System32\combase.dll
0x00007ffe80980000 - 0x00007ffe809ab000 	C:\Windows\SYSTEM32\Wldp.dll
0x00007ffe82ee0000 - 0x00007ffe82fad000 	C:\Windows\System32\OLEAUT32.dll
0x00007ffe83160000 - 0x00007ffe8320d000 	C:\Windows\System32\SHCORE.dll
0x00007ffe821b0000 - 0x00007ffe8220b000 	C:\Windows\System32\shlwapi.dll
0x00007ffe80fd0000 - 0x00007ffe80ff4000 	C:\Windows\SYSTEM32\profapi.dll
0x00007ffe67050000 - 0x00007ffe67068000 	C:\Users\User\.jdks\ms-17.0.15\bin\zip.dll
0x00007ffe66540000 - 0x00007ffe6655a000 	C:\Users\User\.jdks\ms-17.0.15\bin\net.dll
0x00007ffe7d570000 - 0x00007ffe7d67a000 	C:\Windows\SYSTEM32\WINHTTP.dll
0x00007ffe806f0000 - 0x00007ffe8075a000 	C:\Windows\system32\mswsock.dll
0x00007ffe66520000 - 0x00007ffe66536000 	C:\Users\User\.jdks\ms-17.0.15\bin\nio.dll
0x00007ffe6fe00000 - 0x00007ffe6fe10000 	C:\Users\User\.jdks\ms-17.0.15\bin\verify.dll
0x00007ffe749b0000 - 0x00007ffe749d7000 	C:\Users\User\.gradle\native\1def1411415f61bf3af743bc5b6707747c0891f09f0c88961ee8f79bc544acac\windows-amd64\native-platform.dll
0x00007ffe535b0000 - 0x00007ffe53628000 	C:\Users\User\.gradle\native\0.2.7\x86_64-windows-gnu\gradle-fileevents.dll
0x00007ffe664a0000 - 0x00007ffe664aa000 	C:\Users\User\.jdks\ms-17.0.15\bin\management.dll
0x00007ffe66490000 - 0x00007ffe6649b000 	C:\Users\User\.jdks\ms-17.0.15\bin\management_ext.dll
0x00007ffe82470000 - 0x00007ffe82478000 	C:\Windows\System32\PSAPI.DLL
0x00007ffe803f0000 - 0x00007ffe8042b000 	C:\Windows\SYSTEM32\IPHLPAPI.DLL
0x00007ffe821a0000 - 0x00007ffe821a8000 	C:\Windows\System32\NSI.dll
0x00007ffe74d00000 - 0x00007ffe74d17000 	C:\Windows\SYSTEM32\dhcpcsvc6.DLL
0x00007ffe77d80000 - 0x00007ffe77d9d000 	C:\Windows\SYSTEM32\dhcpcsvc.DLL
0x00007ffe80430000 - 0x00007ffe804fa000 	C:\Windows\SYSTEM32\DNSAPI.dll
0x00007ffe66480000 - 0x00007ffe66489000 	C:\Users\User\.jdks\ms-17.0.15\bin\extnet.dll
0x00007ffe809c0000 - 0x00007ffe809d8000 	C:\Windows\SYSTEM32\CRYPTSP.dll
0x00007ffe80030000 - 0x00007ffe80068000 	C:\Windows\system32\rsaenh.dll
0x00007ffe80f90000 - 0x00007ffe80fbe000 	C:\Windows\SYSTEM32\USERENV.dll
0x00007ffe808f0000 - 0x00007ffe808fc000 	C:\Windows\SYSTEM32\CRYPTBASE.dll
0x00007ffe66430000 - 0x00007ffe6643e000 	C:\Users\User\.jdks\ms-17.0.15\bin\sunmscapi.dll
0x00007ffe81160000 - 0x00007ffe812bd000 	C:\Windows\System32\CRYPT32.dll
0x00007ffe80b40000 - 0x00007ffe80b67000 	C:\Windows\SYSTEM32\ncrypt.dll
0x00007ffe80b00000 - 0x00007ffe80b3b000 	C:\Windows\SYSTEM32\NTASN1.dll
0x00007ffe795c0000 - 0x00007ffe795c7000 	C:\Windows\system32\wshunix.dll
0x00007ffe5be10000 - 0x00007ffe5be27000 	C:\Windows\system32\napinsp.dll
0x00007ffe5bdf0000 - 0x00007ffe5be0b000 	C:\Windows\system32\pnrpnsp.dll
0x00007ffe7d510000 - 0x00007ffe7d52d000 	C:\Windows\system32\wshbth.dll
0x00007ffe7d540000 - 0x00007ffe7d55d000 	C:\Windows\system32\NLAapi.dll
0x00007ffe5bdd0000 - 0x00007ffe5bde2000 	C:\Windows\System32\winrnr.dll
0x00007ffe78a50000 - 0x00007ffe78a5a000 	C:\Windows\System32\rasadhlp.dll
0x00007ffe72c50000 - 0x00007ffe72cd0000 	C:\Windows\System32\fwpuclnt.dll

dbghelp: loaded successfully - version: 4.0.5 - missing functions: none
symbol engine: initialized successfully - sym options: 0x614 - pdb path: .;C:\Users\User\.jdks\ms-17.0.15\bin;C:\Windows\SYSTEM32;C:\Windows\WinSxS\amd64_microsoft.windows.common-controls_6595b64144ccf1df_6.0.19041.6456_none_60b8a6cb71f64256;C:\Users\User\.jdks\ms-17.0.15\bin\server;C:\Users\User\.gradle\native\1def1411415f61bf3af743bc5b6707747c0891f09f0c88961ee8f79bc544acac\windows-amd64;C:\Users\User\.gradle\native\0.2.7\x86_64-windows-gnu

VM Arguments:
jvm_args: --add-opens=java.base/java.lang=ALL-UNNAMED --add-opens=java.base/java.lang.invoke=ALL-UNNAMED --add-opens=java.base/java.util=ALL-UNNAMED --add-opens=java.prefs/java.util.prefs=ALL-UNNAMED --add-exports=jdk.compiler/com.sun.tools.javac.api=ALL-UNNAMED --add-exports=jdk.compiler/com.sun.tools.javac.util=ALL-UNNAMED --add-opens=java.base/java.util=ALL-UNNAMED --add-opens=java.prefs/java.util.prefs=ALL-UNNAMED --add-opens=java.base/java.nio.charset=ALL-UNNAMED --add-opens=java.base/java.net=ALL-UNNAMED --add-opens=java.base/java.util.concurrent.atomic=ALL-UNNAMED --add-opens=java.xml/javax.xml.namespace=ALL-UNNAMED -XX:MaxMetaspaceSize=384m -XX:+HeapDumpOnOutOfMemoryError -Xms256m -Xmx512m -Dfile.encoding=UTF-8 -Duser.country=RU -Duser.language=ru -Duser.variant -javaagent:C:\Users\User\.gradle\wrapper\dists\gradle-8.14.3-bin\cv11ve7ro1n3o1j4so8xd9n66\gradle-8.14.3\lib\agents\gradle-instrumentation-agent-8.14.3.jar 
java_command: org.gradle.launcher.daemon.bootstrap.GradleDaemon 8.14.3
java_class_path (initial): C:\Users\User\.gradle\wrapper\dists\gradle-8.14.3-bin\cv11ve7ro1n3o1j4so8xd9n66\gradle-8.14.3\lib\gradle-daemon-main-8.14.3.jar
Launcher Type: SUN_STANDARD

[Global flags]
     intx CICompilerCount                          = 3                                         {product} {ergonomic}
   size_t CompressedClassSpaceSize                 = 335544320                                 {product} {ergonomic}
     uint ConcGCThreads                            = 1                                         {product} {ergonomic}
     uint G1ConcRefinementThreads                  = 4                                         {product} {ergonomic}
   size_t G1HeapRegionSize                         = 1048576                                   {product} {ergonomic}
    uintx GCDrainStackTargetSize                   = 64                                        {product} {ergonomic}
     bool HeapDumpOnOutOfMemoryError               = true                                   {manageable} {command line}
   size_t InitialHeapSize                          = 268435456                                 {product} {command line}
   size_t MarkStackSize                            = 4194304                                   {product} {ergonomic}
   size_t MaxHeapSize                              = 536870912                                 {product} {command line}
   size_t MaxMetaspaceSize                         = 402653184                                 {product} {command line}
   size_t MaxNewSize                               = 321912832                                 {product} {ergonomic}
   size_t MinHeapDeltaBytes                        = 1048576                                   {product} {ergonomic}
   size_t MinHeapSize                              = 268435456                                 {product} {command line}
    uintx NonNMethodCodeHeapSize                   = 5832780                                {pd product} {ergonomic}
    uintx NonProfiledCodeHeapSize                  = 122912730                              {pd product} {ergonomic}
    uintx ProfiledCodeHeapSize                     = 122912730                              {pd product} {ergonomic}
    uintx ReservedCodeCacheSize                    = 251658240                              {pd product} {ergonomic}
     bool SegmentedCodeCache                       = true                                      {product} {ergonomic}
   size_t SoftMaxHeapSize                          = 536870912                              {manageable} {ergonomic}
     bool UseCompressedClassPointers               = true                           {product lp64_product} {ergonomic}
     bool UseCompressedOops                        = true                           {product lp64_product} {ergonomic}
     bool UseG1GC                                  = true                                      {product} {ergonomic}
     bool UseLargePagesIndividualAllocation        = false                                  {pd product} {ergonomic}

Logging:
Log output configuration:
 #0: stdout all=warning uptime,level,tags
 #1: stderr all=off uptime,level,tags

Environment Variables:
PATH=C:\app\Ozodbek\product\21c\dbhomeXE\bin;C:\Program Files\Common Files\Oracle\Java\javapath;C:\Windows\system32;C:\Windows;C:\Windows\System32\Wbem;C:\Windows\System32\WindowsPowerShell\v1.0\;C:\Windows\System32\OpenSSH\;C:\Program Files\Java\jdk-21\bin;C:\Program Files\Java\jdk-21\bin;C:\Program Files (x86)\PuTTY\;C:\Program Files\Docker\Docker\resources\bin;C:\Users\User\AppData\Local\Programs\Python\Launcher\;C:\Users\User\AppData\Local\Microsoft\WindowsApps;;C:\Program Files\JetBrains\IntelliJ IDEA 2024.2.3\bin;;C:\Program Files\JetBrains\PyCharm Community Edition 2024.2.3\bin;;C:\Program Files\heroku\bin
USERNAME=Ozodbek
OS=Windows_NT
PROCESSOR_IDENTIFIER=Intel64 Family 6 Model 140 Stepping 1, GenuineIntel
TMP=C:\Users\User\AppData\Local\Temp
TEMP=C:\Users\User\AppData\Local\Temp



Periodic native trim disabled


---------------  S Y S T E M  ---------------

OS:
 Windows 10 , 64 bit Build 19041 (10.0.19041.5915)
OS uptime: 2 days 9:52 hours
Hyper-V role detected

CPU: total 4 (initial active 4) (2 cores per cpu, 2 threads per core) family 6 model 140 stepping 1 microcode 0x6e, cx8, cmov, fxsr, ht, mmx, 3dnowpref, sse, sse2, sse3, ssse3, sse4.1, sse4.2, popcnt, lzcnt, tsc, tscinvbit, avx, avx2, aes, erms, clmul, bmi1, bmi2, adx, avx512f, avx512dq, avx512cd, avx512bw, avx512vl, sha, fma, vzeroupper, avx512_vpopcntdq, avx512_vpclmulqdq, avx512_vaes, avx512_vnni, clflush, clflushopt, clwb, avx512_vbmi2, avx512_vbmi, hv
Processor Information for the first 4 processors :
  Max Mhz: 2995, Current Mhz: 2995, Mhz Limit: 2995

Memory: 4k page, system-wide physical 3852M (66M free)
TotalPageFile size 15628M (AvailPageFile size 7M)
current process WorkingSet (physical memory assigned to process): 187M, peak: 281M
current process commit charge ("private bytes"): 519M, peak: 521M

vm_info: OpenJDK 64-Bit Server VM (17.0.15+6-LTS) for windows-amd64 JRE (17.0.15+6-LTS), built on Apr  9 2025 22:27:25 by "MicrosoftCorporation" with unknown MS VC++:1939

END.
