#
# There is insufficient memory for the Java Runtime Environment to continue.
# Native memory allocation (malloc) failed to allocate 1896016 bytes. Error detail: Chunk::new
# Possible reasons:
#   The system is out of physical RAM or swap space
#   This process is running with CompressedOops enabled, and the Java Heap may be blocking the growth of the native heap
# Possible solutions:
#   Reduce memory load on the system
#   Increase physical memory or swap space
#   Check if swap backing store is full
#   Decrease Java heap size (-Xmx/-Xms)
#   Decrease number of Java threads
#   Decrease Java thread stack sizes (-Xss)
#   Set larger code cache with -XX:ReservedCodeCacheSize=
#   JVM is running with Unscaled Compressed Oops mode in which the Java heap is
#     placed in the first 4GB address space. The Java Heap base address is the
#     maximum limit for the native heap growth. Please use -XX:HeapBaseMinAddress
#     to set the Java Heap base and to place the Java Heap above 4GB virtual address.
# This output file may be truncated or incomplete.
#
#  Out of Memory Error (arena.cpp:191), pid=5596, tid=3188
#
# JRE version: OpenJDK Runtime Environment Microsoft-11369865 (17.0.15+6) (build 17.0.15+6-LTS)
# Java VM: OpenJDK 64-Bit Server VM Microsoft-11369865 (17.0.15+6-LTS, mixed mode, sharing, tiered, compressed oops, compressed class ptrs, g1 gc, windows-amd64)
# No core dump will be written. Minidumps are not enabled by default on client versions of Windows
#

---------------  S U M M A R Y ------------

Command Line: --add-opens=java.base/java.lang=ALL-UNNAMED --add-opens=java.base/java.lang.invoke=ALL-UNNAMED --add-opens=java.base/java.util=ALL-UNNAMED --add-opens=java.prefs/java.util.prefs=ALL-UNNAMED --add-exports=jdk.compiler/com.sun.tools.javac.api=ALL-UNNAMED --add-exports=jdk.compiler/com.sun.tools.javac.util=ALL-UNNAMED --add-opens=java.base/java.util=ALL-UNNAMED --add-opens=java.prefs/java.util.prefs=ALL-UNNAMED --add-opens=java.base/java.nio.charset=ALL-UNNAMED --add-opens=java.base/java.net=ALL-UNNAMED --add-opens=java.base/java.util.concurrent.atomic=ALL-UNNAMED --add-opens=java.xml/javax.xml.namespace=ALL-UNNAMED -XX:MaxMetaspaceSize=384m -XX:+HeapDumpOnOutOfMemoryError -Xms256m -Xmx512m -Dfile.encoding=UTF-8 -Duser.country=RU -Duser.language=ru -Duser.variant -javaagent:C:\Users\User\.gradle\wrapper\dists\gradle-8.14.3-bin\cv11ve7ro1n3o1j4so8xd9n66\gradle-8.14.3\lib\agents\gradle-instrumentation-agent-8.14.3.jar org.gradle.launcher.daemon.bootstrap.GradleDaemon 8.14.3

Host: 11th Gen Intel(R) Core(TM) i3-1115G4 @ 3.00GHz, 4 cores, 3G,  Windows 10 , 64 bit Build 19041 (10.0.19041.5915)
Time: Sun Dec 14 01:35:53 2025  Windows 10 , 64 bit Build 19041 (10.0.19041.5915) elapsed time: 77.388604 seconds (0d 0h 1m 17s)

---------------  T H R E A D  ---------------

Current thread (0x0000026741c34c80):  JavaThread "C2 CompilerThread0" daemon [_thread_in_native, id=3188, stack(0x000000ac3d000000,0x000000ac3d100000)]


Current CompileTask:
C2:  77388 7485   !   4       com.google.common.reflect.TypeVisitor::visit (225 bytes)

Stack: [0x000000ac3d000000,0x000000ac3d100000]
Native frames: (J=compiled Java code, j=interpreted, Vv=VM code, C=native code)
V  [jvm.dll+0x6887a9]
V  [jvm.dll+0x83f5a8]
V  [jvm.dll+0x841053]
V  [jvm.dll+0x8416c3]
V  [jvm.dll+0x2496ef]
V  [jvm.dll+0xad134]
V  [jvm.dll+0xad7cc]
V  [jvm.dll+0x36aedf]
V  [jvm.dll+0x335513]
V  [jvm.dll+0x3349aa]
V  [jvm.dll+0x21a908]
V  [jvm.dll+0x219d3f]
V  [jvm.dll+0x1a55f6]
V  [jvm.dll+0x22a39a]
V  [jvm.dll+0x2284db]
V  [jvm.dll+0x7f4e28]
V  [jvm.dll+0x7ef2dc]
V  [jvm.dll+0x687687]
C  [ucrtbase.dll+0x21bb2]
C  [KERNEL32.DLL+0x17374]
C  [ntdll.dll+0x4cc91]


---------------  P R O C E S S  ---------------

Threads class SMR info:
_java_thread_list=0x000002675ce50160, length=48, elements={
0x00000267278ee900, 0x0000026741c037c0, 0x0000026741c052a0, 0x0000026741c18090,
0x0000026741c1a970, 0x0000026741c1b850, 0x0000026741c1e130, 0x0000026741c34c80,
0x0000026741c20de0, 0x0000026741c216f0, 0x0000026741bf0840, 0x000002675b1d6ff0,
0x000002675b118400, 0x000002675c7da110, 0x000002675bbe2440, 0x000002675b291d50,
0x000002675b292230, 0x000002675b01b370, 0x000002675b01b880, 0x000002675b0180d0,
0x000002675b019510, 0x000002675b0185e0, 0x000002675b01a950, 0x000002675b019f30,
0x000002675b018af0, 0x000002675b019000, 0x000002675b01a440, 0x000002675b01ae60,
0x000002675c886120, 0x000002675c880600, 0x000002675c87fbe0, 0x000002675c881020,
0x000002675c881f50, 0x000002675c8851f0, 0x000002675c881530, 0x000002675c883390,
0x000002675c882460, 0x000002675c886b40, 0x000002675c882970, 0x000002675c886630,
0x000002675c8842c0, 0x000002675c882e80, 0x000002675c8838a0, 0x000002675c883db0,
0x000002675c87f6d0, 0x000002675c8847d0, 0x000002675c887050, 0x000002675c885700
}

Java Threads: ( => current thread )
  0x00000267278ee900 JavaThread "main" [_thread_blocked, id=15052, stack(0x000000ac3c300000,0x000000ac3c400000)]
  0x0000026741c037c0 JavaThread "Reference Handler" daemon [_thread_blocked, id=16152, stack(0x000000ac3ca00000,0x000000ac3cb00000)]
  0x0000026741c052a0 JavaThread "Finalizer" daemon [_thread_blocked, id=10384, stack(0x000000ac3cb00000,0x000000ac3cc00000)]
  0x0000026741c18090 JavaThread "Signal Dispatcher" daemon [_thread_blocked, id=7592, stack(0x000000ac3cc00000,0x000000ac3cd00000)]
  0x0000026741c1a970 JavaThread "Attach Listener" daemon [_thread_blocked, id=19224, stack(0x000000ac3cd00000,0x000000ac3ce00000)]
  0x0000026741c1b850 JavaThread "Service Thread" daemon [_thread_blocked, id=16796, stack(0x000000ac3ce00000,0x000000ac3cf00000)]
  0x0000026741c1e130 JavaThread "Monitor Deflation Thread" daemon [_thread_blocked, id=14728, stack(0x000000ac3cf00000,0x000000ac3d000000)]
=>0x0000026741c34c80 JavaThread "C2 CompilerThread0" daemon [_thread_in_native, id=3188, stack(0x000000ac3d000000,0x000000ac3d100000)]
  0x0000026741c20de0 JavaThread "C1 CompilerThread0" daemon [_thread_blocked, id=15312, stack(0x000000ac3d100000,0x000000ac3d200000)]
  0x0000026741c216f0 JavaThread "Sweeper thread" daemon [_thread_blocked, id=6280, stack(0x000000ac3d200000,0x000000ac3d300000)]
  0x0000026741bf0840 JavaThread "Common-Cleaner" daemon [_thread_blocked, id=19084, stack(0x000000ac3d300000,0x000000ac3d400000)]
  0x000002675b1d6ff0 JavaThread "Notification Thread" daemon [_thread_blocked, id=18968, stack(0x000000ac3d400000,0x000000ac3d500000)]
  0x000002675b118400 JavaThread "Daemon health stats" [_thread_blocked, id=20296, stack(0x000000ac3d900000,0x000000ac3da00000)]
  0x000002675c7da110 JavaThread "Incoming local TCP Connector on port 56839" [_thread_in_native, id=12200, stack(0x000000ac3da00000,0x000000ac3db00000)]
  0x000002675bbe2440 JavaThread "Daemon periodic checks" [_thread_blocked, id=3632, stack(0x000000ac3db00000,0x000000ac3dc00000)]
  0x000002675b291d50 JavaThread "Daemon" [_thread_blocked, id=3220, stack(0x000000ac3dc00000,0x000000ac3dd00000)]
  0x000002675b292230 JavaThread "Handler for socket connection from /127.0.0.1:56839 to /127.0.0.1:56840" [_thread_in_native, id=11280, stack(0x000000ac3dd00000,0x000000ac3de00000)]
  0x000002675b01b370 JavaThread "Cancel handler" [_thread_blocked, id=11428, stack(0x000000ac3de00000,0x000000ac3df00000)]
  0x000002675b01b880 JavaThread "Daemon worker" [_thread_in_native, id=16828, stack(0x000000ac3df00000,0x000000ac3e000000)]
  0x000002675b0180d0 JavaThread "Asynchronous log dispatcher for DefaultDaemonConnection: socket connection from /127.0.0.1:56839 to /127.0.0.1:56840" [_thread_blocked, id=4608, stack(0x000000ac3e000000,0x000000ac3e100000)]
  0x000002675b019510 JavaThread "Stdin handler" [_thread_blocked, id=2976, stack(0x000000ac3e100000,0x000000ac3e200000)]
  0x000002675b0185e0 JavaThread "Daemon client event forwarder" [_thread_blocked, id=8916, stack(0x000000ac3e200000,0x000000ac3e300000)]
  0x000002675b01a950 JavaThread "Cache worker for journal cache (C:\Users\User\.gradle\caches\journal-1)" [_thread_blocked, id=9688, stack(0x000000ac3e300000,0x000000ac3e400000)]
  0x000002675b019f30 JavaThread "File lock request listener" [_thread_in_native, id=12524, stack(0x000000ac3e400000,0x000000ac3e500000)]
  0x000002675b018af0 JavaThread "Cache worker for file hash cache (C:\Users\User\.gradle\caches\8.14.3\fileHashes)" [_thread_blocked, id=16000, stack(0x000000ac3e500000,0x000000ac3e600000)]
  0x000002675b019000 JavaThread "Cache worker for file hash cache (D:\Kotlin_lesson\warehouse_management\.gradle\8.14.3\fileHashes)" [_thread_blocked, id=10972, stack(0x000000ac3e600000,0x000000ac3e700000)]
  0x000002675b01a440 JavaThread "Cache worker for Build Output Cleanup Cache (D:\Kotlin_lesson\warehouse_management\.gradle\buildOutputCleanup)" [_thread_blocked, id=7956, stack(0x000000ac3e700000,0x000000ac3e800000)]
  0x000002675b01ae60 JavaThread "File watcher server" daemon [_thread_in_native, id=14904, stack(0x000000ac3e900000,0x000000ac3ea00000)]
  0x000002675c886120 JavaThread "File watcher consumer" daemon [_thread_blocked, id=9944, stack(0x000000ac3ea00000,0x000000ac3eb00000)]
  0x000002675c880600 JavaThread "jar transforms" [_thread_blocked, id=16216, stack(0x000000ac3eb00000,0x000000ac3ec00000)]
  0x000002675c87fbe0 JavaThread "jar transforms Thread 2" [_thread_blocked, id=10180, stack(0x000000ac3ec00000,0x000000ac3ed00000)]
  0x000002675c881020 JavaThread "Cache worker for checksums cache (D:\Kotlin_lesson\warehouse_management\.gradle\8.14.3\checksums)" [_thread_blocked, id=19964, stack(0x000000ac3ef00000,0x000000ac3f000000)]
  0x000002675c881f50 JavaThread "Cache worker for file content cache (C:\Users\User\.gradle\caches\8.14.3\fileContent)" [_thread_blocked, id=1272, stack(0x000000ac3f000000,0x000000ac3f100000)]
  0x000002675c8851f0 JavaThread "jar transforms Thread 3" [_thread_blocked, id=2308, stack(0x000000ac3f100000,0x000000ac3f200000)]
  0x000002675c881530 JavaThread "jar transforms Thread 4" [_thread_blocked, id=17300, stack(0x000000ac3f200000,0x000000ac3f300000)]
  0x000002675c883390 JavaThread "Cache worker for cache directory md-supplier (C:\Users\User\.gradle\caches\8.14.3\md-supplier)" [_thread_blocked, id=15324, stack(0x000000ac3f300000,0x000000ac3f400000)]
  0x000002675c882460 JavaThread "Cache worker for cache directory md-rule (C:\Users\User\.gradle\caches\8.14.3\md-rule)" [_thread_blocked, id=3280, stack(0x000000ac3f400000,0x000000ac3f500000)]
  0x000002675c886b40 JavaThread "Unconstrained build operations" [_thread_blocked, id=8820, stack(0x000000ac3c100000,0x000000ac3c200000)]
  0x000002675c882970 JavaThread "Unconstrained build operations Thread 2" [_thread_blocked, id=15268, stack(0x000000ac3c200000,0x000000ac3c300000)]
  0x000002675c886630 JavaThread "Unconstrained build operations Thread 3" [_thread_blocked, id=4508, stack(0x000000ac3f500000,0x000000ac3f600000)]
  0x000002675c8842c0 JavaThread "Unconstrained build operations Thread 4" [_thread_blocked, id=16552, stack(0x000000ac3f600000,0x000000ac3f700000)]
  0x000002675c882e80 JavaThread "Unconstrained build operations Thread 5" [_thread_blocked, id=3588, stack(0x000000ac3f700000,0x000000ac3f800000)]
  0x000002675c8838a0 JavaThread "Unconstrained build operations Thread 6" [_thread_blocked, id=11956, stack(0x000000ac3f800000,0x000000ac3f900000)]
  0x000002675c883db0 JavaThread "Unconstrained build operations Thread 7" [_thread_blocked, id=19720, stack(0x000000ac3f900000,0x000000ac3fa00000)]
  0x000002675c87f6d0 JavaThread "Unconstrained build operations Thread 8" [_thread_blocked, id=15516, stack(0x000000ac3fa00000,0x000000ac3fb00000)]
  0x000002675c8847d0 JavaThread "Unconstrained build operations Thread 9" [_thread_blocked, id=17908, stack(0x000000ac3fb00000,0x000000ac3fc00000)]
  0x000002675c887050 JavaThread "build event listener" [_thread_blocked, id=13076, stack(0x000000ac3fc00000,0x000000ac3fd00000)]
  0x000002675c885700 JavaThread "Problems report writer" [_thread_blocked, id=20452, stack(0x000000ac3fd00000,0x000000ac3fe00000)]

Other Threads:
  0x0000026741bfe6b0 VMThread "VM Thread" [stack: 0x000000ac3c900000,0x000000ac3ca00000] [id=5444]
  0x00000267278ef510 WatcherThread [stack: 0x000000ac3d500000,0x000000ac3d600000] [id=5908]
  0x000002672791c0c0 GCTaskThread "GC Thread#0" [stack: 0x000000ac3c400000,0x000000ac3c500000] [id=3616]
  0x000002675b251a00 GCTaskThread "GC Thread#1" [stack: 0x000000ac3d600000,0x000000ac3d700000] [id=16744]
  0x000002675b251cc0 GCTaskThread "GC Thread#2" [stack: 0x000000ac3d700000,0x000000ac3d800000] [id=19400]
  0x000002675b251f80 GCTaskThread "GC Thread#3" [stack: 0x000000ac3d800000,0x000000ac3d900000] [id=8212]
  0x0000026727922570 ConcurrentGCThread "G1 Main Marker" [stack: 0x000000ac3c500000,0x000000ac3c600000] [id=2980]
  0x0000026727922d40 ConcurrentGCThread "G1 Conc#0" [stack: 0x000000ac3c600000,0x000000ac3c700000] [id=3492]
  0x00000267279ac860 ConcurrentGCThread "G1 Refine#0" [stack: 0x000000ac3c700000,0x000000ac3c800000] [id=6884]
  0x000002675b219df0 ConcurrentGCThread "G1 Refine#1" [stack: 0x000000ac3e800000,0x000000ac3e900000] [id=2728]
  0x000002675df51f60 ConcurrentGCThread "G1 Refine#2" [stack: 0x000000ac3c000000,0x000000ac3c100000] [id=4944]
  0x00000267279ad040 ConcurrentGCThread "G1 Service" [stack: 0x000000ac3c800000,0x000000ac3c900000] [id=10432]

Threads with active compile tasks:
C2 CompilerThread0    77567 7485   !   4       com.google.common.reflect.TypeVisitor::visit (225 bytes)

VM state: not at safepoint (normal execution)

VM Mutex/Monitor currently owned by a thread: None

Heap address: 0x00000000e0000000, size: 512 MB, Compressed Oops mode: 32-bit

CDS archive(s) mapped at: [0x0000026742000000-0x0000026742bb0000-0x0000026742bb0000), size 12255232, SharedBaseAddress: 0x0000026742000000, ArchiveRelocationMode: 1.
Compressed class space mapped at: 0x0000026743000000-0x0000026757000000, reserved size: 335544320
Narrow klass base: 0x0000026742000000, Narrow klass shift: 0, Narrow klass range: 0x100000000

GC Precious Log:
 CPUs: 4 total, 4 available
 Memory: 3852M
 Large Page Support: Disabled
 NUMA Support: Disabled
 Compressed Oops: Enabled (32-bit)
 Heap Region Size: 1M
 Heap Min Capacity: 256M
 Heap Initial Capacity: 256M
 Heap Max Capacity: 512M
 Pre-touch: Disabled
 Parallel Workers: 4
 Concurrent Workers: 1
 Concurrent Refinement Workers: 4
 Periodic GC: Disabled

Heap:
 garbage-first heap   total 262144K, used 70646K [0x00000000e0000000, 0x0000000100000000)
  region size 1024K, 24 young (24576K), 12 survivors (12288K)
 Metaspace       used 58379K, committed 58944K, reserved 393216K
  class space    used 8080K, committed 8320K, reserved 327680K

Heap Regions: E=young(eden), S=young(survivor), O=old, HS=humongous(starts), HC=humongous(continues), CS=collection set, F=free, OA=open archive, CA=closed archive, TAMS=top-at-mark-start (previous, next)
|   0|0x00000000e0000000, 0x00000000e0100000, 0x00000000e0100000|100%|HS|  |TAMS 0x00000000e0100000, 0x00000000e0000000| Complete 
|   1|0x00000000e0100000, 0x00000000e0200000, 0x00000000e0200000|100%|HC|  |TAMS 0x00000000e0200000, 0x00000000e0100000| Complete 
|   2|0x00000000e0200000, 0x00000000e0300000, 0x00000000e0300000|100%|HC|  |TAMS 0x00000000e0300000, 0x00000000e0200000| Complete 
|   3|0x00000000e0300000, 0x00000000e0400000, 0x00000000e0400000|100%| O|  |TAMS 0x00000000e0400000, 0x00000000e0300000| Untracked 
|   4|0x00000000e0400000, 0x00000000e0500000, 0x00000000e0500000|100%| O|  |TAMS 0x00000000e0500000, 0x00000000e0400000| Untracked 
|   5|0x00000000e0500000, 0x00000000e0600000, 0x00000000e0600000|100%| O|  |TAMS 0x00000000e0600000, 0x00000000e0500000| Untracked 
|   6|0x00000000e0600000, 0x00000000e0700000, 0x00000000e0700000|100%| O|  |TAMS 0x00000000e0700000, 0x00000000e0600000| Untracked 
|   7|0x00000000e0700000, 0x00000000e0800000, 0x00000000e0800000|100%|HS|  |TAMS 0x00000000e0800000, 0x00000000e0700000| Complete 
|   8|0x00000000e0800000, 0x00000000e0900000, 0x00000000e0900000|100%| O|  |TAMS 0x00000000e0900000, 0x00000000e0800000| Untracked 
|   9|0x00000000e0900000, 0x00000000e0a00000, 0x00000000e0a00000|100%| O|  |TAMS 0x00000000e0a00000, 0x00000000e0900000| Untracked 
|  10|0x00000000e0a00000, 0x00000000e0a00000, 0x00000000e0b00000|  0%| F|  |TAMS 0x00000000e0a00000, 0x00000000e0a00000| Untracked 
|  11|0x00000000e0b00000, 0x00000000e0c00000, 0x00000000e0c00000|100%| O|  |TAMS 0x00000000e0c00000, 0x00000000e0b00000| Untracked 
|  12|0x00000000e0c00000, 0x00000000e0d00000, 0x00000000e0d00000|100%| O|  |TAMS 0x00000000e0d00000, 0x00000000e0c00000| Untracked 
|  13|0x00000000e0d00000, 0x00000000e0e00000, 0x00000000e0e00000|100%| O|  |TAMS 0x00000000e0e00000, 0x00000000e0d00000| Untracked 
|  14|0x00000000e0e00000, 0x00000000e0f00000, 0x00000000e0f00000|100%| O|  |TAMS 0x00000000e0f00000, 0x00000000e0e00000| Untracked 
|  15|0x00000000e0f00000, 0x00000000e1000000, 0x00000000e1000000|100%| O|  |TAMS 0x00000000e1000000, 0x00000000e0f00000| Untracked 
|  16|0x00000000e1000000, 0x00000000e1100000, 0x00000000e1100000|100%| O|  |TAMS 0x00000000e1100000, 0x00000000e1000000| Untracked 
|  17|0x00000000e1100000, 0x00000000e1200000, 0x00000000e1200000|100%| O|  |TAMS 0x00000000e1200000, 0x00000000e1100000| Untracked 
|  18|0x00000000e1200000, 0x00000000e1300000, 0x00000000e1300000|100%| O|  |TAMS 0x00000000e1300000, 0x00000000e1200000| Untracked 
|  19|0x00000000e1300000, 0x00000000e1400000, 0x00000000e1400000|100%| O|  |TAMS 0x00000000e1400000, 0x00000000e1300000| Untracked 
|  20|0x00000000e1400000, 0x00000000e1500000, 0x00000000e1500000|100%| O|  |TAMS 0x00000000e1500000, 0x00000000e1400000| Untracked 
|  21|0x00000000e1500000, 0x00000000e1600000, 0x00000000e1600000|100%| O|  |TAMS 0x00000000e1513600, 0x00000000e1500000| Untracked 
|  22|0x00000000e1600000, 0x00000000e1700000, 0x00000000e1700000|100%| O|  |TAMS 0x00000000e1600000, 0x00000000e1600000| Untracked 
|  23|0x00000000e1700000, 0x00000000e1800000, 0x00000000e1800000|100%| O|  |TAMS 0x00000000e1700000, 0x00000000e1700000| Untracked 
|  24|0x00000000e1800000, 0x00000000e1900000, 0x00000000e1900000|100%| O|  |TAMS 0x00000000e1800000, 0x00000000e1800000| Untracked 
|  25|0x00000000e1900000, 0x00000000e1a00000, 0x00000000e1a00000|100%| O|  |TAMS 0x00000000e1900000, 0x00000000e1900000| Untracked 
|  26|0x00000000e1a00000, 0x00000000e1b00000, 0x00000000e1b00000|100%| O|  |TAMS 0x00000000e1a00000, 0x00000000e1a00000| Untracked 
|  27|0x00000000e1b00000, 0x00000000e1c00000, 0x00000000e1c00000|100%| O|  |TAMS 0x00000000e1b00000, 0x00000000e1b00000| Untracked 
|  28|0x00000000e1c00000, 0x00000000e1d00000, 0x00000000e1d00000|100%| O|  |TAMS 0x00000000e1c00000, 0x00000000e1c00000| Untracked 
|  29|0x00000000e1d00000, 0x00000000e1e00000, 0x00000000e1e00000|100%| O|  |TAMS 0x00000000e1d00000, 0x00000000e1d00000| Untracked 
|  30|0x00000000e1e00000, 0x00000000e1f00000, 0x00000000e1f00000|100%| O|  |TAMS 0x00000000e1e00000, 0x00000000e1e00000| Untracked 
|  31|0x00000000e1f00000, 0x00000000e2000000, 0x00000000e2000000|100%| O|  |TAMS 0x00000000e1f00000, 0x00000000e1f00000| Untracked 
|  32|0x00000000e2000000, 0x00000000e2100000, 0x00000000e2100000|100%| O|  |TAMS 0x00000000e2000000, 0x00000000e2000000| Untracked 
|  33|0x00000000e2100000, 0x00000000e2200000, 0x00000000e2200000|100%| O|  |TAMS 0x00000000e2100000, 0x00000000e2100000| Untracked 
|  34|0x00000000e2200000, 0x00000000e2300000, 0x00000000e2300000|100%| O|  |TAMS 0x00000000e2200000, 0x00000000e2200000| Untracked 
|  35|0x00000000e2300000, 0x00000000e2363600, 0x00000000e2400000| 38%| O|  |TAMS 0x00000000e2300000, 0x00000000e2300000| Untracked 
|  36|0x00000000e2400000, 0x00000000e2500000, 0x00000000e2500000|100%|HS|  |TAMS 0x00000000e2400000, 0x00000000e2400000| Complete 
|  37|0x00000000e2500000, 0x00000000e2600000, 0x00000000e2600000|100%|HC|  |TAMS 0x00000000e2500000, 0x00000000e2500000| Complete 
|  38|0x00000000e2600000, 0x00000000e2700000, 0x00000000e2700000|100%|HS|  |TAMS 0x00000000e2600000, 0x00000000e2600000| Complete 
|  39|0x00000000e2700000, 0x00000000e2800000, 0x00000000e2800000|100%|HC|  |TAMS 0x00000000e2700000, 0x00000000e2700000| Complete 
|  40|0x00000000e2800000, 0x00000000e2900000, 0x00000000e2900000|100%|HS|  |TAMS 0x00000000e2800000, 0x00000000e2800000| Complete 
|  41|0x00000000e2900000, 0x00000000e2a00000, 0x00000000e2a00000|100%|HC|  |TAMS 0x00000000e2900000, 0x00000000e2900000| Complete 
|  42|0x00000000e2a00000, 0x00000000e2b00000, 0x00000000e2b00000|100%|HC|  |TAMS 0x00000000e2a00000, 0x00000000e2a00000| Complete 
|  43|0x00000000e2b00000, 0x00000000e2c00000, 0x00000000e2c00000|100%|HC|  |TAMS 0x00000000e2b00000, 0x00000000e2b00000| Complete 
|  44|0x00000000e2c00000, 0x00000000e2d00000, 0x00000000e2d00000|100%|HS|  |TAMS 0x00000000e2c00000, 0x00000000e2c00000| Complete 
|  45|0x00000000e2d00000, 0x00000000e2e00000, 0x00000000e2e00000|100%|HC|  |TAMS 0x00000000e2d00000, 0x00000000e2d00000| Complete 
|  46|0x00000000e2e00000, 0x00000000e2f00000, 0x00000000e2f00000|100%|HC|  |TAMS 0x00000000e2e00000, 0x00000000e2e00000| Complete 
|  47|0x00000000e2f00000, 0x00000000e3000000, 0x00000000e3000000|100%|HC|  |TAMS 0x00000000e2f00000, 0x00000000e2f00000| Complete 
|  48|0x00000000e3000000, 0x00000000e3000000, 0x00000000e3100000|  0%| F|  |TAMS 0x00000000e3000000, 0x00000000e3000000| Untracked 
|  49|0x00000000e3100000, 0x00000000e3100000, 0x00000000e3200000|  0%| F|  |TAMS 0x00000000e3100000, 0x00000000e3100000| Untracked 
|  50|0x00000000e3200000, 0x00000000e3200000, 0x00000000e3300000|  0%| F|  |TAMS 0x00000000e3200000, 0x00000000e3200000| Untracked 
|  51|0x00000000e3300000, 0x00000000e3300000, 0x00000000e3400000|  0%| F|  |TAMS 0x00000000e3300000, 0x00000000e3300000| Untracked 
|  52|0x00000000e3400000, 0x00000000e3400000, 0x00000000e3500000|  0%| F|  |TAMS 0x00000000e3400000, 0x00000000e3400000| Untracked 
|  53|0x00000000e3500000, 0x00000000e3500000, 0x00000000e3600000|  0%| F|  |TAMS 0x00000000e3500000, 0x00000000e3500000| Untracked 
|  54|0x00000000e3600000, 0x00000000e3600000, 0x00000000e3700000|  0%| F|  |TAMS 0x00000000e3600000, 0x00000000e3600000| Untracked 
|  55|0x00000000e3700000, 0x00000000e3700000, 0x00000000e3800000|  0%| F|  |TAMS 0x00000000e3700000, 0x00000000e3700000| Untracked 
|  56|0x00000000e3800000, 0x00000000e3800000, 0x00000000e3900000|  0%| F|  |TAMS 0x00000000e3800000, 0x00000000e3800000| Untracked 
|  57|0x00000000e3900000, 0x00000000e3900000, 0x00000000e3a00000|  0%| F|  |TAMS 0x00000000e3900000, 0x00000000e3900000| Untracked 
|  58|0x00000000e3a00000, 0x00000000e3a00000, 0x00000000e3b00000|  0%| F|  |TAMS 0x00000000e3a00000, 0x00000000e3a00000| Untracked 
|  59|0x00000000e3b00000, 0x00000000e3b00000, 0x00000000e3c00000|  0%| F|  |TAMS 0x00000000e3b00000, 0x00000000e3b00000| Untracked 
|  60|0x00000000e3c00000, 0x00000000e3c00000, 0x00000000e3d00000|  0%| F|  |TAMS 0x00000000e3c00000, 0x00000000e3c00000| Untracked 
|  61|0x00000000e3d00000, 0x00000000e3d00000, 0x00000000e3e00000|  0%| F|  |TAMS 0x00000000e3d00000, 0x00000000e3d00000| Untracked 
|  62|0x00000000e3e00000, 0x00000000e3e00000, 0x00000000e3f00000|  0%| F|  |TAMS 0x00000000e3e00000, 0x00000000e3e00000| Untracked 
|  63|0x00000000e3f00000, 0x00000000e3f00000, 0x00000000e4000000|  0%| F|  |TAMS 0x00000000e3f00000, 0x00000000e3f00000| Untracked 
|  64|0x00000000e4000000, 0x00000000e4000000, 0x00000000e4100000|  0%| F|  |TAMS 0x00000000e4000000, 0x00000000e4000000| Untracked 
|  65|0x00000000e4100000, 0x00000000e4100000, 0x00000000e4200000|  0%| F|  |TAMS 0x00000000e4100000, 0x00000000e4100000| Untracked 
|  66|0x00000000e4200000, 0x00000000e4200000, 0x00000000e4300000|  0%| F|  |TAMS 0x00000000e4200000, 0x00000000e4200000| Untracked 
|  67|0x00000000e4300000, 0x00000000e4300000, 0x00000000e4400000|  0%| F|  |TAMS 0x00000000e4300000, 0x00000000e4300000| Untracked 
|  68|0x00000000e4400000, 0x00000000e4400000, 0x00000000e4500000|  0%| F|  |TAMS 0x00000000e4400000, 0x00000000e4400000| Untracked 
|  69|0x00000000e4500000, 0x00000000e4500000, 0x00000000e4600000|  0%| F|  |TAMS 0x00000000e4500000, 0x00000000e4500000| Untracked 
|  70|0x00000000e4600000, 0x00000000e4600000, 0x00000000e4700000|  0%| F|  |TAMS 0x00000000e4600000, 0x00000000e4600000| Untracked 
|  71|0x00000000e4700000, 0x00000000e4700000, 0x00000000e4800000|  0%| F|  |TAMS 0x00000000e4700000, 0x00000000e4700000| Untracked 
|  72|0x00000000e4800000, 0x00000000e4800000, 0x00000000e4900000|  0%| F|  |TAMS 0x00000000e4800000, 0x00000000e4800000| Untracked 
|  73|0x00000000e4900000, 0x00000000e4900000, 0x00000000e4a00000|  0%| F|  |TAMS 0x00000000e4900000, 0x00000000e4900000| Untracked 
|  74|0x00000000e4a00000, 0x00000000e4a00000, 0x00000000e4b00000|  0%| F|  |TAMS 0x00000000e4a00000, 0x00000000e4a00000| Untracked 
|  75|0x00000000e4b00000, 0x00000000e4b00000, 0x00000000e4c00000|  0%| F|  |TAMS 0x00000000e4b00000, 0x00000000e4b00000| Untracked 
|  76|0x00000000e4c00000, 0x00000000e4c00000, 0x00000000e4d00000|  0%| F|  |TAMS 0x00000000e4c00000, 0x00000000e4c00000| Untracked 
|  77|0x00000000e4d00000, 0x00000000e4d00000, 0x00000000e4e00000|  0%| F|  |TAMS 0x00000000e4d00000, 0x00000000e4d00000| Untracked 
|  78|0x00000000e4e00000, 0x00000000e4e00000, 0x00000000e4f00000|  0%| F|  |TAMS 0x00000000e4e00000, 0x00000000e4e00000| Untracked 
|  79|0x00000000e4f00000, 0x00000000e4f00000, 0x00000000e5000000|  0%| F|  |TAMS 0x00000000e4f00000, 0x00000000e4f00000| Untracked 
|  80|0x00000000e5000000, 0x00000000e5000000, 0x00000000e5100000|  0%| F|  |TAMS 0x00000000e5000000, 0x00000000e5000000| Untracked 
|  81|0x00000000e5100000, 0x00000000e5100000, 0x00000000e5200000|  0%| F|  |TAMS 0x00000000e5100000, 0x00000000e5100000| Untracked 
|  82|0x00000000e5200000, 0x00000000e5200000, 0x00000000e5300000|  0%| F|  |TAMS 0x00000000e5200000, 0x00000000e5200000| Untracked 
|  83|0x00000000e5300000, 0x00000000e5300000, 0x00000000e5400000|  0%| F|  |TAMS 0x00000000e5300000, 0x00000000e5300000| Untracked 
|  84|0x00000000e5400000, 0x00000000e5400000, 0x00000000e5500000|  0%| F|  |TAMS 0x00000000e5400000, 0x00000000e5400000| Untracked 
|  85|0x00000000e5500000, 0x00000000e5500000, 0x00000000e5600000|  0%| F|  |TAMS 0x00000000e5500000, 0x00000000e5500000| Untracked 
|  86|0x00000000e5600000, 0x00000000e5600000, 0x00000000e5700000|  0%| F|  |TAMS 0x00000000e5600000, 0x00000000e5600000| Untracked 
|  87|0x00000000e5700000, 0x00000000e5700000, 0x00000000e5800000|  0%| F|  |TAMS 0x00000000e5700000, 0x00000000e5700000| Untracked 
|  88|0x00000000e5800000, 0x00000000e5800000, 0x00000000e5900000|  0%| F|  |TAMS 0x00000000e5800000, 0x00000000e5800000| Untracked 
|  89|0x00000000e5900000, 0x00000000e5900000, 0x00000000e5a00000|  0%| F|  |TAMS 0x00000000e5900000, 0x00000000e5900000| Untracked 
|  90|0x00000000e5a00000, 0x00000000e5a00000, 0x00000000e5b00000|  0%| F|  |TAMS 0x00000000e5a00000, 0x00000000e5a00000| Untracked 
|  91|0x00000000e5b00000, 0x00000000e5b9a518, 0x00000000e5c00000| 60%| S|CS|TAMS 0x00000000e5b00000, 0x00000000e5b00000| Complete 
|  92|0x00000000e5c00000, 0x00000000e5d00000, 0x00000000e5d00000|100%| S|CS|TAMS 0x00000000e5c00000, 0x00000000e5c00000| Complete 
|  93|0x00000000e5d00000, 0x00000000e5e00000, 0x00000000e5e00000|100%| S|CS|TAMS 0x00000000e5d00000, 0x00000000e5d00000| Complete 
|  94|0x00000000e5e00000, 0x00000000e5f00000, 0x00000000e5f00000|100%| S|CS|TAMS 0x00000000e5e00000, 0x00000000e5e00000| Complete 
|  95|0x00000000e5f00000, 0x00000000e6000000, 0x00000000e6000000|100%| S|CS|TAMS 0x00000000e5f00000, 0x00000000e5f00000| Complete 
|  96|0x00000000e6000000, 0x00000000e6100000, 0x00000000e6100000|100%| S|CS|TAMS 0x00000000e6000000, 0x00000000e6000000| Complete 
|  97|0x00000000e6100000, 0x00000000e6200000, 0x00000000e6200000|100%| S|CS|TAMS 0x00000000e6100000, 0x00000000e6100000| Complete 
|  98|0x00000000e6200000, 0x00000000e6300000, 0x00000000e6300000|100%| S|CS|TAMS 0x00000000e6200000, 0x00000000e6200000| Complete 
|  99|0x00000000e6300000, 0x00000000e6400000, 0x00000000e6400000|100%| S|CS|TAMS 0x00000000e6300000, 0x00000000e6300000| Complete 
| 100|0x00000000e6400000, 0x00000000e6500000, 0x00000000e6500000|100%| S|CS|TAMS 0x00000000e6400000, 0x00000000e6400000| Complete 
| 101|0x00000000e6500000, 0x00000000e6600000, 0x00000000e6600000|100%| S|CS|TAMS 0x00000000e6500000, 0x00000000e6500000| Complete 
| 102|0x00000000e6600000, 0x00000000e6700000, 0x00000000e6700000|100%| S|CS|TAMS 0x00000000e6600000, 0x00000000e6600000| Complete 
| 103|0x00000000e6700000, 0x00000000e6700000, 0x00000000e6800000|  0%| F|  |TAMS 0x00000000e6700000, 0x00000000e6700000| Untracked 
| 104|0x00000000e6800000, 0x00000000e6800000, 0x00000000e6900000|  0%| F|  |TAMS 0x00000000e6800000, 0x00000000e6800000| Untracked 
| 105|0x00000000e6900000, 0x00000000e6900000, 0x00000000e6a00000|  0%| F|  |TAMS 0x00000000e6900000, 0x00000000e6900000| Untracked 
| 106|0x00000000e6a00000, 0x00000000e6a00000, 0x00000000e6b00000|  0%| F|  |TAMS 0x00000000e6a00000, 0x00000000e6a00000| Untracked 
| 107|0x00000000e6b00000, 0x00000000e6b00000, 0x00000000e6c00000|  0%| F|  |TAMS 0x00000000e6b00000, 0x00000000e6b00000| Untracked 
| 108|0x00000000e6c00000, 0x00000000e6c00000, 0x00000000e6d00000|  0%| F|  |TAMS 0x00000000e6c00000, 0x00000000e6c00000| Untracked 
| 109|0x00000000e6d00000, 0x00000000e6d00000, 0x00000000e6e00000|  0%| F|  |TAMS 0x00000000e6d00000, 0x00000000e6d00000| Untracked 
| 110|0x00000000e6e00000, 0x00000000e6e00000, 0x00000000e6f00000|  0%| F|  |TAMS 0x00000000e6e00000, 0x00000000e6e00000| Untracked 
| 111|0x00000000e6f00000, 0x00000000e6f00000, 0x00000000e7000000|  0%| F|  |TAMS 0x00000000e6f00000, 0x00000000e6f00000| Untracked 
| 112|0x00000000e7000000, 0x00000000e7000000, 0x00000000e7100000|  0%| F|  |TAMS 0x00000000e7000000, 0x00000000e7000000| Untracked 
| 113|0x00000000e7100000, 0x00000000e7100000, 0x00000000e7200000|  0%| F|  |TAMS 0x00000000e7100000, 0x00000000e7100000| Untracked 
| 114|0x00000000e7200000, 0x00000000e7200000, 0x00000000e7300000|  0%| F|  |TAMS 0x00000000e7200000, 0x00000000e7200000| Untracked 
| 115|0x00000000e7300000, 0x00000000e7300000, 0x00000000e7400000|  0%| F|  |TAMS 0x00000000e7300000, 0x00000000e7300000| Untracked 
| 116|0x00000000e7400000, 0x00000000e7400000, 0x00000000e7500000|  0%| F|  |TAMS 0x00000000e7400000, 0x00000000e7400000| Untracked 
| 117|0x00000000e7500000, 0x00000000e7500000, 0x00000000e7600000|  0%| F|  |TAMS 0x00000000e7500000, 0x00000000e7500000| Untracked 
| 118|0x00000000e7600000, 0x00000000e7600000, 0x00000000e7700000|  0%| F|  |TAMS 0x00000000e7600000, 0x00000000e7600000| Untracked 
| 119|0x00000000e7700000, 0x00000000e7700000, 0x00000000e7800000|  0%| F|  |TAMS 0x00000000e7700000, 0x00000000e7700000| Untracked 
| 120|0x00000000e7800000, 0x00000000e7800000, 0x00000000e7900000|  0%| F|  |TAMS 0x00000000e7800000, 0x00000000e7800000| Untracked 
| 121|0x00000000e7900000, 0x00000000e7900000, 0x00000000e7a00000|  0%| F|  |TAMS 0x00000000e7900000, 0x00000000e7900000| Untracked 
| 122|0x00000000e7a00000, 0x00000000e7a00000, 0x00000000e7b00000|  0%| F|  |TAMS 0x00000000e7a00000, 0x00000000e7a00000| Untracked 
| 123|0x00000000e7b00000, 0x00000000e7b00000, 0x00000000e7c00000|  0%| F|  |TAMS 0x00000000e7b00000, 0x00000000e7b00000| Untracked 
| 124|0x00000000e7c00000, 0x00000000e7c00000, 0x00000000e7d00000|  0%| F|  |TAMS 0x00000000e7c00000, 0x00000000e7c00000| Untracked 
| 125|0x00000000e7d00000, 0x00000000e7d00000, 0x00000000e7e00000|  0%| F|  |TAMS 0x00000000e7d00000, 0x00000000e7d00000| Untracked 
| 126|0x00000000e7e00000, 0x00000000e7e00000, 0x00000000e7f00000|  0%| F|  |TAMS 0x00000000e7e00000, 0x00000000e7e00000| Untracked 
| 127|0x00000000e7f00000, 0x00000000e7f00000, 0x00000000e8000000|  0%| F|  |TAMS 0x00000000e7f00000, 0x00000000e7f00000| Untracked 
| 128|0x00000000e8000000, 0x00000000e8000000, 0x00000000e8100000|  0%| F|  |TAMS 0x00000000e8000000, 0x00000000e8000000| Untracked 
| 129|0x00000000e8100000, 0x00000000e8100000, 0x00000000e8200000|  0%| F|  |TAMS 0x00000000e8100000, 0x00000000e8100000| Untracked 
| 130|0x00000000e8200000, 0x00000000e8200000, 0x00000000e8300000|  0%| F|  |TAMS 0x00000000e8200000, 0x00000000e8200000| Untracked 
| 131|0x00000000e8300000, 0x00000000e8300000, 0x00000000e8400000|  0%| F|  |TAMS 0x00000000e8300000, 0x00000000e8300000| Untracked 
| 132|0x00000000e8400000, 0x00000000e8400000, 0x00000000e8500000|  0%| F|  |TAMS 0x00000000e8400000, 0x00000000e8400000| Untracked 
| 133|0x00000000e8500000, 0x00000000e8500000, 0x00000000e8600000|  0%| F|  |TAMS 0x00000000e8500000, 0x00000000e8500000| Untracked 
| 134|0x00000000e8600000, 0x00000000e8600000, 0x00000000e8700000|  0%| F|  |TAMS 0x00000000e8600000, 0x00000000e8600000| Untracked 
| 135|0x00000000e8700000, 0x00000000e8700000, 0x00000000e8800000|  0%| F|  |TAMS 0x00000000e8700000, 0x00000000e8700000| Untracked 
| 136|0x00000000e8800000, 0x00000000e8800000, 0x00000000e8900000|  0%| F|  |TAMS 0x00000000e8800000, 0x00000000e8800000| Untracked 
| 137|0x00000000e8900000, 0x00000000e8900000, 0x00000000e8a00000|  0%| F|  |TAMS 0x00000000e8900000, 0x00000000e8900000| Untracked 
| 138|0x00000000e8a00000, 0x00000000e8a00000, 0x00000000e8b00000|  0%| F|  |TAMS 0x00000000e8a00000, 0x00000000e8a00000| Untracked 
| 139|0x00000000e8b00000, 0x00000000e8b00000, 0x00000000e8c00000|  0%| F|  |TAMS 0x00000000e8b00000, 0x00000000e8b00000| Untracked 
| 140|0x00000000e8c00000, 0x00000000e8c00000, 0x00000000e8d00000|  0%| F|  |TAMS 0x00000000e8c00000, 0x00000000e8c00000| Untracked 
| 141|0x00000000e8d00000, 0x00000000e8d00000, 0x00000000e8e00000|  0%| F|  |TAMS 0x00000000e8d00000, 0x00000000e8d00000| Untracked 
| 142|0x00000000e8e00000, 0x00000000e8e00000, 0x00000000e8f00000|  0%| F|  |TAMS 0x00000000e8e00000, 0x00000000e8e00000| Untracked 
| 143|0x00000000e8f00000, 0x00000000e8f00000, 0x00000000e9000000|  0%| F|  |TAMS 0x00000000e8f00000, 0x00000000e8f00000| Untracked 
| 144|0x00000000e9000000, 0x00000000e9000000, 0x00000000e9100000|  0%| F|  |TAMS 0x00000000e9000000, 0x00000000e9000000| Untracked 
| 145|0x00000000e9100000, 0x00000000e9100000, 0x00000000e9200000|  0%| F|  |TAMS 0x00000000e9100000, 0x00000000e9100000| Untracked 
| 146|0x00000000e9200000, 0x00000000e9200000, 0x00000000e9300000|  0%| F|  |TAMS 0x00000000e9200000, 0x00000000e9200000| Untracked 
| 147|0x00000000e9300000, 0x00000000e9300000, 0x00000000e9400000|  0%| F|  |TAMS 0x00000000e9300000, 0x00000000e9300000| Untracked 
| 148|0x00000000e9400000, 0x00000000e9400000, 0x00000000e9500000|  0%| F|  |TAMS 0x00000000e9400000, 0x00000000e9400000| Untracked 
| 149|0x00000000e9500000, 0x00000000e9500000, 0x00000000e9600000|  0%| F|  |TAMS 0x00000000e9500000, 0x00000000e9500000| Untracked 
| 150|0x00000000e9600000, 0x00000000e9600000, 0x00000000e9700000|  0%| F|  |TAMS 0x00000000e9600000, 0x00000000e9600000| Untracked 
| 151|0x00000000e9700000, 0x00000000e9700000, 0x00000000e9800000|  0%| F|  |TAMS 0x00000000e9700000, 0x00000000e9700000| Untracked 
| 152|0x00000000e9800000, 0x00000000e9800000, 0x00000000e9900000|  0%| F|  |TAMS 0x00000000e9800000, 0x00000000e9800000| Untracked 
| 153|0x00000000e9900000, 0x00000000e9900000, 0x00000000e9a00000|  0%| F|  |TAMS 0x00000000e9900000, 0x00000000e9900000| Untracked 
| 154|0x00000000e9a00000, 0x00000000e9a00000, 0x00000000e9b00000|  0%| F|  |TAMS 0x00000000e9a00000, 0x00000000e9a00000| Untracked 
| 155|0x00000000e9b00000, 0x00000000e9b00000, 0x00000000e9c00000|  0%| F|  |TAMS 0x00000000e9b00000, 0x00000000e9b00000| Untracked 
| 156|0x00000000e9c00000, 0x00000000e9c00000, 0x00000000e9d00000|  0%| F|  |TAMS 0x00000000e9c00000, 0x00000000e9c00000| Untracked 
| 157|0x00000000e9d00000, 0x00000000e9d00000, 0x00000000e9e00000|  0%| F|  |TAMS 0x00000000e9d00000, 0x00000000e9d00000| Untracked 
| 158|0x00000000e9e00000, 0x00000000e9e00000, 0x00000000e9f00000|  0%| F|  |TAMS 0x00000000e9e00000, 0x00000000e9e00000| Untracked 
| 159|0x00000000e9f00000, 0x00000000e9f00000, 0x00000000ea000000|  0%| F|  |TAMS 0x00000000e9f00000, 0x00000000e9f00000| Untracked 
| 160|0x00000000ea000000, 0x00000000ea000000, 0x00000000ea100000|  0%| F|  |TAMS 0x00000000ea000000, 0x00000000ea000000| Untracked 
| 161|0x00000000ea100000, 0x00000000ea100000, 0x00000000ea200000|  0%| F|  |TAMS 0x00000000ea100000, 0x00000000ea100000| Untracked 
| 162|0x00000000ea200000, 0x00000000ea200000, 0x00000000ea300000|  0%| F|  |TAMS 0x00000000ea200000, 0x00000000ea200000| Untracked 
| 163|0x00000000ea300000, 0x00000000ea300000, 0x00000000ea400000|  0%| F|  |TAMS 0x00000000ea300000, 0x00000000ea300000| Untracked 
| 164|0x00000000ea400000, 0x00000000ea400000, 0x00000000ea500000|  0%| F|  |TAMS 0x00000000ea400000, 0x00000000ea400000| Untracked 
| 165|0x00000000ea500000, 0x00000000ea500000, 0x00000000ea600000|  0%| F|  |TAMS 0x00000000ea500000, 0x00000000ea500000| Untracked 
| 166|0x00000000ea600000, 0x00000000ea600000, 0x00000000ea700000|  0%| F|  |TAMS 0x00000000ea600000, 0x00000000ea600000| Untracked 
| 167|0x00000000ea700000, 0x00000000ea700000, 0x00000000ea800000|  0%| F|  |TAMS 0x00000000ea700000, 0x00000000ea700000| Untracked 
| 168|0x00000000ea800000, 0x00000000ea800000, 0x00000000ea900000|  0%| F|  |TAMS 0x00000000ea800000, 0x00000000ea800000| Untracked 
| 169|0x00000000ea900000, 0x00000000ea900000, 0x00000000eaa00000|  0%| F|  |TAMS 0x00000000ea900000, 0x00000000ea900000| Untracked 
| 170|0x00000000eaa00000, 0x00000000eaa00000, 0x00000000eab00000|  0%| F|  |TAMS 0x00000000eaa00000, 0x00000000eaa00000| Untracked 
| 171|0x00000000eab00000, 0x00000000eab00000, 0x00000000eac00000|  0%| F|  |TAMS 0x00000000eab00000, 0x00000000eab00000| Untracked 
| 172|0x00000000eac00000, 0x00000000eac00000, 0x00000000ead00000|  0%| F|  |TAMS 0x00000000eac00000, 0x00000000eac00000| Untracked 
| 173|0x00000000ead00000, 0x00000000ead00000, 0x00000000eae00000|  0%| F|  |TAMS 0x00000000ead00000, 0x00000000ead00000| Untracked 
| 174|0x00000000eae00000, 0x00000000eae00000, 0x00000000eaf00000|  0%| F|  |TAMS 0x00000000eae00000, 0x00000000eae00000| Untracked 
| 175|0x00000000eaf00000, 0x00000000eaf00000, 0x00000000eb000000|  0%| F|  |TAMS 0x00000000eaf00000, 0x00000000eaf00000| Untracked 
| 176|0x00000000eb000000, 0x00000000eb000000, 0x00000000eb100000|  0%| F|  |TAMS 0x00000000eb000000, 0x00000000eb000000| Untracked 
| 177|0x00000000eb100000, 0x00000000eb100000, 0x00000000eb200000|  0%| F|  |TAMS 0x00000000eb100000, 0x00000000eb100000| Untracked 
| 178|0x00000000eb200000, 0x00000000eb200000, 0x00000000eb300000|  0%| F|  |TAMS 0x00000000eb200000, 0x00000000eb200000| Untracked 
| 179|0x00000000eb300000, 0x00000000eb300000, 0x00000000eb400000|  0%| F|  |TAMS 0x00000000eb300000, 0x00000000eb300000| Untracked 
| 180|0x00000000eb400000, 0x00000000eb400000, 0x00000000eb500000|  0%| F|  |TAMS 0x00000000eb400000, 0x00000000eb400000| Untracked 
| 181|0x00000000eb500000, 0x00000000eb500000, 0x00000000eb600000|  0%| F|  |TAMS 0x00000000eb500000, 0x00000000eb500000| Untracked 
| 182|0x00000000eb600000, 0x00000000eb600000, 0x00000000eb700000|  0%| F|  |TAMS 0x00000000eb600000, 0x00000000eb600000| Untracked 
| 183|0x00000000eb700000, 0x00000000eb700000, 0x00000000eb800000|  0%| F|  |TAMS 0x00000000eb700000, 0x00000000eb700000| Untracked 
| 184|0x00000000eb800000, 0x00000000eb800000, 0x00000000eb900000|  0%| F|  |TAMS 0x00000000eb800000, 0x00000000eb800000| Untracked 
| 185|0x00000000eb900000, 0x00000000eb900000, 0x00000000eba00000|  0%| F|  |TAMS 0x00000000eb900000, 0x00000000eb900000| Untracked 
| 186|0x00000000eba00000, 0x00000000eba00000, 0x00000000ebb00000|  0%| F|  |TAMS 0x00000000eba00000, 0x00000000eba00000| Untracked 
| 187|0x00000000ebb00000, 0x00000000ebb00000, 0x00000000ebc00000|  0%| F|  |TAMS 0x00000000ebb00000, 0x00000000ebb00000| Untracked 
| 188|0x00000000ebc00000, 0x00000000ebc00000, 0x00000000ebd00000|  0%| F|  |TAMS 0x00000000ebc00000, 0x00000000ebc00000| Untracked 
| 189|0x00000000ebd00000, 0x00000000ebd00000, 0x00000000ebe00000|  0%| F|  |TAMS 0x00000000ebd00000, 0x00000000ebd00000| Untracked 
| 190|0x00000000ebe00000, 0x00000000ebe00000, 0x00000000ebf00000|  0%| F|  |TAMS 0x00000000ebe00000, 0x00000000ebe00000| Untracked 
| 191|0x00000000ebf00000, 0x00000000ebf00000, 0x00000000ec000000|  0%| F|  |TAMS 0x00000000ebf00000, 0x00000000ebf00000| Untracked 
| 192|0x00000000ec000000, 0x00000000ec000000, 0x00000000ec100000|  0%| F|  |TAMS 0x00000000ec000000, 0x00000000ec000000| Untracked 
| 193|0x00000000ec100000, 0x00000000ec100000, 0x00000000ec200000|  0%| F|  |TAMS 0x00000000ec100000, 0x00000000ec100000| Untracked 
| 194|0x00000000ec200000, 0x00000000ec200000, 0x00000000ec300000|  0%| F|  |TAMS 0x00000000ec200000, 0x00000000ec200000| Untracked 
| 195|0x00000000ec300000, 0x00000000ec300000, 0x00000000ec400000|  0%| F|  |TAMS 0x00000000ec300000, 0x00000000ec300000| Untracked 
| 196|0x00000000ec400000, 0x00000000ec400000, 0x00000000ec500000|  0%| F|  |TAMS 0x00000000ec400000, 0x00000000ec400000| Untracked 
| 197|0x00000000ec500000, 0x00000000ec500000, 0x00000000ec600000|  0%| F|  |TAMS 0x00000000ec500000, 0x00000000ec500000| Untracked 
| 198|0x00000000ec600000, 0x00000000ec600000, 0x00000000ec700000|  0%| F|  |TAMS 0x00000000ec600000, 0x00000000ec600000| Untracked 
| 199|0x00000000ec700000, 0x00000000ec700000, 0x00000000ec800000|  0%| F|  |TAMS 0x00000000ec700000, 0x00000000ec700000| Untracked 
| 200|0x00000000ec800000, 0x00000000ec800000, 0x00000000ec900000|  0%| F|  |TAMS 0x00000000ec800000, 0x00000000ec800000| Untracked 
| 201|0x00000000ec900000, 0x00000000ec900000, 0x00000000eca00000|  0%| F|  |TAMS 0x00000000ec900000, 0x00000000ec900000| Untracked 
| 202|0x00000000eca00000, 0x00000000eca00000, 0x00000000ecb00000|  0%| F|  |TAMS 0x00000000eca00000, 0x00000000eca00000| Untracked 
| 203|0x00000000ecb00000, 0x00000000ecb00000, 0x00000000ecc00000|  0%| F|  |TAMS 0x00000000ecb00000, 0x00000000ecb00000| Untracked 
| 204|0x00000000ecc00000, 0x00000000ecc00000, 0x00000000ecd00000|  0%| F|  |TAMS 0x00000000ecc00000, 0x00000000ecc00000| Untracked 
| 205|0x00000000ecd00000, 0x00000000ecd00000, 0x00000000ece00000|  0%| F|  |TAMS 0x00000000ecd00000, 0x00000000ecd00000| Untracked 
| 206|0x00000000ece00000, 0x00000000ece00000, 0x00000000ecf00000|  0%| F|  |TAMS 0x00000000ece00000, 0x00000000ece00000| Untracked 
| 207|0x00000000ecf00000, 0x00000000ecf00000, 0x00000000ed000000|  0%| F|  |TAMS 0x00000000ecf00000, 0x00000000ecf00000| Untracked 
| 208|0x00000000ed000000, 0x00000000ed000000, 0x00000000ed100000|  0%| F|  |TAMS 0x00000000ed000000, 0x00000000ed000000| Untracked 
| 209|0x00000000ed100000, 0x00000000ed100000, 0x00000000ed200000|  0%| F|  |TAMS 0x00000000ed100000, 0x00000000ed100000| Untracked 
| 210|0x00000000ed200000, 0x00000000ed200000, 0x00000000ed300000|  0%| F|  |TAMS 0x00000000ed200000, 0x00000000ed200000| Untracked 
| 211|0x00000000ed300000, 0x00000000ed300000, 0x00000000ed400000|  0%| F|  |TAMS 0x00000000ed300000, 0x00000000ed300000| Untracked 
| 212|0x00000000ed400000, 0x00000000ed400000, 0x00000000ed500000|  0%| F|  |TAMS 0x00000000ed400000, 0x00000000ed400000| Untracked 
| 213|0x00000000ed500000, 0x00000000ed500000, 0x00000000ed600000|  0%| F|  |TAMS 0x00000000ed500000, 0x00000000ed500000| Untracked 
| 214|0x00000000ed600000, 0x00000000ed600000, 0x00000000ed700000|  0%| F|  |TAMS 0x00000000ed600000, 0x00000000ed600000| Untracked 
| 215|0x00000000ed700000, 0x00000000ed700000, 0x00000000ed800000|  0%| F|  |TAMS 0x00000000ed700000, 0x00000000ed700000| Untracked 
| 216|0x00000000ed800000, 0x00000000ed800000, 0x00000000ed900000|  0%| F|  |TAMS 0x00000000ed800000, 0x00000000ed800000| Untracked 
| 217|0x00000000ed900000, 0x00000000ed900000, 0x00000000eda00000|  0%| F|  |TAMS 0x00000000ed900000, 0x00000000ed900000| Untracked 
| 218|0x00000000eda00000, 0x00000000eda00000, 0x00000000edb00000|  0%| F|  |TAMS 0x00000000eda00000, 0x00000000eda00000| Untracked 
| 219|0x00000000edb00000, 0x00000000edb00000, 0x00000000edc00000|  0%| F|  |TAMS 0x00000000edb00000, 0x00000000edb00000| Untracked 
| 220|0x00000000edc00000, 0x00000000edc00000, 0x00000000edd00000|  0%| F|  |TAMS 0x00000000edc00000, 0x00000000edc00000| Untracked 
| 221|0x00000000edd00000, 0x00000000edd00000, 0x00000000ede00000|  0%| F|  |TAMS 0x00000000edd00000, 0x00000000edd00000| Untracked 
| 222|0x00000000ede00000, 0x00000000ede00000, 0x00000000edf00000|  0%| F|  |TAMS 0x00000000ede00000, 0x00000000ede00000| Untracked 
| 223|0x00000000edf00000, 0x00000000edf00000, 0x00000000ee000000|  0%| F|  |TAMS 0x00000000edf00000, 0x00000000edf00000| Untracked 
| 224|0x00000000ee000000, 0x00000000ee000000, 0x00000000ee100000|  0%| F|  |TAMS 0x00000000ee000000, 0x00000000ee000000| Untracked 
| 225|0x00000000ee100000, 0x00000000ee100000, 0x00000000ee200000|  0%| F|  |TAMS 0x00000000ee100000, 0x00000000ee100000| Untracked 
| 226|0x00000000ee200000, 0x00000000ee200000, 0x00000000ee300000|  0%| F|  |TAMS 0x00000000ee200000, 0x00000000ee200000| Untracked 
| 227|0x00000000ee300000, 0x00000000ee300000, 0x00000000ee400000|  0%| F|  |TAMS 0x00000000ee300000, 0x00000000ee300000| Untracked 
| 228|0x00000000ee400000, 0x00000000ee400000, 0x00000000ee500000|  0%| F|  |TAMS 0x00000000ee400000, 0x00000000ee400000| Untracked 
| 229|0x00000000ee500000, 0x00000000ee500000, 0x00000000ee600000|  0%| F|  |TAMS 0x00000000ee500000, 0x00000000ee500000| Untracked 
| 230|0x00000000ee600000, 0x00000000ee600000, 0x00000000ee700000|  0%| F|  |TAMS 0x00000000ee600000, 0x00000000ee600000| Untracked 
| 231|0x00000000ee700000, 0x00000000ee700000, 0x00000000ee800000|  0%| F|  |TAMS 0x00000000ee700000, 0x00000000ee700000| Untracked 
| 232|0x00000000ee800000, 0x00000000ee800000, 0x00000000ee900000|  0%| F|  |TAMS 0x00000000ee800000, 0x00000000ee800000| Untracked 
| 233|0x00000000ee900000, 0x00000000ee900000, 0x00000000eea00000|  0%| F|  |TAMS 0x00000000ee900000, 0x00000000ee900000| Untracked 
| 234|0x00000000eea00000, 0x00000000eea00000, 0x00000000eeb00000|  0%| F|  |TAMS 0x00000000eea00000, 0x00000000eea00000| Untracked 
| 235|0x00000000eeb00000, 0x00000000eeb00000, 0x00000000eec00000|  0%| F|  |TAMS 0x00000000eeb00000, 0x00000000eeb00000| Untracked 
| 236|0x00000000eec00000, 0x00000000eec00000, 0x00000000eed00000|  0%| F|  |TAMS 0x00000000eec00000, 0x00000000eec00000| Untracked 
| 237|0x00000000eed00000, 0x00000000eed00000, 0x00000000eee00000|  0%| F|  |TAMS 0x00000000eed00000, 0x00000000eed00000| Untracked 
| 238|0x00000000eee00000, 0x00000000eee00000, 0x00000000eef00000|  0%| F|  |TAMS 0x00000000eee00000, 0x00000000eee00000| Untracked 
| 239|0x00000000eef00000, 0x00000000eef00000, 0x00000000ef000000|  0%| F|  |TAMS 0x00000000eef00000, 0x00000000eef00000| Untracked 
| 240|0x00000000ef000000, 0x00000000ef000000, 0x00000000ef100000|  0%| F|  |TAMS 0x00000000ef000000, 0x00000000ef000000| Untracked 
| 241|0x00000000ef100000, 0x00000000ef100000, 0x00000000ef200000|  0%| F|  |TAMS 0x00000000ef100000, 0x00000000ef100000| Untracked 
| 242|0x00000000ef200000, 0x00000000ef200000, 0x00000000ef300000|  0%| F|  |TAMS 0x00000000ef200000, 0x00000000ef200000| Untracked 
| 243|0x00000000ef300000, 0x00000000ef300000, 0x00000000ef400000|  0%| F|  |TAMS 0x00000000ef300000, 0x00000000ef300000| Untracked 
| 244|0x00000000ef400000, 0x00000000ef500000, 0x00000000ef500000|100%| E|  |TAMS 0x00000000ef400000, 0x00000000ef400000| Complete 
| 245|0x00000000ef500000, 0x00000000ef600000, 0x00000000ef600000|100%| E|CS|TAMS 0x00000000ef500000, 0x00000000ef500000| Complete 
| 246|0x00000000ef600000, 0x00000000ef700000, 0x00000000ef700000|100%| E|CS|TAMS 0x00000000ef600000, 0x00000000ef600000| Complete 
| 247|0x00000000ef700000, 0x00000000ef800000, 0x00000000ef800000|100%| E|CS|TAMS 0x00000000ef700000, 0x00000000ef700000| Complete 
| 248|0x00000000ef800000, 0x00000000ef900000, 0x00000000ef900000|100%| E|CS|TAMS 0x00000000ef800000, 0x00000000ef800000| Complete 
| 249|0x00000000ef900000, 0x00000000efa00000, 0x00000000efa00000|100%| E|CS|TAMS 0x00000000ef900000, 0x00000000ef900000| Complete 
| 250|0x00000000efa00000, 0x00000000efb00000, 0x00000000efb00000|100%| E|CS|TAMS 0x00000000efa00000, 0x00000000efa00000| Complete 
| 251|0x00000000efb00000, 0x00000000efc00000, 0x00000000efc00000|100%| E|CS|TAMS 0x00000000efb00000, 0x00000000efb00000| Complete 
| 252|0x00000000efc00000, 0x00000000efd00000, 0x00000000efd00000|100%| E|CS|TAMS 0x00000000efc00000, 0x00000000efc00000| Complete 
| 253|0x00000000efd00000, 0x00000000efe00000, 0x00000000efe00000|100%| E|CS|TAMS 0x00000000efd00000, 0x00000000efd00000| Complete 
| 254|0x00000000efe00000, 0x00000000eff00000, 0x00000000eff00000|100%| E|CS|TAMS 0x00000000efe00000, 0x00000000efe00000| Complete 
| 255|0x00000000eff00000, 0x00000000f0000000, 0x00000000f0000000|100%| E|CS|TAMS 0x00000000eff00000, 0x00000000eff00000| Complete 

Card table byte_map: [0x000002673e440000,0x000002673e540000] _byte_map_base: 0x000002673dd40000

Marking Bits (Prev, Next): (CMBitMap*) 0x000002672791d4a0, (CMBitMap*) 0x000002672791d4e0
 Prev Bits: [0x000002673e640000, 0x000002673ee40000)
 Next Bits: [0x000002673ee40000, 0x000002673f640000)

Polling page: 0x00000267257a0000

Metaspace:

Usage:
  Non-class:     49.12 MB used.
      Class:      7.89 MB used.
       Both:     57.01 MB used.

Virtual space:
  Non-class space:       64.00 MB reserved,      49.44 MB ( 77%) committed,  1 nodes.
      Class space:      320.00 MB reserved,       8.12 MB (  3%) committed,  1 nodes.
             Both:      384.00 MB reserved,      57.56 MB ( 15%) committed. 

Chunk freelists:
   Non-Class:  14.31 MB
       Class:  7.82 MB
        Both:  22.13 MB

MaxMetaspaceSize: 384.00 MB
CompressedClassSpaceSize: 320.00 MB
Initial GC threshold: 21.00 MB
Current GC threshold: 59.06 MB
CDS: on
MetaspaceReclaimPolicy: balanced
 - commit_granule_bytes: 65536.
 - commit_granule_words: 8192.
 - virtual_space_node_default_size: 8388608.
 - enlarge_chunks_in_place: 1.
 - new_chunks_are_fully_committed: 0.
 - uncommit_free_chunks: 1.
 - use_allocation_guard: 0.
 - handle_deallocations: 1.


Internal statistics:

num_allocs_failed_limit: 8.
num_arena_births: 762.
num_arena_deaths: 0.
num_vsnodes_births: 2.
num_vsnodes_deaths: 0.
num_space_committed: 921.
num_space_uncommitted: 0.
num_chunks_returned_to_freelist: 8.
num_chunks_taken_from_freelist: 3084.
num_chunk_merges: 8.
num_chunk_splits: 2060.
num_chunks_enlarged: 1416.
num_inconsistent_stats: 0.

CodeHeap 'non-profiled nmethods': size=120000Kb used=3551Kb max_used=3551Kb free=116448Kb
 bounds [0x0000026736f10000, 0x0000026737290000, 0x000002673e440000]
CodeHeap 'profiled nmethods': size=120000Kb used=12973Kb max_used=12973Kb free=107026Kb
 bounds [0x000002672f440000, 0x00000267300f0000, 0x0000026736970000]
CodeHeap 'non-nmethods': size=5760Kb used=2376Kb max_used=2397Kb free=3383Kb
 bounds [0x0000026736970000, 0x0000026736be0000, 0x0000026736f10000]
 total_blobs=7575 nmethods=6683 adapters=804
 compilation: enabled
              stopped_count=0, restarted_count=0
 full_count=0

Compilation events (20 events):
Event: 77.149 Thread 0x0000026741c20de0 7491       3       org.objectweb.asm.SymbolTable::addConstantDynamicOrInvokeDynamicReference (140 bytes)
Event: 77.150 Thread 0x0000026741c20de0 nmethod 7491 0x00000267300e4210 code [0x00000267300e4440, 0x00000267300e4b08]
Event: 77.150 Thread 0x0000026741c20de0 7490       3       org.objectweb.asm.SymbolTable::addConstantInvokeDynamic (23 bytes)
Event: 77.150 Thread 0x0000026741c20de0 nmethod 7490 0x00000267300e4e90 code [0x00000267300e5040, 0x00000267300e51d8]
Event: 77.160 Thread 0x0000026741c20de0 7492       3       org.gradle.cache.internal.DefaultCrossBuildInMemoryCacheFactory$AbstractCrossBuildInMemoryCache$$Lambda$132/0x00000267431b6ac8::apply (13 bytes)
Event: 77.160 Thread 0x0000026741c20de0 nmethod 7492 0x00000267300e5310 code [0x00000267300e54c0, 0x00000267300e5608]
Event: 77.160 Thread 0x0000026741c20de0 7493       3       org.gradle.cache.internal.DefaultCrossBuildInMemoryCacheFactory$AbstractCrossBuildInMemoryCache$$Lambda$133/0x00000267431b6d08::<init> (20 bytes)
Event: 77.160 Thread 0x0000026741c20de0 nmethod 7493 0x00000267300e5710 code [0x00000267300e58c0, 0x00000267300e5b38]
Event: 77.161 Thread 0x0000026741c20de0 7494       3       org.gradle.cache.internal.DefaultCrossBuildInMemoryCacheFactory$AbstractCrossBuildInMemoryCache$$Lambda$133/0x00000267431b6d08::get (16 bytes)
Event: 77.161 Thread 0x0000026741c20de0 nmethod 7494 0x00000267300e5c10 code [0x00000267300e5de0, 0x00000267300e60d8]
Event: 77.212 Thread 0x0000026741c20de0 7495       3       com.google.common.collect.LinkedHashMultimap$ValueSet::iterator (9 bytes)
Event: 77.213 Thread 0x0000026741c20de0 nmethod 7495 0x00000267300e6210 code [0x00000267300e63c0, 0x00000267300e66d8]
Event: 77.213 Thread 0x0000026741c20de0 7497       3       org.gradle.internal.instantiation.generator.AbstractClassGenerator$DslMixInPropertyType::findClosureOverload (109 bytes)
Event: 77.213 Thread 0x0000026741c20de0 nmethod 7497 0x00000267300e6810 code [0x00000267300e6a80, 0x00000267300e7718]
Event: 77.213 Thread 0x0000026741c20de0 7496       3       com.google.common.collect.LinkedHashMultimap$ValueSet$1::<init> (32 bytes)
Event: 77.213 Thread 0x0000026741c20de0 nmethod 7496 0x00000267300e7b10 code [0x00000267300e7cc0, 0x00000267300e7f18]
Event: 77.297 Thread 0x0000026741c20de0 7498       3       org.gradle.internal.instantiation.generator.AsmBackedClassGenerator$ClassBuilderImpl::access$6900 (4 bytes)
Event: 77.297 Thread 0x0000026741c20de0 nmethod 7498 0x00000267300e8010 code [0x00000267300e81a0, 0x00000267300e8298]
Event: 77.301 Thread 0x0000026741c20de0 7499       3       com.google.common.collect.ImmutableCollection::toArray (67 bytes)
Event: 77.302 Thread 0x0000026741c20de0 nmethod 7499 0x00000267300e8310 code [0x00000267300e85a0, 0x00000267300e9268]

GC Heap History (16 events):
Event: 2.041 GC heap before
{Heap before GC invocations=0 (full 0):
 garbage-first heap   total 262144K, used 13312K [0x00000000e0000000, 0x0000000100000000)
  region size 1024K, 13 young (13312K), 0 survivors (0K)
 Metaspace       used 787K, committed 896K, reserved 393216K
  class space    used 62K, committed 128K, reserved 327680K
}
Event: 2.045 GC heap after
{Heap after GC invocations=1 (full 0):
 garbage-first heap   total 262144K, used 1280K [0x00000000e0000000, 0x0000000100000000)
  region size 1024K, 2 young (2048K), 2 survivors (2048K)
 Metaspace       used 787K, committed 896K, reserved 393216K
  class space    used 62K, committed 128K, reserved 327680K
}
Event: 3.218 GC heap before
{Heap before GC invocations=1 (full 0):
 garbage-first heap   total 262144K, used 22784K [0x00000000e0000000, 0x0000000100000000)
  region size 1024K, 21 young (21504K), 2 survivors (2048K)
 Metaspace       used 1908K, committed 2112K, reserved 393216K
  class space    used 183K, committed 320K, reserved 327680K
}
Event: 3.223 GC heap after
{Heap after GC invocations=2 (full 0):
 garbage-first heap   total 262144K, used 9613K [0x00000000e0000000, 0x0000000100000000)
  region size 1024K, 3 young (3072K), 3 survivors (3072K)
 Metaspace       used 1908K, committed 2112K, reserved 393216K
  class space    used 183K, committed 320K, reserved 327680K
}
Event: 23.554 GC heap before
{Heap before GC invocations=2 (full 0):
 garbage-first heap   total 262144K, used 165261K [0x00000000e0000000, 0x0000000100000000)
  region size 1024K, 153 young (156672K), 3 survivors (3072K)
 Metaspace       used 17981K, committed 18304K, reserved 393216K
  class space    used 2576K, committed 2688K, reserved 327680K
}
Event: 23.621 GC heap after
{Heap after GC invocations=3 (full 0):
 garbage-first heap   total 262144K, used 21729K [0x00000000e0000000, 0x0000000100000000)
  region size 1024K, 14 young (14336K), 14 survivors (14336K)
 Metaspace       used 17981K, committed 18304K, reserved 393216K
  class space    used 2576K, committed 2688K, reserved 327680K
}
Event: 32.895 GC heap before
{Heap before GC invocations=3 (full 0):
 garbage-first heap   total 262144K, used 50401K [0x00000000e0000000, 0x0000000100000000)
  region size 1024K, 43 young (44032K), 14 survivors (14336K)
 Metaspace       used 21141K, committed 21504K, reserved 393216K
  class space    used 3077K, committed 3264K, reserved 327680K
}
Event: 32.926 GC heap after
{Heap after GC invocations=4 (full 0):
 garbage-first heap   total 262144K, used 24425K [0x00000000e0000000, 0x0000000100000000)
  region size 1024K, 3 young (3072K), 3 survivors (3072K)
 Metaspace       used 21141K, committed 21504K, reserved 393216K
  class space    used 3077K, committed 3264K, reserved 327680K
}
Event: 48.109 GC heap before
{Heap before GC invocations=5 (full 0):
 garbage-first heap   total 262144K, used 146281K [0x00000000e0000000, 0x0000000100000000)
  region size 1024K, 117 young (119808K), 3 survivors (3072K)
 Metaspace       used 35497K, committed 35968K, reserved 393216K
  class space    used 4876K, committed 5120K, reserved 327680K
}
Event: 48.194 GC heap after
{Heap after GC invocations=6 (full 0):
 garbage-first heap   total 262144K, used 34341K [0x00000000e0000000, 0x0000000100000000)
  region size 1024K, 12 young (12288K), 12 survivors (12288K)
 Metaspace       used 35497K, committed 35968K, reserved 393216K
  class space    used 4876K, committed 5120K, reserved 327680K
}
Event: 60.073 GC heap before
{Heap before GC invocations=7 (full 0):
 garbage-first heap   total 262144K, used 124453K [0x00000000e0000000, 0x0000000100000000)
  region size 1024K, 100 young (102400K), 12 survivors (12288K)
 Metaspace       used 42908K, committed 43456K, reserved 393216K
  class space    used 5988K, committed 6208K, reserved 327680K
}
Event: 60.113 GC heap after
{Heap after GC invocations=8 (full 0):
 garbage-first heap   total 262144K, used 35636K [0x00000000e0000000, 0x0000000100000000)
  region size 1024K, 4 young (4096K), 4 survivors (4096K)
 Metaspace       used 42908K, committed 43456K, reserved 393216K
  class space    used 5988K, committed 6208K, reserved 327680K
}
Event: 61.229 GC heap before
{Heap before GC invocations=8 (full 0):
 garbage-first heap   total 262144K, used 43828K [0x00000000e0000000, 0x0000000100000000)
  region size 1024K, 12 young (12288K), 4 survivors (4096K)
 Metaspace       used 43775K, committed 44288K, reserved 393216K
  class space    used 6142K, committed 6400K, reserved 327680K
}
Event: 61.258 GC heap after
{Heap after GC invocations=9 (full 0):
 garbage-first heap   total 262144K, used 36046K [0x00000000e0000000, 0x0000000100000000)
  region size 1024K, 1 young (1024K), 1 survivors (1024K)
 Metaspace       used 43775K, committed 44288K, reserved 393216K
  class space    used 6142K, committed 6400K, reserved 327680K
}
Event: 75.629 GC heap before
{Heap before GC invocations=9 (full 0):
 garbage-first heap   total 262144K, used 202958K [0x00000000e0000000, 0x0000000100000000)
  region size 1024K, 153 young (156672K), 1 survivors (1024K)
 Metaspace       used 57083K, committed 57728K, reserved 393216K
  class space    used 7866K, committed 8192K, reserved 327680K
}
Event: 75.776 GC heap after
{Heap after GC invocations=10 (full 0):
 garbage-first heap   total 262144K, used 59382K [0x00000000e0000000, 0x0000000100000000)
  region size 1024K, 12 young (12288K), 12 survivors (12288K)
 Metaspace       used 57083K, committed 57728K, reserved 393216K
  class space    used 7866K, committed 8192K, reserved 327680K
}

Dll operation events (15 events):
Event: 0.059 Loaded shared library C:\Users\User\.jdks\ms-17.0.15\bin\java.dll
Event: 0.209 Loaded shared library C:\Users\User\.jdks\ms-17.0.15\bin\jsvml.dll
Event: 0.584 Loaded shared library C:\Users\User\.jdks\ms-17.0.15\bin\zip.dll
Event: 0.614 Loaded shared library C:\Users\User\.jdks\ms-17.0.15\bin\instrument.dll
Event: 0.630 Loaded shared library C:\Users\User\.jdks\ms-17.0.15\bin\net.dll
Event: 0.652 Loaded shared library C:\Users\User\.jdks\ms-17.0.15\bin\nio.dll
Event: 0.658 Loaded shared library C:\Users\User\.jdks\ms-17.0.15\bin\zip.dll
Event: 2.266 Loaded shared library C:\Users\User\.jdks\ms-17.0.15\bin\jimage.dll
Event: 2.908 Loaded shared library C:\Users\User\.jdks\ms-17.0.15\bin\verify.dll
Event: 3.317 Loaded shared library C:\Users\User\.gradle\native\1def1411415f61bf3af743bc5b6707747c0891f09f0c88961ee8f79bc544acac\windows-amd64\native-platform.dll
Event: 3.406 Loaded shared library C:\Users\User\.gradle\native\0.2.7\x86_64-windows-gnu\gradle-fileevents.dll
Event: 7.797 Loaded shared library C:\Users\User\.jdks\ms-17.0.15\bin\management.dll
Event: 7.844 Loaded shared library C:\Users\User\.jdks\ms-17.0.15\bin\management_ext.dll
Event: 8.967 Loaded shared library C:\Users\User\.jdks\ms-17.0.15\bin\extnet.dll
Event: 14.559 Loaded shared library C:\Users\User\.jdks\ms-17.0.15\bin\sunmscapi.dll

Deoptimization events (20 events):
Event: 74.366 Thread 0x000002675b01b880 Uncommon trap: trap_request=0xffffffde fr.pc=0x00000267372761c8 relative=0x0000000000000568
Event: 74.366 Thread 0x000002675b01b880 Uncommon trap: reason=class_check action=maybe_recompile pc=0x00000267372761c8 method=kotlin.reflect.jvm.internal.impl.protobuf.CodedInputStream.tryRefillBuffer(I)Z @ 175 c2
Event: 74.366 Thread 0x000002675b01b880 DEOPT PACKING pc=0x00000267372761c8 sp=0x000000ac3dff71b0
Event: 74.366 Thread 0x000002675b01b880 DEOPT UNPACKING pc=0x00000267369ca1a3 sp=0x000000ac3dff7098 mode 2
Event: 76.666 Thread 0x000002675b01b880 Uncommon trap: trap_request=0xffffffde fr.pc=0x00000267370570cc relative=0x00000000000000ac
Event: 76.670 Thread 0x000002675b01b880 Uncommon trap: reason=class_check action=maybe_recompile pc=0x00000267370570cc method=org.gradle.util.internal.GUtil.isTrue(Ljava/lang/Object;)Z @ 32 c2
Event: 76.670 Thread 0x000002675b01b880 DEOPT PACKING pc=0x00000267370570cc sp=0x000000ac3dff7210
Event: 76.672 Thread 0x000002675b01b880 DEOPT UNPACKING pc=0x00000267369ca1a3 sp=0x000000ac3dff71b0 mode 2
Event: 76.672 Thread 0x000002675b01b880 Uncommon trap: trap_request=0xffffffde fr.pc=0x00000267370570cc relative=0x00000000000000ac
Event: 76.672 Thread 0x000002675b01b880 Uncommon trap: reason=class_check action=maybe_recompile pc=0x00000267370570cc method=org.gradle.util.internal.GUtil.isTrue(Ljava/lang/Object;)Z @ 32 c2
Event: 76.672 Thread 0x000002675b01b880 DEOPT PACKING pc=0x00000267370570cc sp=0x000000ac3dff7210
Event: 76.672 Thread 0x000002675b01b880 DEOPT UNPACKING pc=0x00000267369ca1a3 sp=0x000000ac3dff71b0 mode 2
Event: 76.677 Thread 0x000002675b01b880 Uncommon trap: trap_request=0xffffffde fr.pc=0x00000267370570cc relative=0x00000000000000ac
Event: 76.677 Thread 0x000002675b01b880 Uncommon trap: reason=class_check action=maybe_recompile pc=0x00000267370570cc method=org.gradle.util.internal.GUtil.isTrue(Ljava/lang/Object;)Z @ 32 c2
Event: 76.677 Thread 0x000002675b01b880 DEOPT PACKING pc=0x00000267370570cc sp=0x000000ac3dff7210
Event: 76.677 Thread 0x000002675b01b880 DEOPT UNPACKING pc=0x00000267369ca1a3 sp=0x000000ac3dff71b0 mode 2
Event: 76.956 Thread 0x000002675b01b880 Uncommon trap: trap_request=0xffffff76 fr.pc=0x0000026737152dc0 relative=0x00000000000001a0
Event: 76.956 Thread 0x000002675b01b880 Uncommon trap: reason=predicate action=maybe_recompile pc=0x0000026737152dc0 method=java.util.LinkedHashMap.keysToArray([Ljava/lang/Object;)[Ljava/lang/Object; @ 12 c2
Event: 76.956 Thread 0x000002675b01b880 DEOPT PACKING pc=0x0000026737152dc0 sp=0x000000ac3dff4f50
Event: 76.956 Thread 0x000002675b01b880 DEOPT UNPACKING pc=0x00000267369ca1a3 sp=0x000000ac3dff4f08 mode 2

Classes loaded (20 events):
Event: 69.336 Loading class jdk/management/jfr/FlightRecorderMXBeanImpl$MXBeanListener done
Event: 69.667 Loading class java/time/format/DateTimeFormatterBuilder$WeekBasedFieldPrinterParser
Event: 69.668 Loading class java/time/format/DateTimeFormatterBuilder$WeekBasedFieldPrinterParser done
Event: 69.709 Loading class com/sun/jmx/mbeanserver/StandardMBeanSupport
Event: 69.710 Loading class com/sun/jmx/mbeanserver/StandardMBeanSupport done
Event: 69.711 Loading class com/sun/jmx/mbeanserver/StandardMBeanIntrospector
Event: 69.712 Loading class com/sun/jmx/mbeanserver/StandardMBeanIntrospector done
Event: 69.821 Loading class java/lang/StackTraceElement$HashedModules
Event: 69.823 Loading class java/lang/StackTraceElement$HashedModules done
Event: 70.027 Loading class java/io/CharArrayReader
Event: 70.030 Loading class java/io/CharArrayReader done
Event: 70.943 Loading class sun/reflect/misc/MethodUtil
Event: 70.946 Loading class sun/reflect/misc/MethodUtil done
Event: 70.946 Loading class sun/reflect/misc/MethodUtil$1
Event: 70.951 Loading class sun/reflect/misc/MethodUtil$1 done
Event: 71.091 Loading class java/nio/channels/Channels$1
Event: 71.094 Loading class java/nio/channels/Channels$1 done
Event: 74.171 Loading class java/lang/Override
Event: 74.184 Loading class java/lang/Override done
Event: 77.324 Loading class javax/xml/xpath/XPathFactoryConfigurationException

Classes unloaded (0 events):
No events

Classes redefined (0 events):
No events

Internal exceptions (20 events):
Event: 63.777 Thread 0x000002675b01b880 Exception <a 'java/lang/NoSuchMethodError'{0x00000000ee3554c8}: 'java.lang.Object java.lang.invoke.DirectMethodHandle$Holder.invokeSpecial(java.lang.Object, java.lang.Object, long, java.lang.Object, java.lang.Object)'> (0x00000000ee3554c8) 
thrown [s\src\hotspot\share\interpreter\linkResolver.cpp, line 759]
Event: 65.144 Thread 0x000002675b01b880 Exception <a 'java/lang/IncompatibleClassChangeError'{0x00000000edc4e250}: Found class java.lang.Object, but interface was expected> (0x00000000edc4e250) 
thrown [s\src\hotspot\share\interpreter\linkResolver.cpp, line 826]
Event: 65.689 Thread 0x000002675b01b880 Exception <a 'java/lang/NoSuchMethodError'{0x00000000ed774d80}: 'java.lang.Object java.lang.invoke.DirectMethodHandle$Holder.newInvokeSpecial(java.lang.Object, java.lang.Object, java.lang.Object, java.lang.Object, int, java.lang.Object)'> (0x00000000ed774d80) 
thrown [s\src\hotspot\share\interpreter\linkResolver.cpp, line 759]
Event: 65.689 Thread 0x000002675b01b880 Exception <a 'java/lang/NoSuchMethodError'{0x00000000ed77db80}: 'java.lang.Object java.lang.invoke.Invokers$Holder.linkToTargetMethod(java.lang.Object, java.lang.Object, java.lang.Object, int, java.lang.Object, java.lang.Object)'> (0x00000000ed77db80) 
thrown [s\src\hotspot\share\interpreter\linkResolver.cpp, line 759]
Event: 66.612 Thread 0x000002675b01b880 Exception <a 'java/lang/NoSuchMethodError'{0x00000000eccd7a18}: 'java.lang.Object java.lang.invoke.DirectMethodHandle$Holder.invokeSpecialIFC(java.lang.Object, java.lang.Object, java.lang.Object)'> (0x00000000eccd7a18) 
thrown [s\src\hotspot\share\interpreter\linkResolver.cpp, line 759]
Event: 68.954 Thread 0x000002675b01b880 Exception <a 'java/lang/NoSuchMethodError'{0x00000000eaa04b48}: static Lorg/jetbrains/kotlin/gradle/plugin/internal/DefaultConfigurationTimePropertiesAccessorVariantFactory;.<clinit>()V> (0x00000000eaa04b48) 
thrown [s\src\hotspot\share\prims\jni.cpp, line 1112]
Event: 68.958 Thread 0x000002675b01b880 Exception <a 'java/lang/NoSuchMethodError'{0x00000000eaa21420}: static Lorg/jetbrains/kotlin/gradle/plugin/internal/DefaultProjectIsolationStartParameterAccessorVariantFactory;.<clinit>()V> (0x00000000eaa21420) 
thrown [s\src\hotspot\share\prims\jni.cpp, line 1112]
Event: 68.961 Thread 0x000002675b01b880 Exception <a 'java/lang/NoSuchMethodError'{0x00000000eaa45808}: static Lorg/jetbrains/kotlin/gradle/plugin/internal/DefaultArtifactTypeAttributeAccessorVariantFactory;.<clinit>()V> (0x00000000eaa45808) 
thrown [s\src\hotspot\share\prims\jni.cpp, line 1112]
Event: 68.964 Thread 0x000002675b01b880 Exception <a 'java/lang/NoSuchMethodError'{0x00000000eaa69df0}: static Lorg/jetbrains/kotlin/gradle/plugin/internal/DefaultCompatibilityConventionRegistrar$Factory;.<clinit>()V> (0x00000000eaa69df0) 
thrown [s\src\hotspot\share\prims\jni.cpp, line 1112]
Event: 68.967 Thread 0x000002675b01b880 Exception <a 'java/lang/NoSuchMethodError'{0x00000000eaa85970}: static Lorg/jetbrains/kotlin/gradle/plugin/internal/DefaultJavaSourceSetsAccessorVariantFactory;.<clinit>()V> (0x00000000eaa85970) 
thrown [s\src\hotspot\share\prims\jni.cpp, line 1112]
Event: 68.968 Thread 0x000002675b01b880 Exception <a 'java/lang/NoSuchMethodError'{0x00000000eaaa0940}: static Lorg/jetbrains/kotlin/gradle/plugin/internal/DefaultIdeaSyncDetectorVariantFactory;.<clinit>()V> (0x00000000eaaa0940) 
thrown [s\src\hotspot\share\prims\jni.cpp, line 1112]
Event: 68.970 Thread 0x000002675b01b880 Exception <a 'java/lang/NoSuchMethodError'{0x00000000eaabe4c8}: static Lorg/jetbrains/kotlin/gradle/plugin/internal/DefaultKotlinTestReportCompatibilityHelperVariantFactory;.<clinit>()V> (0x00000000eaabe4c8) 
thrown [s\src\hotspot\share\prims\jni.cpp, line 1112]
Event: 68.972 Thread 0x000002675b01b880 Exception <a 'java/lang/NoSuchMethodError'{0x00000000eaada350}: static Lorg/jetbrains/kotlin/gradle/plugin/internal/DefaultMppTestReportHelperVariantFactory;.<clinit>()V> (0x00000000eaada350) 
thrown [s\src\hotspot\share\prims\jni.cpp, line 1112]
Event: 68.975 Thread 0x000002675b01b880 Exception <a 'java/lang/NoSuchMethodError'{0x00000000eaafec08}: static Lorg/jetbrains/kotlin/gradle/plugin/internal/DefaultConfigurationCacheStartParameterAccessorVariantFactory;.<clinit>()V> (0x00000000eaafec08) 
thrown [s\src\hotspot\share\prims\jni.cpp, line 1112]
Event: 68.977 Thread 0x000002675b01b880 Exception <a 'java/lang/NoSuchMethodError'{0x00000000ea91b958}: static Lorg/jetbrains/kotlin/gradle/plugin/internal/MavenPluginConfigurator$DefaultMavenPluginConfiguratorVariantFactory;.<clinit>()V> (0x00000000ea91b958) 
thrown [s\src\hotspot\share\prims\jni.cpp, line 1112]
Event: 68.979 Thread 0x000002675b01b880 Exception <a 'java/lang/NoSuchMethodError'{0x00000000ea936978}: static Lorg/jetbrains/kotlin/gradle/targets/js/nodejs/DefaultUnameExecutorVariantFactory;.<clinit>()V> (0x00000000ea936978) 
thrown [s\src\hotspot\share\prims\jni.cpp, line 1112]
Event: 68.981 Thread 0x000002675b01b880 Exception <a 'java/lang/NoSuchMethodError'{0x00000000ea9523b0}: static Lorg/jetbrains/kotlin/gradle/plugin/internal/DefaultBasePluginConfigurationVariantFactory;.<clinit>()V> (0x00000000ea9523b0) 
thrown [s\src\hotspot\share\prims\jni.cpp, line 1112]
Event: 68.985 Thread 0x000002675b01b880 Exception <a 'java/lang/NoSuchMethodError'{0x00000000ea95a9d8}: 'void java.lang.invoke.DirectMethodHandle$Holder.invokeSpecial(java.lang.Object, java.lang.Object, java.lang.Object, int)'> (0x00000000ea95a9d8) 
thrown [s\src\hotspot\share\interpreter\linkResolver.cpp, line 759]
Event: 69.090 Thread 0x000002675b01b880 Exception <a 'java/lang/IncompatibleClassChangeError'{0x00000000ea728ad8}: Found class java.lang.Object, but interface was expected> (0x00000000ea728ad8) 
thrown [s\src\hotspot\share\interpreter\linkResolver.cpp, line 826]
Event: 70.964 Thread 0x000002675b01b880 Implicit null exception at 0x0000026737201cd4 to 0x0000026737201e6c

VM Operations (20 events):
Event: 68.737 Executing VM operation: HandshakeAllThreads
Event: 68.743 Executing VM operation: HandshakeAllThreads done
Event: 69.755 Executing VM operation: Cleanup
Event: 69.757 Executing VM operation: Cleanup done
Event: 69.773 Executing VM operation: HandshakeAllThreads
Event: 69.774 Executing VM operation: HandshakeAllThreads done
Event: 70.783 Executing VM operation: Cleanup
Event: 70.785 Executing VM operation: Cleanup done
Event: 71.794 Executing VM operation: Cleanup
Event: 71.796 Executing VM operation: Cleanup done
Event: 72.816 Executing VM operation: Cleanup
Event: 72.832 Executing VM operation: Cleanup done
Event: 73.835 Executing VM operation: Cleanup
Event: 73.839 Executing VM operation: Cleanup done
Event: 74.849 Executing VM operation: Cleanup
Event: 74.854 Executing VM operation: Cleanup done
Event: 75.599 Executing VM operation: G1CollectForAllocation
Event: 75.776 Executing VM operation: G1CollectForAllocation done
Event: 76.779 Executing VM operation: Cleanup
Event: 76.795 Executing VM operation: Cleanup done

Memory protections (0 events):
No events

Nmethod flushes (20 events):
Event: 60.932 Thread 0x0000026741c216f0 flushing  nmethod 0x000002672fbd0110
Event: 60.932 Thread 0x0000026741c216f0 flushing  nmethod 0x000002672fbd0910
Event: 60.932 Thread 0x0000026741c216f0 flushing  nmethod 0x000002672fbd1390
Event: 60.932 Thread 0x0000026741c216f0 flushing  nmethod 0x000002672fbd2190
Event: 60.932 Thread 0x0000026741c216f0 flushing  nmethod 0x000002672fbd7b10
Event: 60.932 Thread 0x0000026741c216f0 flushing  nmethod 0x000002672fbd8b90
Event: 60.932 Thread 0x0000026741c216f0 flushing  nmethod 0x000002672fbd9810
Event: 60.932 Thread 0x0000026741c216f0 flushing  nmethod 0x000002672fbe8b90
Event: 60.932 Thread 0x0000026741c216f0 flushing  nmethod 0x000002672fc06490
Event: 60.932 Thread 0x0000026741c216f0 flushing  nmethod 0x000002672fc17f10
Event: 60.933 Thread 0x0000026741c216f0 flushing  nmethod 0x000002672fccd290
Event: 60.933 Thread 0x0000026741c216f0 flushing  nmethod 0x000002672fcd1210
Event: 60.933 Thread 0x0000026741c216f0 flushing  nmethod 0x000002672fcd1690
Event: 60.933 Thread 0x0000026741c216f0 flushing  nmethod 0x000002672fcd5490
Event: 60.933 Thread 0x0000026741c216f0 flushing  nmethod 0x000002672fce4e90
Event: 60.933 Thread 0x0000026741c216f0 flushing  nmethod 0x000002672fda0710
Event: 60.933 Thread 0x0000026741c216f0 flushing  nmethod 0x000002672fdb4310
Event: 60.933 Thread 0x0000026741c216f0 flushing  nmethod 0x000002672fdb4c10
Event: 60.933 Thread 0x0000026741c216f0 flushing  nmethod 0x000002672fdb5510
Event: 60.933 Thread 0x0000026741c216f0 flushing  nmethod 0x000002672fdb6690

Events (20 events):
Event: 33.757 Thread 0x000002675b01b880 Thread added: 0x000002675c886120
Event: 34.697 Thread 0x000002675b01b880 Thread added: 0x000002675c880600
Event: 34.955 Thread 0x000002675b01b880 Thread added: 0x000002675c87fbe0
Event: 41.415 Thread 0x000002675b01b880 Thread added: 0x000002675c881020
Event: 42.345 Thread 0x000002675b01b880 Thread added: 0x000002675c881f50
Event: 44.583 Thread 0x000002675b01b880 Thread added: 0x000002675c8851f0
Event: 44.984 Thread 0x000002675b01b880 Thread added: 0x000002675c881530
Event: 53.350 Thread 0x000002675b01b880 Thread added: 0x000002675c883390
Event: 54.568 Thread 0x000002675b01b880 Thread added: 0x000002675c882460
Event: 65.257 Thread 0x000002675b01b880 Thread added: 0x000002675c886b40
Event: 65.259 Thread 0x000002675b01b880 Thread added: 0x000002675c882970
Event: 65.259 Thread 0x000002675b01b880 Thread added: 0x000002675c886630
Event: 65.850 Thread 0x000002675b01b880 Thread added: 0x000002675c8842c0
Event: 65.854 Thread 0x000002675b01b880 Thread added: 0x000002675c882e80
Event: 65.858 Thread 0x000002675b01b880 Thread added: 0x000002675c8838a0
Event: 66.641 Thread 0x000002675b01b880 Thread added: 0x000002675c883db0
Event: 66.645 Thread 0x000002675b01b880 Thread added: 0x000002675c87f6d0
Event: 66.646 Thread 0x000002675b01b880 Thread added: 0x000002675c8847d0
Event: 69.788 Thread 0x000002675b01b880 Thread added: 0x000002675c887050
Event: 70.077 Thread 0x000002675b01b880 Thread added: 0x000002675c885700


Dynamic libraries:
0x00007ff6d2600000 - 0x00007ff6d260e000 	C:\Users\User\.jdks\ms-17.0.15\bin\java.exe
0x00007ffe83a10000 - 0x00007ffe83c08000 	C:\Windows\SYSTEM32\ntdll.dll
0x00007ffe83680000 - 0x00007ffe83742000 	C:\Windows\System32\KERNEL32.DLL
0x00007ffe81460000 - 0x00007ffe81756000 	C:\Windows\System32\KERNELBASE.dll
0x00007ffe817e0000 - 0x00007ffe818e0000 	C:\Windows\System32\ucrtbase.dll
0x00007ffe78d30000 - 0x00007ffe78d4d000 	C:\Users\User\.jdks\ms-17.0.15\bin\VCRUNTIME140.dll
0x00007ffe74ee0000 - 0x00007ffe74ef7000 	C:\Users\User\.jdks\ms-17.0.15\bin\jli.dll
0x00007ffe837b0000 - 0x00007ffe83951000 	C:\Windows\System32\USER32.dll
0x00007ffe81a00000 - 0x00007ffe81a22000 	C:\Windows\System32\win32u.dll
0x00007ffe82210000 - 0x00007ffe8223b000 	C:\Windows\System32\GDI32.dll
0x00007ffe818e0000 - 0x00007ffe819f9000 	C:\Windows\System32\gdi32full.dll
0x00007ffe812c0000 - 0x00007ffe8135d000 	C:\Windows\System32\msvcp_win.dll
0x00007ffe64560000 - 0x00007ffe647fb000 	C:\Windows\WinSxS\amd64_microsoft.windows.common-controls_6595b64144ccf1df_6.0.19041.6456_none_60b8a6cb71f64256\COMCTL32.dll
0x00007ffe82c70000 - 0x00007ffe82d0e000 	C:\Windows\System32\msvcrt.dll
0x00007ffe82680000 - 0x00007ffe826af000 	C:\Windows\System32\IMM32.DLL
0x00007ffe7af60000 - 0x00007ffe7af6c000 	C:\Users\User\.jdks\ms-17.0.15\bin\vcruntime140_1.dll
0x00007ffe53020000 - 0x00007ffe530ad000 	C:\Users\User\.jdks\ms-17.0.15\bin\msvcp140.dll
0x00007ffe03950000 - 0x00007ffe045c2000 	C:\Users\User\.jdks\ms-17.0.15\bin\server\jvm.dll
0x00007ffe82e20000 - 0x00007ffe82ed1000 	C:\Windows\System32\ADVAPI32.dll
0x00007ffe82320000 - 0x00007ffe823bf000 	C:\Windows\System32\sechost.dll
0x00007ffe82b40000 - 0x00007ffe82c60000 	C:\Windows\System32\RPCRT4.dll
0x00007ffe810a0000 - 0x00007ffe810c7000 	C:\Windows\System32\bcrypt.dll
0x00007ffe83960000 - 0x00007ffe839cb000 	C:\Windows\System32\WS2_32.dll
0x00007ffe80a20000 - 0x00007ffe80a6b000 	C:\Windows\SYSTEM32\POWRPROF.dll
0x00007ffe77be0000 - 0x00007ffe77bea000 	C:\Windows\SYSTEM32\VERSION.dll
0x00007ffe66d20000 - 0x00007ffe66d47000 	C:\Windows\SYSTEM32\WINMM.dll
0x00007ffe80a00000 - 0x00007ffe80a12000 	C:\Windows\SYSTEM32\UMPDC.dll
0x00007ffe7f870000 - 0x00007ffe7f882000 	C:\Windows\SYSTEM32\kernel.appcore.dll
0x00007ffe7ab00000 - 0x00007ffe7ab0a000 	C:\Users\User\.jdks\ms-17.0.15\bin\jimage.dll
0x00007ffe7ec30000 - 0x00007ffe7ee31000 	C:\Windows\SYSTEM32\DBGHELP.DLL
0x00007ffe61020000 - 0x00007ffe61054000 	C:\Windows\SYSTEM32\dbgcore.DLL
0x00007ffe810d0000 - 0x00007ffe81152000 	C:\Windows\System32\bcryptPrimitives.dll
0x00007ffe78d00000 - 0x00007ffe78d0e000 	C:\Users\User\.jdks\ms-17.0.15\bin\instrument.dll
0x00007ffe670c0000 - 0x00007ffe670e5000 	C:\Users\User\.jdks\ms-17.0.15\bin\java.dll
0x00007ffe52f40000 - 0x00007ffe53016000 	C:\Users\User\.jdks\ms-17.0.15\bin\jsvml.dll
0x00007ffe81a30000 - 0x00007ffe821a0000 	C:\Windows\System32\SHELL32.dll
0x00007ffe7f0b0000 - 0x00007ffe7f855000 	C:\Windows\SYSTEM32\windows.storage.dll
0x00007ffe827e0000 - 0x00007ffe82b34000 	C:\Windows\System32\combase.dll
0x00007ffe80980000 - 0x00007ffe809ab000 	C:\Windows\SYSTEM32\Wldp.dll
0x00007ffe82ee0000 - 0x00007ffe82fad000 	C:\Windows\System32\OLEAUT32.dll
0x00007ffe83160000 - 0x00007ffe8320d000 	C:\Windows\System32\SHCORE.dll
0x00007ffe821b0000 - 0x00007ffe8220b000 	C:\Windows\System32\shlwapi.dll
0x00007ffe80fd0000 - 0x00007ffe80ff4000 	C:\Windows\SYSTEM32\profapi.dll
0x00007ffe67050000 - 0x00007ffe67068000 	C:\Users\User\.jdks\ms-17.0.15\bin\zip.dll
0x00007ffe66540000 - 0x00007ffe6655a000 	C:\Users\User\.jdks\ms-17.0.15\bin\net.dll
0x00007ffe7d570000 - 0x00007ffe7d67a000 	C:\Windows\SYSTEM32\WINHTTP.dll
0x00007ffe806f0000 - 0x00007ffe8075a000 	C:\Windows\system32\mswsock.dll
0x00007ffe66520000 - 0x00007ffe66536000 	C:\Users\User\.jdks\ms-17.0.15\bin\nio.dll
0x00007ffe6fe00000 - 0x00007ffe6fe10000 	C:\Users\User\.jdks\ms-17.0.15\bin\verify.dll
0x00007ffe749b0000 - 0x00007ffe749d7000 	C:\Users\User\.gradle\native\1def1411415f61bf3af743bc5b6707747c0891f09f0c88961ee8f79bc544acac\windows-amd64\native-platform.dll
0x00007ffe535b0000 - 0x00007ffe53628000 	C:\Users\User\.gradle\native\0.2.7\x86_64-windows-gnu\gradle-fileevents.dll
0x00007ffe664a0000 - 0x00007ffe664aa000 	C:\Users\User\.jdks\ms-17.0.15\bin\management.dll
0x00007ffe66490000 - 0x00007ffe6649b000 	C:\Users\User\.jdks\ms-17.0.15\bin\management_ext.dll
0x00007ffe82470000 - 0x00007ffe82478000 	C:\Windows\System32\PSAPI.DLL
0x00007ffe803f0000 - 0x00007ffe8042b000 	C:\Windows\SYSTEM32\IPHLPAPI.DLL
0x00007ffe821a0000 - 0x00007ffe821a8000 	C:\Windows\System32\NSI.dll
0x00007ffe74d00000 - 0x00007ffe74d17000 	C:\Windows\SYSTEM32\dhcpcsvc6.DLL
0x00007ffe77d80000 - 0x00007ffe77d9d000 	C:\Windows\SYSTEM32\dhcpcsvc.DLL
0x00007ffe80430000 - 0x00007ffe804fa000 	C:\Windows\SYSTEM32\DNSAPI.dll
0x00007ffe66480000 - 0x00007ffe66489000 	C:\Users\User\.jdks\ms-17.0.15\bin\extnet.dll
0x00007ffe809c0000 - 0x00007ffe809d8000 	C:\Windows\SYSTEM32\CRYPTSP.dll
0x00007ffe80030000 - 0x00007ffe80068000 	C:\Windows\system32\rsaenh.dll
0x00007ffe80f90000 - 0x00007ffe80fbe000 	C:\Windows\SYSTEM32\USERENV.dll
0x00007ffe808f0000 - 0x00007ffe808fc000 	C:\Windows\SYSTEM32\CRYPTBASE.dll
0x00007ffe66430000 - 0x00007ffe6643e000 	C:\Users\User\.jdks\ms-17.0.15\bin\sunmscapi.dll
0x00007ffe81160000 - 0x00007ffe812bd000 	C:\Windows\System32\CRYPT32.dll
0x00007ffe80b40000 - 0x00007ffe80b67000 	C:\Windows\SYSTEM32\ncrypt.dll
0x00007ffe80b00000 - 0x00007ffe80b3b000 	C:\Windows\SYSTEM32\NTASN1.dll
0x00007ffe795c0000 - 0x00007ffe795c7000 	C:\Windows\system32\wshunix.dll

dbghelp: loaded successfully - version: 4.0.5 - missing functions: none
symbol engine: initialized successfully - sym options: 0x614 - pdb path: .;C:\Users\User\.jdks\ms-17.0.15\bin;C:\Windows\SYSTEM32;C:\Windows\WinSxS\amd64_microsoft.windows.common-controls_6595b64144ccf1df_6.0.19041.6456_none_60b8a6cb71f64256;C:\Users\User\.jdks\ms-17.0.15\bin\server;C:\Users\User\.gradle\native\1def1411415f61bf3af743bc5b6707747c0891f09f0c88961ee8f79bc544acac\windows-amd64;C:\Users\User\.gradle\native\0.2.7\x86_64-windows-gnu

VM Arguments:
jvm_args: --add-opens=java.base/java.lang=ALL-UNNAMED --add-opens=java.base/java.lang.invoke=ALL-UNNAMED --add-opens=java.base/java.util=ALL-UNNAMED --add-opens=java.prefs/java.util.prefs=ALL-UNNAMED --add-exports=jdk.compiler/com.sun.tools.javac.api=ALL-UNNAMED --add-exports=jdk.compiler/com.sun.tools.javac.util=ALL-UNNAMED --add-opens=java.base/java.util=ALL-UNNAMED --add-opens=java.prefs/java.util.prefs=ALL-UNNAMED --add-opens=java.base/java.nio.charset=ALL-UNNAMED --add-opens=java.base/java.net=ALL-UNNAMED --add-opens=java.base/java.util.concurrent.atomic=ALL-UNNAMED --add-opens=java.xml/javax.xml.namespace=ALL-UNNAMED -XX:MaxMetaspaceSize=384m -XX:+HeapDumpOnOutOfMemoryError -Xms256m -Xmx512m -Dfile.encoding=UTF-8 -Duser.country=RU -Duser.language=ru -Duser.variant -javaagent:C:\Users\User\.gradle\wrapper\dists\gradle-8.14.3-bin\cv11ve7ro1n3o1j4so8xd9n66\gradle-8.14.3\lib\agents\gradle-instrumentation-agent-8.14.3.jar 
java_command: org.gradle.launcher.daemon.bootstrap.GradleDaemon 8.14.3
java_class_path (initial): C:\Users\User\.gradle\wrapper\dists\gradle-8.14.3-bin\cv11ve7ro1n3o1j4so8xd9n66\gradle-8.14.3\lib\gradle-daemon-main-8.14.3.jar
Launcher Type: SUN_STANDARD

[Global flags]
     intx CICompilerCount                          = 3                                         {product} {ergonomic}
   size_t CompressedClassSpaceSize                 = 335544320                                 {product} {ergonomic}
     uint ConcGCThreads                            = 1                                         {product} {ergonomic}
     uint G1ConcRefinementThreads                  = 4                                         {product} {ergonomic}
   size_t G1HeapRegionSize                         = 1048576                                   {product} {ergonomic}
    uintx GCDrainStackTargetSize                   = 64                                        {product} {ergonomic}
     bool HeapDumpOnOutOfMemoryError               = true                                   {manageable} {command line}
   size_t InitialHeapSize                          = 268435456                                 {product} {command line}
   size_t MarkStackSize                            = 4194304                                   {product} {ergonomic}
   size_t MaxHeapSize                              = 536870912                                 {product} {command line}
   size_t MaxMetaspaceSize                         = 402653184                                 {product} {command line}
   size_t MaxNewSize                               = 321912832                                 {product} {ergonomic}
   size_t MinHeapDeltaBytes                        = 1048576                                   {product} {ergonomic}
   size_t MinHeapSize                              = 268435456                                 {product} {command line}
    uintx NonNMethodCodeHeapSize                   = 5832780                                {pd product} {ergonomic}
    uintx NonProfiledCodeHeapSize                  = 122912730                              {pd product} {ergonomic}
    uintx ProfiledCodeHeapSize                     = 122912730                              {pd product} {ergonomic}
    uintx ReservedCodeCacheSize                    = 251658240                              {pd product} {ergonomic}
     bool SegmentedCodeCache                       = true                                      {product} {ergonomic}
   size_t SoftMaxHeapSize                          = 536870912                              {manageable} {ergonomic}
     bool UseCompressedClassPointers               = true                           {product lp64_product} {ergonomic}
     bool UseCompressedOops                        = true                           {product lp64_product} {ergonomic}
     bool UseG1GC                                  = true                                      {product} {ergonomic}
     bool UseLargePagesIndividualAllocation        = false                                  {pd product} {ergonomic}

Logging:
Log output configuration:
 #0: stdout all=warning uptime,level,tags
 #1: stderr all=off uptime,level,tags

Environment Variables:
PATH=C:\app\Ozodbek\product\21c\dbhomeXE\bin;C:\Program Files\Common Files\Oracle\Java\javapath;C:\Windows\system32;C:\Windows;C:\Windows\System32\Wbem;C:\Windows\System32\WindowsPowerShell\v1.0\;C:\Windows\System32\OpenSSH\;C:\Program Files\Java\jdk-21\bin;C:\Program Files\Java\jdk-21\bin;C:\Program Files (x86)\PuTTY\;C:\Program Files\Docker\Docker\resources\bin;C:\Users\User\AppData\Local\Programs\Python\Launcher\;C:\Users\User\AppData\Local\Microsoft\WindowsApps;;C:\Program Files\JetBrains\IntelliJ IDEA 2024.2.3\bin;;C:\Program Files\JetBrains\PyCharm Community Edition 2024.2.3\bin;;C:\Program Files\heroku\bin
USERNAME=Ozodbek
OS=Windows_NT
PROCESSOR_IDENTIFIER=Intel64 Family 6 Model 140 Stepping 1, GenuineIntel
TMP=C:\Users\User\AppData\Local\Temp
TEMP=C:\Users\User\AppData\Local\Temp



Periodic native trim disabled


---------------  S Y S T E M  ---------------

OS:
 Windows 10 , 64 bit Build 19041 (10.0.19041.5915)
OS uptime: 2 days 10:18 hours
Hyper-V role detected

CPU: total 4 (initial active 4) (2 cores per cpu, 2 threads per core) family 6 model 140 stepping 1 microcode 0x6e, cx8, cmov, fxsr, ht, mmx, 3dnowpref, sse, sse2, sse3, ssse3, sse4.1, sse4.2, popcnt, lzcnt, tsc, tscinvbit, avx, avx2, aes, erms, clmul, bmi1, bmi2, adx, avx512f, avx512dq, avx512cd, avx512bw, avx512vl, sha, fma, vzeroupper, avx512_vpopcntdq, avx512_vpclmulqdq, avx512_vaes, avx512_vnni, clflush, clflushopt, clwb, avx512_vbmi2, avx512_vbmi, hv
Processor Information for the first 4 processors :
  Max Mhz: 2995, Current Mhz: 2995, Mhz Limit: 2995

Memory: 4k page, system-wide physical 3852M (14M free)
TotalPageFile size 15628M (AvailPageFile size 1M)
current process WorkingSet (physical memory assigned to process): 65M, peak: 143M
current process commit charge ("private bytes"): 465M, peak: 466M

vm_info: OpenJDK 64-Bit Server VM (17.0.15+6-LTS) for windows-amd64 JRE (17.0.15+6-LTS), built on Apr  9 2025 22:27:25 by "MicrosoftCorporation" with unknown MS VC++:1939

END.
