#
# There is insufficient memory for the Java Runtime Environment to continue.
# Native memory allocation (malloc) failed to allocate 1468496 bytes. Error detail: Chunk::new
# Possible reasons:
#   The system is out of physical RAM or swap space
#   This process is running with CompressedOops enabled, and the Java Heap may be blocking the growth of the native heap
# Possible solutions:
#   Reduce memory load on the system
#   Increase physical memory or swap space
#   Check if swap backing store is full
#   Decrease Java heap size (-Xmx/-Xms)
#   Decrease number of Java threads
#   Decrease Java thread stack sizes (-Xss)
#   Set larger code cache with -XX:ReservedCodeCacheSize=
#   JVM is running with Unscaled Compressed Oops mode in which the Java heap is
#     placed in the first 4GB address space. The Java Heap base address is the
#     maximum limit for the native heap growth. Please use -XX:HeapBaseMinAddress
#     to set the Java Heap base and to place the Java Heap above 4GB virtual address.
# This output file may be truncated or incomplete.
#
#  Out of Memory Error (arena.cpp:191), pid=1512, tid=17720
#
# JRE version: OpenJDK Runtime Environment Microsoft-11369865 (17.0.15+6) (build 17.0.15+6-LTS)
# Java VM: OpenJDK 64-Bit Server VM Microsoft-11369865 (17.0.15+6-LTS, mixed mode, sharing, tiered, compressed oops, compressed class ptrs, g1 gc, windows-amd64)
# No core dump will be written. Minidumps are not enabled by default on client versions of Windows
#

---------------  S U M M A R Y ------------

Command Line: --add-opens=java.base/java.lang=ALL-UNNAMED --add-opens=java.base/java.lang.invoke=ALL-UNNAMED --add-opens=java.base/java.util=ALL-UNNAMED --add-opens=java.prefs/java.util.prefs=ALL-UNNAMED --add-exports=jdk.compiler/com.sun.tools.javac.api=ALL-UNNAMED --add-exports=jdk.compiler/com.sun.tools.javac.util=ALL-UNNAMED --add-opens=java.base/java.util=ALL-UNNAMED --add-opens=java.prefs/java.util.prefs=ALL-UNNAMED --add-opens=java.base/java.nio.charset=ALL-UNNAMED --add-opens=java.base/java.net=ALL-UNNAMED --add-opens=java.base/java.util.concurrent.atomic=ALL-UNNAMED --add-opens=java.xml/javax.xml.namespace=ALL-UNNAMED -XX:MaxMetaspaceSize=384m -XX:+HeapDumpOnOutOfMemoryError -Xms256m -Xmx512m -Dfile.encoding=UTF-8 -Duser.country=RU -Duser.language=ru -Duser.variant -javaagent:C:\Users\User\.gradle\wrapper\dists\gradle-8.14.3-bin\cv11ve7ro1n3o1j4so8xd9n66\gradle-8.14.3\lib\agents\gradle-instrumentation-agent-8.14.3.jar org.gradle.launcher.daemon.bootstrap.GradleDaemon 8.14.3

Host: 11th Gen Intel(R) Core(TM) i3-1115G4 @ 3.00GHz, 4 cores, 3G,  Windows 10 , 64 bit Build 19041 (10.0.19041.5915)
Time: Sun Dec 14 01:14:41 2025  Windows 10 , 64 bit Build 19041 (10.0.19041.5915) elapsed time: 33.181167 seconds (0d 0h 0m 33s)

---------------  T H R E A D  ---------------

Current thread (0x000001e0d9839190):  JavaThread "C2 CompilerThread0" daemon [_thread_in_native, id=17720, stack(0x00000086daa00000,0x00000086dab00000)]


Current CompileTask:
C2:  33181 7369   !   4       com.google.common.reflect.TypeVisitor::visit (225 bytes)

Stack: [0x00000086daa00000,0x00000086dab00000]
Native frames: (J=compiled Java code, j=interpreted, Vv=VM code, C=native code)
V  [jvm.dll+0x6887a9]
V  [jvm.dll+0x83f5a8]
V  [jvm.dll+0x841053]
V  [jvm.dll+0x8416c3]
V  [jvm.dll+0x2496ef]
V  [jvm.dll+0xad134]
V  [jvm.dll+0xad7cc]
V  [jvm.dll+0x36aedf]
V  [jvm.dll+0x1bce62]
V  [jvm.dll+0x21aa7c]
V  [jvm.dll+0x219d3f]
V  [jvm.dll+0x1a55f6]
V  [jvm.dll+0x22a39a]
V  [jvm.dll+0x2284db]
V  [jvm.dll+0x7f4e28]
V  [jvm.dll+0x7ef2dc]
V  [jvm.dll+0x687687]
C  [ucrtbase.dll+0x21bb2]
C  [KERNEL32.DLL+0x17374]
C  [ntdll.dll+0x4cc91]


---------------  P R O C E S S  ---------------

Threads class SMR info:
_java_thread_list=0x000001e0f6af27c0, length=49, elements={
0x000001e0bf4fea90, 0x000001e0d9810a90, 0x000001e0d9812570, 0x000001e0d982c1c0,
0x000001e0d982eba0, 0x000001e0d982f470, 0x000001e0d9835930, 0x000001e0d9839190,
0x000001e0d9839b50, 0x000001e0d98453e0, 0x000001e0d97fcce0, 0x000001e0d99f0900,
0x000001e0f3c10220, 0x000001e0f450a680, 0x000001e0f37e6fe0, 0x000001e0f383d880,
0x000001e0d9bc83f0, 0x000001e0f3ad6950, 0x000001e0f3ad5a20, 0x000001e0f3ad45e0,
0x000001e0f3ad4af0, 0x000001e0f3ad5000, 0x000001e0f3ad6e60, 0x000001e0f3ad5510,
0x000001e0f3ad7370, 0x000001e0f3ad5f30, 0x000001e0f3ad6440, 0x000001e0f3ad40d0,
0x000001e0f527cf30, 0x000001e0f5282a50, 0x000001e0f5281b20, 0x000001e0f5282f60,
0x000001e0f527e880, 0x000001e0f527f2a0, 0x000001e0f527d440, 0x000001e0f5283470,
0x000001e0f527c000, 0x000001e0f527c510, 0x000001e0f527ca20, 0x000001e0f527d950,
0x000001e0f527de60, 0x000001e0f527e370, 0x000001e0f527fcc0, 0x000001e0f52806e0,
0x000001e0f5280bf0, 0x000001e0f67e36f0, 0x000001e0f67e4110, 0x000001e0f67e4620,
0x000001e0f67df010
}

Java Threads: ( => current thread )
  0x000001e0bf4fea90 JavaThread "main" [_thread_blocked, id=16248, stack(0x00000086d9d00000,0x00000086d9e00000)]
  0x000001e0d9810a90 JavaThread "Reference Handler" daemon [_thread_blocked, id=6084, stack(0x00000086da400000,0x00000086da500000)]
  0x000001e0d9812570 JavaThread "Finalizer" daemon [_thread_blocked, id=9060, stack(0x00000086da500000,0x00000086da600000)]
  0x000001e0d982c1c0 JavaThread "Signal Dispatcher" daemon [_thread_blocked, id=10088, stack(0x00000086da600000,0x00000086da700000)]
  0x000001e0d982eba0 JavaThread "Attach Listener" daemon [_thread_blocked, id=3832, stack(0x00000086da700000,0x00000086da800000)]
  0x000001e0d982f470 JavaThread "Service Thread" daemon [_thread_blocked, id=18728, stack(0x00000086da800000,0x00000086da900000)]
  0x000001e0d9835930 JavaThread "Monitor Deflation Thread" daemon [_thread_blocked, id=7484, stack(0x00000086da900000,0x00000086daa00000)]
=>0x000001e0d9839190 JavaThread "C2 CompilerThread0" daemon [_thread_in_native, id=17720, stack(0x00000086daa00000,0x00000086dab00000)]
  0x000001e0d9839b50 JavaThread "C1 CompilerThread0" daemon [_thread_blocked, id=19620, stack(0x00000086dab00000,0x00000086dac00000)]
  0x000001e0d98453e0 JavaThread "Sweeper thread" daemon [_thread_blocked, id=8036, stack(0x00000086dac00000,0x00000086dad00000)]
  0x000001e0d97fcce0 JavaThread "Common-Cleaner" daemon [_thread_blocked, id=4248, stack(0x00000086dad00000,0x00000086dae00000)]
  0x000001e0d99f0900 JavaThread "Notification Thread" daemon [_thread_blocked, id=10832, stack(0x00000086dae00000,0x00000086daf00000)]
  0x000001e0f3c10220 JavaThread "Daemon health stats" [_thread_blocked, id=16724, stack(0x00000086db300000,0x00000086db400000)]
  0x000001e0f450a680 JavaThread "Incoming local TCP Connector on port 56627" [_thread_in_native, id=1556, stack(0x00000086db400000,0x00000086db500000)]
  0x000001e0f37e6fe0 JavaThread "Daemon periodic checks" [_thread_blocked, id=18428, stack(0x00000086db500000,0x00000086db600000)]
  0x000001e0f383d880 JavaThread "Daemon" [_thread_blocked, id=13328, stack(0x00000086db600000,0x00000086db700000)]
  0x000001e0d9bc83f0 JavaThread "Handler for socket connection from /127.0.0.1:56627 to /127.0.0.1:56628" [_thread_in_native, id=19612, stack(0x00000086db700000,0x00000086db800000)]
  0x000001e0f3ad6950 JavaThread "Cancel handler" [_thread_blocked, id=9000, stack(0x00000086db800000,0x00000086db900000)]
  0x000001e0f3ad5a20 JavaThread "Daemon worker" [_thread_in_native, id=13244, stack(0x00000086db900000,0x00000086dba00000)]
  0x000001e0f3ad45e0 JavaThread "Asynchronous log dispatcher for DefaultDaemonConnection: socket connection from /127.0.0.1:56627 to /127.0.0.1:56628" [_thread_blocked, id=13504, stack(0x00000086dba00000,0x00000086dbb00000)]
  0x000001e0f3ad4af0 JavaThread "Stdin handler" [_thread_blocked, id=18212, stack(0x00000086dbb00000,0x00000086dbc00000)]
  0x000001e0f3ad5000 JavaThread "Daemon client event forwarder" [_thread_blocked, id=13844, stack(0x00000086dbc00000,0x00000086dbd00000)]
  0x000001e0f3ad6e60 JavaThread "Cache worker for journal cache (C:\Users\User\.gradle\caches\journal-1)" [_thread_blocked, id=11940, stack(0x00000086dbd00000,0x00000086dbe00000)]
  0x000001e0f3ad5510 JavaThread "File lock request listener" [_thread_in_native, id=13368, stack(0x00000086dbe00000,0x00000086dbf00000)]
  0x000001e0f3ad7370 JavaThread "Cache worker for file hash cache (C:\Users\User\.gradle\caches\8.14.3\fileHashes)" [_thread_blocked, id=6964, stack(0x00000086dbf00000,0x00000086dc000000)]
  0x000001e0f3ad5f30 JavaThread "Cache worker for file hash cache (D:\Kotlin_lesson\warehouse_management\.gradle\8.14.3\fileHashes)" [_thread_blocked, id=17960, stack(0x00000086dc000000,0x00000086dc100000)]
  0x000001e0f3ad6440 JavaThread "Cache worker for Build Output Cleanup Cache (D:\Kotlin_lesson\warehouse_management\.gradle\buildOutputCleanup)" [_thread_blocked, id=16836, stack(0x00000086dc100000,0x00000086dc200000)]
  0x000001e0f3ad40d0 JavaThread "File watcher server" daemon [_thread_in_native, id=6040, stack(0x00000086dc300000,0x00000086dc400000)]
  0x000001e0f527cf30 JavaThread "File watcher consumer" daemon [_thread_blocked, id=2964, stack(0x00000086dc400000,0x00000086dc500000)]
  0x000001e0f5282a50 JavaThread "jar transforms" [_thread_blocked, id=16164, stack(0x00000086dc500000,0x00000086dc600000)]
  0x000001e0f5281b20 JavaThread "jar transforms Thread 2" [_thread_blocked, id=2000, stack(0x00000086dc600000,0x00000086dc700000)]
  0x000001e0f5282f60 JavaThread "Cache worker for checksums cache (D:\Kotlin_lesson\warehouse_management\.gradle\8.14.3\checksums)" [_thread_blocked, id=13796, stack(0x00000086dc700000,0x00000086dc800000)]
  0x000001e0f527e880 JavaThread "Cache worker for file content cache (C:\Users\User\.gradle\caches\8.14.3\fileContent)" [_thread_blocked, id=13764, stack(0x00000086dc800000,0x00000086dc900000)]
  0x000001e0f527f2a0 JavaThread "jar transforms Thread 3" [_thread_blocked, id=10112, stack(0x00000086dc900000,0x00000086dca00000)]
  0x000001e0f527d440 JavaThread "jar transforms Thread 4" [_thread_blocked, id=16968, stack(0x00000086dca00000,0x00000086dcb00000)]
  0x000001e0f5283470 JavaThread "Cache worker for cache directory md-supplier (C:\Users\User\.gradle\caches\8.14.3\md-supplier)" [_thread_blocked, id=17740, stack(0x00000086dcb00000,0x00000086dcc00000)]
  0x000001e0f527c000 JavaThread "Cache worker for cache directory md-rule (C:\Users\User\.gradle\caches\8.14.3\md-rule)" [_thread_blocked, id=17512, stack(0x00000086dcc00000,0x00000086dcd00000)]
  0x000001e0f527c510 JavaThread "Unconstrained build operations" [_thread_blocked, id=6340, stack(0x00000086dcd00000,0x00000086dce00000)]
  0x000001e0f527ca20 JavaThread "Unconstrained build operations Thread 2" [_thread_blocked, id=1620, stack(0x00000086dce00000,0x00000086dcf00000)]
  0x000001e0f527d950 JavaThread "Unconstrained build operations Thread 3" [_thread_blocked, id=17568, stack(0x00000086dcf00000,0x00000086dd000000)]
  0x000001e0f527de60 JavaThread "Unconstrained build operations Thread 4" [_thread_blocked, id=632, stack(0x00000086dd000000,0x00000086dd100000)]
  0x000001e0f527e370 JavaThread "Unconstrained build operations Thread 5" [_thread_blocked, id=11000, stack(0x00000086dd100000,0x00000086dd200000)]
  0x000001e0f527fcc0 JavaThread "Unconstrained build operations Thread 6" [_thread_blocked, id=19376, stack(0x00000086dd200000,0x00000086dd300000)]
  0x000001e0f52806e0 JavaThread "Unconstrained build operations Thread 7" [_thread_blocked, id=17284, stack(0x00000086dd400000,0x00000086dd500000)]
  0x000001e0f5280bf0 JavaThread "Unconstrained build operations Thread 8" [_thread_blocked, id=19412, stack(0x00000086dd500000,0x00000086dd600000)]
  0x000001e0f67e36f0 JavaThread "Unconstrained build operations Thread 9" [_thread_blocked, id=420, stack(0x00000086dd600000,0x00000086dd700000)]
  0x000001e0f67e4110 JavaThread "build event listener" [_thread_blocked, id=2200, stack(0x00000086dd700000,0x00000086dd800000)]
  0x000001e0f67e4620 JavaThread "Problems report writer" [_thread_blocked, id=17356, stack(0x00000086dd800000,0x00000086dd900000)]
  0x000001e0f67df010 JavaThread "Memory manager" [_thread_blocked, id=9112, stack(0x00000086dd900000,0x00000086dda00000)]

Other Threads:
  0x000001e0d980b1e0 VMThread "VM Thread" [stack: 0x00000086da300000,0x00000086da400000] [id=16948]
  0x000001e0d9a0d5c0 WatcherThread [stack: 0x00000086daf00000,0x00000086db000000] [id=7056]
  0x000001e0bf52c250 GCTaskThread "GC Thread#0" [stack: 0x00000086d9e00000,0x00000086d9f00000] [id=536]
  0x000001e0d9b31fe0 GCTaskThread "GC Thread#1" [stack: 0x00000086db000000,0x00000086db100000] [id=13652]
  0x000001e0d9c5a4c0 GCTaskThread "GC Thread#2" [stack: 0x00000086db100000,0x00000086db200000] [id=18328]
  0x000001e0d9c5a780 GCTaskThread "GC Thread#3" [stack: 0x00000086db200000,0x00000086db300000] [id=11472]
  0x000001e0bf531f60 ConcurrentGCThread "G1 Main Marker" [stack: 0x00000086d9f00000,0x00000086da000000] [id=18908]
  0x000001e0bf532730 ConcurrentGCThread "G1 Conc#0" [stack: 0x00000086da000000,0x00000086da100000] [id=12152]
  0x000001e0bf5bd7d0 ConcurrentGCThread "G1 Refine#0" [stack: 0x00000086da100000,0x00000086da200000] [id=7252]
  0x000001e0f3971660 ConcurrentGCThread "G1 Refine#1" [stack: 0x00000086dc200000,0x00000086dc300000] [id=18472]
  0x000001e0f59de380 ConcurrentGCThread "G1 Refine#2" [stack: 0x00000086dd300000,0x00000086dd400000] [id=13404]
  0x000001e0f59df810 ConcurrentGCThread "G1 Refine#3" [stack: 0x00000086dda00000,0x00000086ddb00000] [id=16688]
  0x000001e0bf5bdfb0 ConcurrentGCThread "G1 Service" [stack: 0x00000086da200000,0x00000086da300000] [id=19328]

Threads with active compile tasks:
C2 CompilerThread0    33237 7369   !   4       com.google.common.reflect.TypeVisitor::visit (225 bytes)

VM state: not at safepoint (normal execution)

VM Mutex/Monitor currently owned by a thread: None

Heap address: 0x00000000e0000000, size: 512 MB, Compressed Oops mode: 32-bit

CDS archive(s) mapped at: [0x000001e0da000000-0x000001e0dabb0000-0x000001e0dabb0000), size 12255232, SharedBaseAddress: 0x000001e0da000000, ArchiveRelocationMode: 1.
Compressed class space mapped at: 0x000001e0db000000-0x000001e0ef000000, reserved size: 335544320
Narrow klass base: 0x000001e0da000000, Narrow klass shift: 0, Narrow klass range: 0x100000000

GC Precious Log:
 CPUs: 4 total, 4 available
 Memory: 3852M
 Large Page Support: Disabled
 NUMA Support: Disabled
 Compressed Oops: Enabled (32-bit)
 Heap Region Size: 1M
 Heap Min Capacity: 256M
 Heap Initial Capacity: 256M
 Heap Max Capacity: 512M
 Pre-touch: Disabled
 Parallel Workers: 4
 Concurrent Workers: 1
 Concurrent Refinement Workers: 4
 Periodic GC: Disabled

Heap:
 garbage-first heap   total 262144K, used 62814K [0x00000000e0000000, 0x0000000100000000)
  region size 1024K, 19 young (19456K), 16 survivors (16384K)
 Metaspace       used 60039K, committed 60608K, reserved 393216K
  class space    used 8376K, committed 8640K, reserved 327680K

Heap Regions: E=young(eden), S=young(survivor), O=old, HS=humongous(starts), HC=humongous(continues), CS=collection set, F=free, OA=open archive, CA=closed archive, TAMS=top-at-mark-start (previous, next)
|   0|0x00000000e0000000, 0x00000000e0100000, 0x00000000e0100000|100%|HS|  |TAMS 0x00000000e0100000, 0x00000000e0000000| Complete 
|   1|0x00000000e0100000, 0x00000000e0200000, 0x00000000e0200000|100%|HC|  |TAMS 0x00000000e0200000, 0x00000000e0100000| Complete 
|   2|0x00000000e0200000, 0x00000000e0300000, 0x00000000e0300000|100%|HC|  |TAMS 0x00000000e0300000, 0x00000000e0200000| Complete 
|   3|0x00000000e0300000, 0x00000000e0400000, 0x00000000e0400000|100%| O|  |TAMS 0x00000000e0400000, 0x00000000e0300000| Untracked 
|   4|0x00000000e0400000, 0x00000000e0500000, 0x00000000e0500000|100%| O|  |TAMS 0x00000000e0500000, 0x00000000e0400000| Untracked 
|   5|0x00000000e0500000, 0x00000000e0600000, 0x00000000e0600000|100%| O|  |TAMS 0x00000000e0600000, 0x00000000e0500000| Untracked 
|   6|0x00000000e0600000, 0x00000000e0700000, 0x00000000e0700000|100%| O|  |TAMS 0x00000000e0700000, 0x00000000e0600000| Untracked 
|   7|0x00000000e0700000, 0x00000000e0800000, 0x00000000e0800000|100%|HS|  |TAMS 0x00000000e0800000, 0x00000000e0700000| Complete 
|   8|0x00000000e0800000, 0x00000000e0900000, 0x00000000e0900000|100%| O|  |TAMS 0x00000000e0900000, 0x00000000e0800000| Untracked 
|   9|0x00000000e0900000, 0x00000000e0a00000, 0x00000000e0a00000|100%| O|  |TAMS 0x00000000e0a00000, 0x00000000e0900000| Untracked 
|  10|0x00000000e0a00000, 0x00000000e0b00000, 0x00000000e0b00000|100%| O|  |TAMS 0x00000000e0b00000, 0x00000000e0a00000| Untracked 
|  11|0x00000000e0b00000, 0x00000000e0c00000, 0x00000000e0c00000|100%| O|  |TAMS 0x00000000e0c00000, 0x00000000e0b00000| Untracked 
|  12|0x00000000e0c00000, 0x00000000e0d00000, 0x00000000e0d00000|100%| O|  |TAMS 0x00000000e0d00000, 0x00000000e0c00000| Untracked 
|  13|0x00000000e0d00000, 0x00000000e0e00000, 0x00000000e0e00000|100%| O|  |TAMS 0x00000000e0e00000, 0x00000000e0d00000| Untracked 
|  14|0x00000000e0e00000, 0x00000000e0f00000, 0x00000000e0f00000|100%| O|  |TAMS 0x00000000e0f00000, 0x00000000e0e00000| Untracked 
|  15|0x00000000e0f00000, 0x00000000e1000000, 0x00000000e1000000|100%| O|  |TAMS 0x00000000e1000000, 0x00000000e0f00000| Untracked 
|  16|0x00000000e1000000, 0x00000000e1100000, 0x00000000e1100000|100%| O|  |TAMS 0x00000000e1100000, 0x00000000e1000000| Untracked 
|  17|0x00000000e1100000, 0x00000000e1200000, 0x00000000e1200000|100%| O|  |TAMS 0x00000000e1200000, 0x00000000e1100000| Untracked 
|  18|0x00000000e1200000, 0x00000000e1300000, 0x00000000e1300000|100%| O|  |TAMS 0x00000000e1300000, 0x00000000e1200000| Untracked 
|  19|0x00000000e1300000, 0x00000000e1400000, 0x00000000e1400000|100%| O|  |TAMS 0x00000000e1400000, 0x00000000e1300000| Untracked 
|  20|0x00000000e1400000, 0x00000000e1500000, 0x00000000e1500000|100%| O|  |TAMS 0x00000000e14d9200, 0x00000000e1400000| Untracked 
|  21|0x00000000e1500000, 0x00000000e1600000, 0x00000000e1600000|100%| O|  |TAMS 0x00000000e1500000, 0x00000000e1500000| Untracked 
|  22|0x00000000e1600000, 0x00000000e1700000, 0x00000000e1700000|100%| O|  |TAMS 0x00000000e1600000, 0x00000000e1600000| Untracked 
|  23|0x00000000e1700000, 0x00000000e1800000, 0x00000000e1800000|100%|HS|  |TAMS 0x00000000e1700000, 0x00000000e1700000| Complete 
|  24|0x00000000e1800000, 0x00000000e1900000, 0x00000000e1900000|100%|HC|  |TAMS 0x00000000e1800000, 0x00000000e1800000| Complete 
|  25|0x00000000e1900000, 0x00000000e1a00000, 0x00000000e1a00000|100%|HS|  |TAMS 0x00000000e1900000, 0x00000000e1900000| Complete 
|  26|0x00000000e1a00000, 0x00000000e1b00000, 0x00000000e1b00000|100%|HC|  |TAMS 0x00000000e1a00000, 0x00000000e1a00000| Complete 
|  27|0x00000000e1b00000, 0x00000000e1c00000, 0x00000000e1c00000|100%|HS|  |TAMS 0x00000000e1b00000, 0x00000000e1b00000| Complete 
|  28|0x00000000e1c00000, 0x00000000e1d00000, 0x00000000e1d00000|100%|HC|  |TAMS 0x00000000e1c00000, 0x00000000e1c00000| Complete 
|  29|0x00000000e1d00000, 0x00000000e1e00000, 0x00000000e1e00000|100%|HC|  |TAMS 0x00000000e1d00000, 0x00000000e1d00000| Complete 
|  30|0x00000000e1e00000, 0x00000000e1f00000, 0x00000000e1f00000|100%|HC|  |TAMS 0x00000000e1e00000, 0x00000000e1e00000| Complete 
|  31|0x00000000e1f00000, 0x00000000e2000000, 0x00000000e2000000|100%|HS|  |TAMS 0x00000000e1f00000, 0x00000000e1f00000| Complete 
|  32|0x00000000e2000000, 0x00000000e2100000, 0x00000000e2100000|100%|HC|  |TAMS 0x00000000e2000000, 0x00000000e2000000| Complete 
|  33|0x00000000e2100000, 0x00000000e2200000, 0x00000000e2200000|100%|HC|  |TAMS 0x00000000e2100000, 0x00000000e2100000| Complete 
|  34|0x00000000e2200000, 0x00000000e2300000, 0x00000000e2300000|100%|HC|  |TAMS 0x00000000e2200000, 0x00000000e2200000| Complete 
|  35|0x00000000e2300000, 0x00000000e2400000, 0x00000000e2400000|100%| O|  |TAMS 0x00000000e2300000, 0x00000000e2300000| Untracked 
|  36|0x00000000e2400000, 0x00000000e2500000, 0x00000000e2500000|100%| O|  |TAMS 0x00000000e2400000, 0x00000000e2400000| Untracked 
|  37|0x00000000e2500000, 0x00000000e2600000, 0x00000000e2600000|100%| O|  |TAMS 0x00000000e2500000, 0x00000000e2500000| Untracked 
|  38|0x00000000e2600000, 0x00000000e2700000, 0x00000000e2700000|100%| O|  |TAMS 0x00000000e2600000, 0x00000000e2600000| Untracked 
|  39|0x00000000e2700000, 0x00000000e2800000, 0x00000000e2800000|100%| O|  |TAMS 0x00000000e2700000, 0x00000000e2700000| Untracked 
|  40|0x00000000e2800000, 0x00000000e2900000, 0x00000000e2900000|100%| O|  |TAMS 0x00000000e2800000, 0x00000000e2800000| Untracked 
|  41|0x00000000e2900000, 0x00000000e2a00000, 0x00000000e2a00000|100%| O|  |TAMS 0x00000000e2900000, 0x00000000e2900000| Untracked 
|  42|0x00000000e2a00000, 0x00000000e2b00000, 0x00000000e2b00000|100%| O|  |TAMS 0x00000000e2a00000, 0x00000000e2a00000| Untracked 
|  43|0x00000000e2b00000, 0x00000000e2b57800, 0x00000000e2c00000| 34%| O|  |TAMS 0x00000000e2b00000, 0x00000000e2b00000| Untracked 
|  44|0x00000000e2c00000, 0x00000000e2c00000, 0x00000000e2d00000|  0%| F|  |TAMS 0x00000000e2c00000, 0x00000000e2c00000| Untracked 
|  45|0x00000000e2d00000, 0x00000000e2d00000, 0x00000000e2e00000|  0%| F|  |TAMS 0x00000000e2d00000, 0x00000000e2d00000| Untracked 
|  46|0x00000000e2e00000, 0x00000000e2e00000, 0x00000000e2f00000|  0%| F|  |TAMS 0x00000000e2e00000, 0x00000000e2e00000| Untracked 
|  47|0x00000000e2f00000, 0x00000000e2f00000, 0x00000000e3000000|  0%| F|  |TAMS 0x00000000e2f00000, 0x00000000e2f00000| Untracked 
|  48|0x00000000e3000000, 0x00000000e3000000, 0x00000000e3100000|  0%| F|  |TAMS 0x00000000e3000000, 0x00000000e3000000| Untracked 
|  49|0x00000000e3100000, 0x00000000e3100000, 0x00000000e3200000|  0%| F|  |TAMS 0x00000000e3100000, 0x00000000e3100000| Untracked 
|  50|0x00000000e3200000, 0x00000000e3200000, 0x00000000e3300000|  0%| F|  |TAMS 0x00000000e3200000, 0x00000000e3200000| Untracked 
|  51|0x00000000e3300000, 0x00000000e3300000, 0x00000000e3400000|  0%| F|  |TAMS 0x00000000e3300000, 0x00000000e3300000| Untracked 
|  52|0x00000000e3400000, 0x00000000e3400000, 0x00000000e3500000|  0%| F|  |TAMS 0x00000000e3400000, 0x00000000e3400000| Untracked 
|  53|0x00000000e3500000, 0x00000000e3500000, 0x00000000e3600000|  0%| F|  |TAMS 0x00000000e3500000, 0x00000000e3500000| Untracked 
|  54|0x00000000e3600000, 0x00000000e3600000, 0x00000000e3700000|  0%| F|  |TAMS 0x00000000e3600000, 0x00000000e3600000| Untracked 
|  55|0x00000000e3700000, 0x00000000e3700000, 0x00000000e3800000|  0%| F|  |TAMS 0x00000000e3700000, 0x00000000e3700000| Untracked 
|  56|0x00000000e3800000, 0x00000000e3800000, 0x00000000e3900000|  0%| F|  |TAMS 0x00000000e3800000, 0x00000000e3800000| Untracked 
|  57|0x00000000e3900000, 0x00000000e3900000, 0x00000000e3a00000|  0%| F|  |TAMS 0x00000000e3900000, 0x00000000e3900000| Untracked 
|  58|0x00000000e3a00000, 0x00000000e3a00000, 0x00000000e3b00000|  0%| F|  |TAMS 0x00000000e3a00000, 0x00000000e3a00000| Untracked 
|  59|0x00000000e3b00000, 0x00000000e3b00000, 0x00000000e3c00000|  0%| F|  |TAMS 0x00000000e3b00000, 0x00000000e3b00000| Untracked 
|  60|0x00000000e3c00000, 0x00000000e3c00000, 0x00000000e3d00000|  0%| F|  |TAMS 0x00000000e3c00000, 0x00000000e3c00000| Untracked 
|  61|0x00000000e3d00000, 0x00000000e3d00000, 0x00000000e3e00000|  0%| F|  |TAMS 0x00000000e3d00000, 0x00000000e3d00000| Untracked 
|  62|0x00000000e3e00000, 0x00000000e3e00000, 0x00000000e3f00000|  0%| F|  |TAMS 0x00000000e3e00000, 0x00000000e3e00000| Untracked 
|  63|0x00000000e3f00000, 0x00000000e3f00000, 0x00000000e4000000|  0%| F|  |TAMS 0x00000000e3f00000, 0x00000000e3f00000| Untracked 
|  64|0x00000000e4000000, 0x00000000e4000000, 0x00000000e4100000|  0%| F|  |TAMS 0x00000000e4000000, 0x00000000e4000000| Untracked 
|  65|0x00000000e4100000, 0x00000000e4100000, 0x00000000e4200000|  0%| F|  |TAMS 0x00000000e4100000, 0x00000000e4100000| Untracked 
|  66|0x00000000e4200000, 0x00000000e4200000, 0x00000000e4300000|  0%| F|  |TAMS 0x00000000e4200000, 0x00000000e4200000| Untracked 
|  67|0x00000000e4300000, 0x00000000e4300000, 0x00000000e4400000|  0%| F|  |TAMS 0x00000000e4300000, 0x00000000e4300000| Untracked 
|  68|0x00000000e4400000, 0x00000000e4400000, 0x00000000e4500000|  0%| F|  |TAMS 0x00000000e4400000, 0x00000000e4400000| Untracked 
|  69|0x00000000e4500000, 0x00000000e4500000, 0x00000000e4600000|  0%| F|  |TAMS 0x00000000e4500000, 0x00000000e4500000| Untracked 
|  70|0x00000000e4600000, 0x00000000e4600000, 0x00000000e4700000|  0%| F|  |TAMS 0x00000000e4600000, 0x00000000e4600000| Untracked 
|  71|0x00000000e4700000, 0x00000000e4700000, 0x00000000e4800000|  0%| F|  |TAMS 0x00000000e4700000, 0x00000000e4700000| Untracked 
|  72|0x00000000e4800000, 0x00000000e4800000, 0x00000000e4900000|  0%| F|  |TAMS 0x00000000e4800000, 0x00000000e4800000| Untracked 
|  73|0x00000000e4900000, 0x00000000e4900000, 0x00000000e4a00000|  0%| F|  |TAMS 0x00000000e4900000, 0x00000000e4900000| Untracked 
|  74|0x00000000e4a00000, 0x00000000e4a00000, 0x00000000e4b00000|  0%| F|  |TAMS 0x00000000e4a00000, 0x00000000e4a00000| Untracked 
|  75|0x00000000e4b00000, 0x00000000e4b00000, 0x00000000e4c00000|  0%| F|  |TAMS 0x00000000e4b00000, 0x00000000e4b00000| Untracked 
|  76|0x00000000e4c00000, 0x00000000e4c00000, 0x00000000e4d00000|  0%| F|  |TAMS 0x00000000e4c00000, 0x00000000e4c00000| Untracked 
|  77|0x00000000e4d00000, 0x00000000e4d00000, 0x00000000e4e00000|  0%| F|  |TAMS 0x00000000e4d00000, 0x00000000e4d00000| Untracked 
|  78|0x00000000e4e00000, 0x00000000e4e00000, 0x00000000e4f00000|  0%| F|  |TAMS 0x00000000e4e00000, 0x00000000e4e00000| Untracked 
|  79|0x00000000e4f00000, 0x00000000e4f00000, 0x00000000e5000000|  0%| F|  |TAMS 0x00000000e4f00000, 0x00000000e4f00000| Untracked 
|  80|0x00000000e5000000, 0x00000000e5000000, 0x00000000e5100000|  0%| F|  |TAMS 0x00000000e5000000, 0x00000000e5000000| Untracked 
|  81|0x00000000e5100000, 0x00000000e5100000, 0x00000000e5200000|  0%| F|  |TAMS 0x00000000e5100000, 0x00000000e5100000| Untracked 
|  82|0x00000000e5200000, 0x00000000e5200000, 0x00000000e5300000|  0%| F|  |TAMS 0x00000000e5200000, 0x00000000e5200000| Untracked 
|  83|0x00000000e5300000, 0x00000000e5300000, 0x00000000e5400000|  0%| F|  |TAMS 0x00000000e5300000, 0x00000000e5300000| Untracked 
|  84|0x00000000e5400000, 0x00000000e5400000, 0x00000000e5500000|  0%| F|  |TAMS 0x00000000e5400000, 0x00000000e5400000| Untracked 
|  85|0x00000000e5500000, 0x00000000e5500000, 0x00000000e5600000|  0%| F|  |TAMS 0x00000000e5500000, 0x00000000e5500000| Untracked 
|  86|0x00000000e5600000, 0x00000000e5600000, 0x00000000e5700000|  0%| F|  |TAMS 0x00000000e5600000, 0x00000000e5600000| Untracked 
|  87|0x00000000e5700000, 0x00000000e5700000, 0x00000000e5800000|  0%| F|  |TAMS 0x00000000e5700000, 0x00000000e5700000| Untracked 
|  88|0x00000000e5800000, 0x00000000e5800000, 0x00000000e5900000|  0%| F|  |TAMS 0x00000000e5800000, 0x00000000e5800000| Untracked 
|  89|0x00000000e5900000, 0x00000000e5900000, 0x00000000e5a00000|  0%| F|  |TAMS 0x00000000e5900000, 0x00000000e5900000| Untracked 
|  90|0x00000000e5a00000, 0x00000000e5a00000, 0x00000000e5b00000|  0%| F|  |TAMS 0x00000000e5a00000, 0x00000000e5a00000| Untracked 
|  91|0x00000000e5b00000, 0x00000000e5b00000, 0x00000000e5c00000|  0%| F|  |TAMS 0x00000000e5b00000, 0x00000000e5b00000| Untracked 
|  92|0x00000000e5c00000, 0x00000000e5c00000, 0x00000000e5d00000|  0%| F|  |TAMS 0x00000000e5c00000, 0x00000000e5c00000| Untracked 
|  93|0x00000000e5d00000, 0x00000000e5d00000, 0x00000000e5e00000|  0%| F|  |TAMS 0x00000000e5d00000, 0x00000000e5d00000| Untracked 
|  94|0x00000000e5e00000, 0x00000000e5e00000, 0x00000000e5f00000|  0%| F|  |TAMS 0x00000000e5e00000, 0x00000000e5e00000| Untracked 
|  95|0x00000000e5f00000, 0x00000000e5f00000, 0x00000000e6000000|  0%| F|  |TAMS 0x00000000e5f00000, 0x00000000e5f00000| Untracked 
|  96|0x00000000e6000000, 0x00000000e6000000, 0x00000000e6100000|  0%| F|  |TAMS 0x00000000e6000000, 0x00000000e6000000| Untracked 
|  97|0x00000000e6100000, 0x00000000e6100000, 0x00000000e6200000|  0%| F|  |TAMS 0x00000000e6100000, 0x00000000e6100000| Untracked 
|  98|0x00000000e6200000, 0x00000000e6200000, 0x00000000e6300000|  0%| F|  |TAMS 0x00000000e6200000, 0x00000000e6200000| Untracked 
|  99|0x00000000e6300000, 0x00000000e6300000, 0x00000000e6400000|  0%| F|  |TAMS 0x00000000e6300000, 0x00000000e6300000| Untracked 
| 100|0x00000000e6400000, 0x00000000e6400000, 0x00000000e6500000|  0%| F|  |TAMS 0x00000000e6400000, 0x00000000e6400000| Untracked 
| 101|0x00000000e6500000, 0x00000000e6500000, 0x00000000e6600000|  0%| F|  |TAMS 0x00000000e6500000, 0x00000000e6500000| Untracked 
| 102|0x00000000e6600000, 0x00000000e6600000, 0x00000000e6700000|  0%| F|  |TAMS 0x00000000e6600000, 0x00000000e6600000| Untracked 
| 103|0x00000000e6700000, 0x00000000e6800000, 0x00000000e6800000|100%| S|CS|TAMS 0x00000000e6700000, 0x00000000e6700000| Complete 
| 104|0x00000000e6800000, 0x00000000e6900000, 0x00000000e6900000|100%| S|CS|TAMS 0x00000000e6800000, 0x00000000e6800000| Complete 
| 105|0x00000000e6900000, 0x00000000e6a00000, 0x00000000e6a00000|100%| S|CS|TAMS 0x00000000e6900000, 0x00000000e6900000| Complete 
| 106|0x00000000e6a00000, 0x00000000e6b00000, 0x00000000e6b00000|100%| S|CS|TAMS 0x00000000e6a00000, 0x00000000e6a00000| Complete 
| 107|0x00000000e6b00000, 0x00000000e6c00000, 0x00000000e6c00000|100%| S|CS|TAMS 0x00000000e6b00000, 0x00000000e6b00000| Complete 
| 108|0x00000000e6c00000, 0x00000000e6d00000, 0x00000000e6d00000|100%| S|CS|TAMS 0x00000000e6c00000, 0x00000000e6c00000| Complete 
| 109|0x00000000e6d00000, 0x00000000e6e00000, 0x00000000e6e00000|100%| S|CS|TAMS 0x00000000e6d00000, 0x00000000e6d00000| Complete 
| 110|0x00000000e6e00000, 0x00000000e6f00000, 0x00000000e6f00000|100%| S|CS|TAMS 0x00000000e6e00000, 0x00000000e6e00000| Complete 
| 111|0x00000000e6f00000, 0x00000000e7000000, 0x00000000e7000000|100%| S|CS|TAMS 0x00000000e6f00000, 0x00000000e6f00000| Complete 
| 112|0x00000000e7000000, 0x00000000e7100000, 0x00000000e7100000|100%| S|CS|TAMS 0x00000000e7000000, 0x00000000e7000000| Complete 
| 113|0x00000000e7100000, 0x00000000e7200000, 0x00000000e7200000|100%| S|CS|TAMS 0x00000000e7100000, 0x00000000e7100000| Complete 
| 114|0x00000000e7200000, 0x00000000e7300000, 0x00000000e7300000|100%| S|CS|TAMS 0x00000000e7200000, 0x00000000e7200000| Complete 
| 115|0x00000000e7300000, 0x00000000e7400000, 0x00000000e7400000|100%| S|CS|TAMS 0x00000000e7300000, 0x00000000e7300000| Complete 
| 116|0x00000000e7400000, 0x00000000e7500000, 0x00000000e7500000|100%| S|CS|TAMS 0x00000000e7400000, 0x00000000e7400000| Complete 
| 117|0x00000000e7500000, 0x00000000e7600000, 0x00000000e7600000|100%| S|CS|TAMS 0x00000000e7500000, 0x00000000e7500000| Complete 
| 118|0x00000000e7600000, 0x00000000e7700000, 0x00000000e7700000|100%| S|CS|TAMS 0x00000000e7600000, 0x00000000e7600000| Complete 
| 119|0x00000000e7700000, 0x00000000e7700000, 0x00000000e7800000|  0%| F|  |TAMS 0x00000000e7700000, 0x00000000e7700000| Untracked 
| 120|0x00000000e7800000, 0x00000000e7800000, 0x00000000e7900000|  0%| F|  |TAMS 0x00000000e7800000, 0x00000000e7800000| Untracked 
| 121|0x00000000e7900000, 0x00000000e7900000, 0x00000000e7a00000|  0%| F|  |TAMS 0x00000000e7900000, 0x00000000e7900000| Untracked 
| 122|0x00000000e7a00000, 0x00000000e7a00000, 0x00000000e7b00000|  0%| F|  |TAMS 0x00000000e7a00000, 0x00000000e7a00000| Untracked 
| 123|0x00000000e7b00000, 0x00000000e7b00000, 0x00000000e7c00000|  0%| F|  |TAMS 0x00000000e7b00000, 0x00000000e7b00000| Untracked 
| 124|0x00000000e7c00000, 0x00000000e7c00000, 0x00000000e7d00000|  0%| F|  |TAMS 0x00000000e7c00000, 0x00000000e7c00000| Untracked 
| 125|0x00000000e7d00000, 0x00000000e7d00000, 0x00000000e7e00000|  0%| F|  |TAMS 0x00000000e7d00000, 0x00000000e7d00000| Untracked 
| 126|0x00000000e7e00000, 0x00000000e7e00000, 0x00000000e7f00000|  0%| F|  |TAMS 0x00000000e7e00000, 0x00000000e7e00000| Untracked 
| 127|0x00000000e7f00000, 0x00000000e7f00000, 0x00000000e8000000|  0%| F|  |TAMS 0x00000000e7f00000, 0x00000000e7f00000| Untracked 
| 128|0x00000000e8000000, 0x00000000e8000000, 0x00000000e8100000|  0%| F|  |TAMS 0x00000000e8000000, 0x00000000e8000000| Untracked 
| 129|0x00000000e8100000, 0x00000000e8100000, 0x00000000e8200000|  0%| F|  |TAMS 0x00000000e8100000, 0x00000000e8100000| Untracked 
| 130|0x00000000e8200000, 0x00000000e8200000, 0x00000000e8300000|  0%| F|  |TAMS 0x00000000e8200000, 0x00000000e8200000| Untracked 
| 131|0x00000000e8300000, 0x00000000e8300000, 0x00000000e8400000|  0%| F|  |TAMS 0x00000000e8300000, 0x00000000e8300000| Untracked 
| 132|0x00000000e8400000, 0x00000000e8400000, 0x00000000e8500000|  0%| F|  |TAMS 0x00000000e8400000, 0x00000000e8400000| Untracked 
| 133|0x00000000e8500000, 0x00000000e8500000, 0x00000000e8600000|  0%| F|  |TAMS 0x00000000e8500000, 0x00000000e8500000| Untracked 
| 134|0x00000000e8600000, 0x00000000e8600000, 0x00000000e8700000|  0%| F|  |TAMS 0x00000000e8600000, 0x00000000e8600000| Untracked 
| 135|0x00000000e8700000, 0x00000000e8700000, 0x00000000e8800000|  0%| F|  |TAMS 0x00000000e8700000, 0x00000000e8700000| Untracked 
| 136|0x00000000e8800000, 0x00000000e8800000, 0x00000000e8900000|  0%| F|  |TAMS 0x00000000e8800000, 0x00000000e8800000| Untracked 
| 137|0x00000000e8900000, 0x00000000e8900000, 0x00000000e8a00000|  0%| F|  |TAMS 0x00000000e8900000, 0x00000000e8900000| Untracked 
| 138|0x00000000e8a00000, 0x00000000e8a00000, 0x00000000e8b00000|  0%| F|  |TAMS 0x00000000e8a00000, 0x00000000e8a00000| Untracked 
| 139|0x00000000e8b00000, 0x00000000e8b00000, 0x00000000e8c00000|  0%| F|  |TAMS 0x00000000e8b00000, 0x00000000e8b00000| Untracked 
| 140|0x00000000e8c00000, 0x00000000e8c00000, 0x00000000e8d00000|  0%| F|  |TAMS 0x00000000e8c00000, 0x00000000e8c00000| Untracked 
| 141|0x00000000e8d00000, 0x00000000e8d00000, 0x00000000e8e00000|  0%| F|  |TAMS 0x00000000e8d00000, 0x00000000e8d00000| Untracked 
| 142|0x00000000e8e00000, 0x00000000e8e00000, 0x00000000e8f00000|  0%| F|  |TAMS 0x00000000e8e00000, 0x00000000e8e00000| Untracked 
| 143|0x00000000e8f00000, 0x00000000e8f00000, 0x00000000e9000000|  0%| F|  |TAMS 0x00000000e8f00000, 0x00000000e8f00000| Untracked 
| 144|0x00000000e9000000, 0x00000000e9000000, 0x00000000e9100000|  0%| F|  |TAMS 0x00000000e9000000, 0x00000000e9000000| Untracked 
| 145|0x00000000e9100000, 0x00000000e9100000, 0x00000000e9200000|  0%| F|  |TAMS 0x00000000e9100000, 0x00000000e9100000| Untracked 
| 146|0x00000000e9200000, 0x00000000e9200000, 0x00000000e9300000|  0%| F|  |TAMS 0x00000000e9200000, 0x00000000e9200000| Untracked 
| 147|0x00000000e9300000, 0x00000000e9300000, 0x00000000e9400000|  0%| F|  |TAMS 0x00000000e9300000, 0x00000000e9300000| Untracked 
| 148|0x00000000e9400000, 0x00000000e9400000, 0x00000000e9500000|  0%| F|  |TAMS 0x00000000e9400000, 0x00000000e9400000| Untracked 
| 149|0x00000000e9500000, 0x00000000e9500000, 0x00000000e9600000|  0%| F|  |TAMS 0x00000000e9500000, 0x00000000e9500000| Untracked 
| 150|0x00000000e9600000, 0x00000000e9600000, 0x00000000e9700000|  0%| F|  |TAMS 0x00000000e9600000, 0x00000000e9600000| Untracked 
| 151|0x00000000e9700000, 0x00000000e9700000, 0x00000000e9800000|  0%| F|  |TAMS 0x00000000e9700000, 0x00000000e9700000| Untracked 
| 152|0x00000000e9800000, 0x00000000e9800000, 0x00000000e9900000|  0%| F|  |TAMS 0x00000000e9800000, 0x00000000e9800000| Untracked 
| 153|0x00000000e9900000, 0x00000000e9900000, 0x00000000e9a00000|  0%| F|  |TAMS 0x00000000e9900000, 0x00000000e9900000| Untracked 
| 154|0x00000000e9a00000, 0x00000000e9a00000, 0x00000000e9b00000|  0%| F|  |TAMS 0x00000000e9a00000, 0x00000000e9a00000| Untracked 
| 155|0x00000000e9b00000, 0x00000000e9b00000, 0x00000000e9c00000|  0%| F|  |TAMS 0x00000000e9b00000, 0x00000000e9b00000| Untracked 
| 156|0x00000000e9c00000, 0x00000000e9c00000, 0x00000000e9d00000|  0%| F|  |TAMS 0x00000000e9c00000, 0x00000000e9c00000| Untracked 
| 157|0x00000000e9d00000, 0x00000000e9d00000, 0x00000000e9e00000|  0%| F|  |TAMS 0x00000000e9d00000, 0x00000000e9d00000| Untracked 
| 158|0x00000000e9e00000, 0x00000000e9e00000, 0x00000000e9f00000|  0%| F|  |TAMS 0x00000000e9e00000, 0x00000000e9e00000| Untracked 
| 159|0x00000000e9f00000, 0x00000000e9f00000, 0x00000000ea000000|  0%| F|  |TAMS 0x00000000e9f00000, 0x00000000e9f00000| Untracked 
| 160|0x00000000ea000000, 0x00000000ea000000, 0x00000000ea100000|  0%| F|  |TAMS 0x00000000ea000000, 0x00000000ea000000| Untracked 
| 161|0x00000000ea100000, 0x00000000ea100000, 0x00000000ea200000|  0%| F|  |TAMS 0x00000000ea100000, 0x00000000ea100000| Untracked 
| 162|0x00000000ea200000, 0x00000000ea200000, 0x00000000ea300000|  0%| F|  |TAMS 0x00000000ea200000, 0x00000000ea200000| Untracked 
| 163|0x00000000ea300000, 0x00000000ea300000, 0x00000000ea400000|  0%| F|  |TAMS 0x00000000ea300000, 0x00000000ea300000| Untracked 
| 164|0x00000000ea400000, 0x00000000ea400000, 0x00000000ea500000|  0%| F|  |TAMS 0x00000000ea400000, 0x00000000ea400000| Untracked 
| 165|0x00000000ea500000, 0x00000000ea500000, 0x00000000ea600000|  0%| F|  |TAMS 0x00000000ea500000, 0x00000000ea500000| Untracked 
| 166|0x00000000ea600000, 0x00000000ea600000, 0x00000000ea700000|  0%| F|  |TAMS 0x00000000ea600000, 0x00000000ea600000| Untracked 
| 167|0x00000000ea700000, 0x00000000ea700000, 0x00000000ea800000|  0%| F|  |TAMS 0x00000000ea700000, 0x00000000ea700000| Untracked 
| 168|0x00000000ea800000, 0x00000000ea800000, 0x00000000ea900000|  0%| F|  |TAMS 0x00000000ea800000, 0x00000000ea800000| Untracked 
| 169|0x00000000ea900000, 0x00000000ea900000, 0x00000000eaa00000|  0%| F|  |TAMS 0x00000000ea900000, 0x00000000ea900000| Untracked 
| 170|0x00000000eaa00000, 0x00000000eaa00000, 0x00000000eab00000|  0%| F|  |TAMS 0x00000000eaa00000, 0x00000000eaa00000| Untracked 
| 171|0x00000000eab00000, 0x00000000eab00000, 0x00000000eac00000|  0%| F|  |TAMS 0x00000000eab00000, 0x00000000eab00000| Untracked 
| 172|0x00000000eac00000, 0x00000000eac00000, 0x00000000ead00000|  0%| F|  |TAMS 0x00000000eac00000, 0x00000000eac00000| Untracked 
| 173|0x00000000ead00000, 0x00000000ead00000, 0x00000000eae00000|  0%| F|  |TAMS 0x00000000ead00000, 0x00000000ead00000| Untracked 
| 174|0x00000000eae00000, 0x00000000eae00000, 0x00000000eaf00000|  0%| F|  |TAMS 0x00000000eae00000, 0x00000000eae00000| Untracked 
| 175|0x00000000eaf00000, 0x00000000eaf00000, 0x00000000eb000000|  0%| F|  |TAMS 0x00000000eaf00000, 0x00000000eaf00000| Untracked 
| 176|0x00000000eb000000, 0x00000000eb000000, 0x00000000eb100000|  0%| F|  |TAMS 0x00000000eb000000, 0x00000000eb000000| Untracked 
| 177|0x00000000eb100000, 0x00000000eb100000, 0x00000000eb200000|  0%| F|  |TAMS 0x00000000eb100000, 0x00000000eb100000| Untracked 
| 178|0x00000000eb200000, 0x00000000eb200000, 0x00000000eb300000|  0%| F|  |TAMS 0x00000000eb200000, 0x00000000eb200000| Untracked 
| 179|0x00000000eb300000, 0x00000000eb300000, 0x00000000eb400000|  0%| F|  |TAMS 0x00000000eb300000, 0x00000000eb300000| Untracked 
| 180|0x00000000eb400000, 0x00000000eb400000, 0x00000000eb500000|  0%| F|  |TAMS 0x00000000eb400000, 0x00000000eb400000| Untracked 
| 181|0x00000000eb500000, 0x00000000eb500000, 0x00000000eb600000|  0%| F|  |TAMS 0x00000000eb500000, 0x00000000eb500000| Untracked 
| 182|0x00000000eb600000, 0x00000000eb600000, 0x00000000eb700000|  0%| F|  |TAMS 0x00000000eb600000, 0x00000000eb600000| Untracked 
| 183|0x00000000eb700000, 0x00000000eb700000, 0x00000000eb800000|  0%| F|  |TAMS 0x00000000eb700000, 0x00000000eb700000| Untracked 
| 184|0x00000000eb800000, 0x00000000eb800000, 0x00000000eb900000|  0%| F|  |TAMS 0x00000000eb800000, 0x00000000eb800000| Untracked 
| 185|0x00000000eb900000, 0x00000000eb900000, 0x00000000eba00000|  0%| F|  |TAMS 0x00000000eb900000, 0x00000000eb900000| Untracked 
| 186|0x00000000eba00000, 0x00000000eba00000, 0x00000000ebb00000|  0%| F|  |TAMS 0x00000000eba00000, 0x00000000eba00000| Untracked 
| 187|0x00000000ebb00000, 0x00000000ebb00000, 0x00000000ebc00000|  0%| F|  |TAMS 0x00000000ebb00000, 0x00000000ebb00000| Untracked 
| 188|0x00000000ebc00000, 0x00000000ebc00000, 0x00000000ebd00000|  0%| F|  |TAMS 0x00000000ebc00000, 0x00000000ebc00000| Untracked 
| 189|0x00000000ebd00000, 0x00000000ebd00000, 0x00000000ebe00000|  0%| F|  |TAMS 0x00000000ebd00000, 0x00000000ebd00000| Untracked 
| 190|0x00000000ebe00000, 0x00000000ebe00000, 0x00000000ebf00000|  0%| F|  |TAMS 0x00000000ebe00000, 0x00000000ebe00000| Untracked 
| 191|0x00000000ebf00000, 0x00000000ebf00000, 0x00000000ec000000|  0%| F|  |TAMS 0x00000000ebf00000, 0x00000000ebf00000| Untracked 
| 192|0x00000000ec000000, 0x00000000ec000000, 0x00000000ec100000|  0%| F|  |TAMS 0x00000000ec000000, 0x00000000ec000000| Untracked 
| 193|0x00000000ec100000, 0x00000000ec100000, 0x00000000ec200000|  0%| F|  |TAMS 0x00000000ec100000, 0x00000000ec100000| Untracked 
| 194|0x00000000ec200000, 0x00000000ec200000, 0x00000000ec300000|  0%| F|  |TAMS 0x00000000ec200000, 0x00000000ec200000| Untracked 
| 195|0x00000000ec300000, 0x00000000ec300000, 0x00000000ec400000|  0%| F|  |TAMS 0x00000000ec300000, 0x00000000ec300000| Untracked 
| 196|0x00000000ec400000, 0x00000000ec400000, 0x00000000ec500000|  0%| F|  |TAMS 0x00000000ec400000, 0x00000000ec400000| Untracked 
| 197|0x00000000ec500000, 0x00000000ec500000, 0x00000000ec600000|  0%| F|  |TAMS 0x00000000ec500000, 0x00000000ec500000| Untracked 
| 198|0x00000000ec600000, 0x00000000ec600000, 0x00000000ec700000|  0%| F|  |TAMS 0x00000000ec600000, 0x00000000ec600000| Untracked 
| 199|0x00000000ec700000, 0x00000000ec700000, 0x00000000ec800000|  0%| F|  |TAMS 0x00000000ec700000, 0x00000000ec700000| Untracked 
| 200|0x00000000ec800000, 0x00000000ec800000, 0x00000000ec900000|  0%| F|  |TAMS 0x00000000ec800000, 0x00000000ec800000| Untracked 
| 201|0x00000000ec900000, 0x00000000ec900000, 0x00000000eca00000|  0%| F|  |TAMS 0x00000000ec900000, 0x00000000ec900000| Untracked 
| 202|0x00000000eca00000, 0x00000000eca00000, 0x00000000ecb00000|  0%| F|  |TAMS 0x00000000eca00000, 0x00000000eca00000| Untracked 
| 203|0x00000000ecb00000, 0x00000000ecb00000, 0x00000000ecc00000|  0%| F|  |TAMS 0x00000000ecb00000, 0x00000000ecb00000| Untracked 
| 204|0x00000000ecc00000, 0x00000000ecc00000, 0x00000000ecd00000|  0%| F|  |TAMS 0x00000000ecc00000, 0x00000000ecc00000| Untracked 
| 205|0x00000000ecd00000, 0x00000000ecd00000, 0x00000000ece00000|  0%| F|  |TAMS 0x00000000ecd00000, 0x00000000ecd00000| Untracked 
| 206|0x00000000ece00000, 0x00000000ece00000, 0x00000000ecf00000|  0%| F|  |TAMS 0x00000000ece00000, 0x00000000ece00000| Untracked 
| 207|0x00000000ecf00000, 0x00000000ecf00000, 0x00000000ed000000|  0%| F|  |TAMS 0x00000000ecf00000, 0x00000000ecf00000| Untracked 
| 208|0x00000000ed000000, 0x00000000ed000000, 0x00000000ed100000|  0%| F|  |TAMS 0x00000000ed000000, 0x00000000ed000000| Untracked 
| 209|0x00000000ed100000, 0x00000000ed100000, 0x00000000ed200000|  0%| F|  |TAMS 0x00000000ed100000, 0x00000000ed100000| Untracked 
| 210|0x00000000ed200000, 0x00000000ed200000, 0x00000000ed300000|  0%| F|  |TAMS 0x00000000ed200000, 0x00000000ed200000| Untracked 
| 211|0x00000000ed300000, 0x00000000ed300000, 0x00000000ed400000|  0%| F|  |TAMS 0x00000000ed300000, 0x00000000ed300000| Untracked 
| 212|0x00000000ed400000, 0x00000000ed400000, 0x00000000ed500000|  0%| F|  |TAMS 0x00000000ed400000, 0x00000000ed400000| Untracked 
| 213|0x00000000ed500000, 0x00000000ed500000, 0x00000000ed600000|  0%| F|  |TAMS 0x00000000ed500000, 0x00000000ed500000| Untracked 
| 214|0x00000000ed600000, 0x00000000ed600000, 0x00000000ed700000|  0%| F|  |TAMS 0x00000000ed600000, 0x00000000ed600000| Untracked 
| 215|0x00000000ed700000, 0x00000000ed700000, 0x00000000ed800000|  0%| F|  |TAMS 0x00000000ed700000, 0x00000000ed700000| Untracked 
| 216|0x00000000ed800000, 0x00000000ed800000, 0x00000000ed900000|  0%| F|  |TAMS 0x00000000ed800000, 0x00000000ed800000| Untracked 
| 217|0x00000000ed900000, 0x00000000ed900000, 0x00000000eda00000|  0%| F|  |TAMS 0x00000000ed900000, 0x00000000ed900000| Untracked 
| 218|0x00000000eda00000, 0x00000000eda00000, 0x00000000edb00000|  0%| F|  |TAMS 0x00000000eda00000, 0x00000000eda00000| Untracked 
| 219|0x00000000edb00000, 0x00000000edb00000, 0x00000000edc00000|  0%| F|  |TAMS 0x00000000edb00000, 0x00000000edb00000| Untracked 
| 220|0x00000000edc00000, 0x00000000edc00000, 0x00000000edd00000|  0%| F|  |TAMS 0x00000000edc00000, 0x00000000edc00000| Untracked 
| 221|0x00000000edd00000, 0x00000000edd00000, 0x00000000ede00000|  0%| F|  |TAMS 0x00000000edd00000, 0x00000000edd00000| Untracked 
| 222|0x00000000ede00000, 0x00000000ede00000, 0x00000000edf00000|  0%| F|  |TAMS 0x00000000ede00000, 0x00000000ede00000| Untracked 
| 223|0x00000000edf00000, 0x00000000edf00000, 0x00000000ee000000|  0%| F|  |TAMS 0x00000000edf00000, 0x00000000edf00000| Untracked 
| 224|0x00000000ee000000, 0x00000000ee000000, 0x00000000ee100000|  0%| F|  |TAMS 0x00000000ee000000, 0x00000000ee000000| Untracked 
| 225|0x00000000ee100000, 0x00000000ee100000, 0x00000000ee200000|  0%| F|  |TAMS 0x00000000ee100000, 0x00000000ee100000| Untracked 
| 226|0x00000000ee200000, 0x00000000ee200000, 0x00000000ee300000|  0%| F|  |TAMS 0x00000000ee200000, 0x00000000ee200000| Untracked 
| 227|0x00000000ee300000, 0x00000000ee300000, 0x00000000ee400000|  0%| F|  |TAMS 0x00000000ee300000, 0x00000000ee300000| Untracked 
| 228|0x00000000ee400000, 0x00000000ee400000, 0x00000000ee500000|  0%| F|  |TAMS 0x00000000ee400000, 0x00000000ee400000| Untracked 
| 229|0x00000000ee500000, 0x00000000ee500000, 0x00000000ee600000|  0%| F|  |TAMS 0x00000000ee500000, 0x00000000ee500000| Untracked 
| 230|0x00000000ee600000, 0x00000000ee600000, 0x00000000ee700000|  0%| F|  |TAMS 0x00000000ee600000, 0x00000000ee600000| Untracked 
| 231|0x00000000ee700000, 0x00000000ee700000, 0x00000000ee800000|  0%| F|  |TAMS 0x00000000ee700000, 0x00000000ee700000| Untracked 
| 232|0x00000000ee800000, 0x00000000ee800000, 0x00000000ee900000|  0%| F|  |TAMS 0x00000000ee800000, 0x00000000ee800000| Untracked 
| 233|0x00000000ee900000, 0x00000000ee900000, 0x00000000eea00000|  0%| F|  |TAMS 0x00000000ee900000, 0x00000000ee900000| Untracked 
| 234|0x00000000eea00000, 0x00000000eea00000, 0x00000000eeb00000|  0%| F|  |TAMS 0x00000000eea00000, 0x00000000eea00000| Untracked 
| 235|0x00000000eeb00000, 0x00000000eeb00000, 0x00000000eec00000|  0%| F|  |TAMS 0x00000000eeb00000, 0x00000000eeb00000| Untracked 
| 236|0x00000000eec00000, 0x00000000eec00000, 0x00000000eed00000|  0%| F|  |TAMS 0x00000000eec00000, 0x00000000eec00000| Untracked 
| 237|0x00000000eed00000, 0x00000000eed00000, 0x00000000eee00000|  0%| F|  |TAMS 0x00000000eed00000, 0x00000000eed00000| Untracked 
| 238|0x00000000eee00000, 0x00000000eee00000, 0x00000000eef00000|  0%| F|  |TAMS 0x00000000eee00000, 0x00000000eee00000| Untracked 
| 239|0x00000000eef00000, 0x00000000eef00000, 0x00000000ef000000|  0%| F|  |TAMS 0x00000000eef00000, 0x00000000eef00000| Untracked 
| 240|0x00000000ef000000, 0x00000000ef000000, 0x00000000ef100000|  0%| F|  |TAMS 0x00000000ef000000, 0x00000000ef000000| Untracked 
| 241|0x00000000ef100000, 0x00000000ef100000, 0x00000000ef200000|  0%| F|  |TAMS 0x00000000ef100000, 0x00000000ef100000| Untracked 
| 242|0x00000000ef200000, 0x00000000ef200000, 0x00000000ef300000|  0%| F|  |TAMS 0x00000000ef200000, 0x00000000ef200000| Untracked 
| 243|0x00000000ef300000, 0x00000000ef300000, 0x00000000ef400000|  0%| F|  |TAMS 0x00000000ef300000, 0x00000000ef300000| Untracked 
| 244|0x00000000ef400000, 0x00000000ef400000, 0x00000000ef500000|  0%| F|  |TAMS 0x00000000ef400000, 0x00000000ef400000| Untracked 
| 245|0x00000000ef500000, 0x00000000ef500000, 0x00000000ef600000|  0%| F|  |TAMS 0x00000000ef500000, 0x00000000ef500000| Untracked 
| 246|0x00000000ef600000, 0x00000000ef600000, 0x00000000ef700000|  0%| F|  |TAMS 0x00000000ef600000, 0x00000000ef600000| Untracked 
| 247|0x00000000ef700000, 0x00000000ef700000, 0x00000000ef800000|  0%| F|  |TAMS 0x00000000ef700000, 0x00000000ef700000| Untracked 
| 248|0x00000000ef800000, 0x00000000ef800000, 0x00000000ef900000|  0%| F|  |TAMS 0x00000000ef800000, 0x00000000ef800000| Untracked 
| 249|0x00000000ef900000, 0x00000000ef900000, 0x00000000efa00000|  0%| F|  |TAMS 0x00000000ef900000, 0x00000000ef900000| Untracked 
| 250|0x00000000efa00000, 0x00000000efa00000, 0x00000000efb00000|  0%| F|  |TAMS 0x00000000efa00000, 0x00000000efa00000| Untracked 
| 251|0x00000000efb00000, 0x00000000efb00000, 0x00000000efc00000|  0%| F|  |TAMS 0x00000000efb00000, 0x00000000efb00000| Untracked 
| 252|0x00000000efc00000, 0x00000000efc00000, 0x00000000efd00000|  0%| F|  |TAMS 0x00000000efc00000, 0x00000000efc00000| Untracked 
| 253|0x00000000efd00000, 0x00000000efe00000, 0x00000000efe00000|100%| E|  |TAMS 0x00000000efd00000, 0x00000000efd00000| Complete 
| 254|0x00000000efe00000, 0x00000000eff00000, 0x00000000eff00000|100%| E|CS|TAMS 0x00000000efe00000, 0x00000000efe00000| Complete 
| 255|0x00000000eff00000, 0x00000000f0000000, 0x00000000f0000000|100%| E|CS|TAMS 0x00000000eff00000, 0x00000000eff00000| Complete 

Card table byte_map: [0x000001e0d6050000,0x000001e0d6150000] _byte_map_base: 0x000001e0d5950000

Marking Bits (Prev, Next): (CMBitMap*) 0x000001e0bf52d670, (CMBitMap*) 0x000001e0bf52d630
 Prev Bits: [0x000001e0d6a50000, 0x000001e0d7250000)
 Next Bits: [0x000001e0d6250000, 0x000001e0d6a50000)

Polling page: 0x000001e0bd390000

Metaspace:

Usage:
  Non-class:     50.51 MB used.
      Class:      8.19 MB used.
       Both:     58.69 MB used.

Virtual space:
  Non-class space:       64.00 MB reserved,      50.81 MB ( 79%) committed,  1 nodes.
      Class space:      320.00 MB reserved,       8.44 MB (  3%) committed,  1 nodes.
             Both:      384.00 MB reserved,      59.25 MB ( 15%) committed. 

Chunk freelists:
   Non-Class:  12.81 MB
       Class:  7.52 MB
        Both:  20.33 MB

MaxMetaspaceSize: 384.00 MB
CompressedClassSpaceSize: 320.00 MB
Initial GC threshold: 21.00 MB
Current GC threshold: 78.69 MB
CDS: on
MetaspaceReclaimPolicy: balanced
 - commit_granule_bytes: 65536.
 - commit_granule_words: 8192.
 - virtual_space_node_default_size: 8388608.
 - enlarge_chunks_in_place: 1.
 - new_chunks_are_fully_committed: 0.
 - uncommit_free_chunks: 1.
 - use_allocation_guard: 0.
 - handle_deallocations: 1.


Internal statistics:

num_allocs_failed_limit: 9.
num_arena_births: 770.
num_arena_deaths: 0.
num_vsnodes_births: 2.
num_vsnodes_deaths: 0.
num_space_committed: 948.
num_space_uncommitted: 0.
num_chunks_returned_to_freelist: 9.
num_chunks_taken_from_freelist: 3201.
num_chunk_merges: 9.
num_chunk_splits: 2124.
num_chunks_enlarged: 1426.
num_inconsistent_stats: 0.

CodeHeap 'non-profiled nmethods': size=120000Kb used=3257Kb max_used=3257Kb free=116742Kb
 bounds [0x000001e0ceb20000, 0x000001e0cee50000, 0x000001e0d6050000]
CodeHeap 'profiled nmethods': size=120000Kb used=12799Kb max_used=12799Kb free=107201Kb
 bounds [0x000001e0c7050000, 0x000001e0c7cd0000, 0x000001e0ce580000]
CodeHeap 'non-nmethods': size=5760Kb used=2383Kb max_used=2409Kb free=3376Kb
 bounds [0x000001e0ce580000, 0x000001e0ce7f0000, 0x000001e0ceb20000]
 total_blobs=7472 nmethods=6575 adapters=809
 compilation: enabled
              stopped_count=0, restarted_count=0
 full_count=0

Compilation events (20 events):
Event: 33.141 Thread 0x000001e0d9839b50 7427       1       org.gradle.api.internal.DefaultDomainObjectCollection::getEventRegister (5 bytes)
Event: 33.141 Thread 0x000001e0d9839b50 nmethod 7427 0x000001e0cee4d490 code [0x000001e0cee4d620, 0x000001e0cee4d6f8]
Event: 33.149 Thread 0x000001e0d9839b50 7428       3       org.gradle.tooling.internal.provider.runner.ClientForwardingBuildOperationListener::started (48 bytes)
Event: 33.150 Thread 0x000001e0d9839b50 nmethod 7428 0x000001e0c7cbef90 code [0x000001e0c7cbf1c0, 0x000001e0c7cbf988]
Event: 33.150 Thread 0x000001e0d9839b50 7429       3       org.gradle.api.internal.collections.AbstractIterationOrderRetainingElementSource$Element::getValues (16 bytes)
Event: 33.150 Thread 0x000001e0d9839b50 nmethod 7429 0x000001e0c7cbfc10 code [0x000001e0c7cbfdc0, 0x000001e0c7cbff48]
Event: 33.152 Thread 0x000001e0d9839b50 7430       3       org.gradle.api.internal.provider.ValueSanitizers$3::sanitize (2 bytes)
Event: 33.153 Thread 0x000001e0d9839b50 nmethod 7430 0x000001e0c7cc0010 code [0x000001e0c7cc01a0, 0x000001e0c7cc02b8]
Event: 33.154 Thread 0x000001e0d9839b50 7431  s!   3       org.gradle.internal.classloader.TransformReplacer$JarLoader::loadTransformedClass (55 bytes)
Event: 33.155 Thread 0x000001e0d9839b50 nmethod 7431 0x000001e0c7cc0390 code [0x000001e0c7cc0660, 0x000001e0c7cc1628]
Event: 33.155 Thread 0x000001e0d9839b50 7432       3       org.gradle.internal.classloader.TransformReplacer$JarLoader::getJarFileLocked (96 bytes)
Event: 33.156 Thread 0x000001e0d9839b50 nmethod 7432 0x000001e0c7cc1c90 code [0x000001e0c7cc2000, 0x000001e0c7cc3638]
Event: 33.156 Thread 0x000001e0d9839b50 7433       3       org.gradle.internal.classloader.TransformReplacer::access$200 (5 bytes)
Event: 33.157 Thread 0x000001e0d9839b50 nmethod 7433 0x000001e0c7cc3e90 code [0x000001e0c7cc4040, 0x000001e0c7cc42a8]
Event: 33.157 Thread 0x000001e0d9839b50 7434       3       org.gradle.internal.classloader.TransformReplacer::access$100 (5 bytes)
Event: 33.157 Thread 0x000001e0d9839b50 nmethod 7434 0x000001e0c7cc4410 code [0x000001e0c7cc4600, 0x000001e0c7cc49b8]
Event: 33.157 Thread 0x000001e0d9839b50 7435       3       org.gradle.internal.classloader.TransformReplacer::classNameToPath (20 bytes)
Event: 33.157 Thread 0x000001e0d9839b50 nmethod 7435 0x000001e0c7cc4b90 code [0x000001e0c7cc4da0, 0x000001e0c7cc52c8]
Event: 33.167 Thread 0x000001e0d9839b50 7436       3       org.gradle.internal.io.StreamByteBuffer::readFully (27 bytes)
Event: 33.168 Thread 0x000001e0d9839b50 nmethod 7436 0x000001e0c7cc5490 code [0x000001e0c7cc5640, 0x000001e0c7cc5878]

GC Heap History (12 events):
Event: 2.606 GC heap before
{Heap before GC invocations=0 (full 0):
 garbage-first heap   total 262144K, used 13312K [0x00000000e0000000, 0x0000000100000000)
  region size 1024K, 13 young (13312K), 0 survivors (0K)
 Metaspace       used 788K, committed 896K, reserved 393216K
  class space    used 62K, committed 128K, reserved 327680K
}
Event: 2.664 GC heap after
{Heap after GC invocations=1 (full 0):
 garbage-first heap   total 262144K, used 1252K [0x00000000e0000000, 0x0000000100000000)
  region size 1024K, 2 young (2048K), 2 survivors (2048K)
 Metaspace       used 788K, committed 896K, reserved 393216K
  class space    used 62K, committed 128K, reserved 327680K
}
Event: 4.627 GC heap before
{Heap before GC invocations=1 (full 0):
 garbage-first heap   total 262144K, used 22756K [0x00000000e0000000, 0x0000000100000000)
  region size 1024K, 21 young (21504K), 2 survivors (2048K)
 Metaspace       used 1897K, committed 2112K, reserved 393216K
  class space    used 183K, committed 320K, reserved 327680K
}
Event: 4.649 GC heap after
{Heap after GC invocations=2 (full 0):
 garbage-first heap   total 262144K, used 9525K [0x00000000e0000000, 0x0000000100000000)
  region size 1024K, 3 young (3072K), 3 survivors (3072K)
 Metaspace       used 1897K, committed 2112K, reserved 393216K
  class space    used 183K, committed 320K, reserved 327680K
}
Event: 20.241 GC heap before
{Heap before GC invocations=2 (full 0):
 garbage-first heap   total 262144K, used 165173K [0x00000000e0000000, 0x0000000100000000)
  region size 1024K, 153 young (156672K), 3 survivors (3072K)
 Metaspace       used 17843K, committed 18176K, reserved 393216K
  class space    used 2559K, committed 2688K, reserved 327680K
}
Event: 20.299 GC heap after
{Heap after GC invocations=3 (full 0):
 garbage-first heap   total 262144K, used 21535K [0x00000000e0000000, 0x0000000100000000)
  region size 1024K, 14 young (14336K), 14 survivors (14336K)
 Metaspace       used 17843K, committed 18176K, reserved 393216K
  class space    used 2559K, committed 2688K, reserved 327680K
}
Event: 21.709 GC heap before
{Heap before GC invocations=3 (full 0):
 garbage-first heap   total 262144K, used 52255K [0x00000000e0000000, 0x0000000100000000)
  region size 1024K, 45 young (46080K), 14 survivors (14336K)
 Metaspace       used 21155K, committed 21504K, reserved 393216K
  class space    used 3080K, committed 3264K, reserved 327680K
}
Event: 21.733 GC heap after
{Heap after GC invocations=4 (full 0):
 garbage-first heap   total 262144K, used 24218K [0x00000000e0000000, 0x0000000100000000)
  region size 1024K, 3 young (3072K), 3 survivors (3072K)
 Metaspace       used 21155K, committed 21504K, reserved 393216K
  class space    used 3080K, committed 3264K, reserved 327680K
}
Event: 26.253 GC heap before
{Heap before GC invocations=5 (full 0):
 garbage-first heap   total 262144K, used 144026K [0x00000000e0000000, 0x0000000100000000)
  region size 1024K, 115 young (117760K), 3 survivors (3072K)
 Metaspace       used 35467K, committed 35968K, reserved 393216K
  class space    used 4875K, committed 5120K, reserved 327680K
}
Event: 26.280 GC heap after
{Heap after GC invocations=6 (full 0):
 garbage-first heap   total 262144K, used 34108K [0x00000000e0000000, 0x0000000100000000)
  region size 1024K, 12 young (12288K), 12 survivors (12288K)
 Metaspace       used 35467K, committed 35968K, reserved 393216K
  class space    used 4875K, committed 5120K, reserved 327680K
}
Event: 30.391 GC heap before
{Heap before GC invocations=7 (full 0):
 garbage-first heap   total 262144K, used 178492K [0x00000000e0000000, 0x0000000100000000)
  region size 1024K, 153 young (156672K), 12 survivors (12288K)
 Metaspace       used 47642K, committed 48256K, reserved 393216K
  class space    used 6717K, committed 7040K, reserved 327680K
}
Event: 30.410 GC heap after
{Heap after GC invocations=8 (full 0):
 garbage-first heap   total 262144K, used 39128K [0x00000000e0000000, 0x0000000100000000)
  region size 1024K, 16 young (16384K), 16 survivors (16384K)
 Metaspace       used 47642K, committed 48256K, reserved 393216K
  class space    used 6717K, committed 7040K, reserved 327680K
}

Dll operation events (15 events):
Event: 0.231 Loaded shared library C:\Users\User\.jdks\ms-17.0.15\bin\java.dll
Event: 0.410 Loaded shared library C:\Users\User\.jdks\ms-17.0.15\bin\jsvml.dll
Event: 0.761 Loaded shared library C:\Users\User\.jdks\ms-17.0.15\bin\zip.dll
Event: 0.773 Loaded shared library C:\Users\User\.jdks\ms-17.0.15\bin\instrument.dll
Event: 0.800 Loaded shared library C:\Users\User\.jdks\ms-17.0.15\bin\net.dll
Event: 0.827 Loaded shared library C:\Users\User\.jdks\ms-17.0.15\bin\nio.dll
Event: 0.835 Loaded shared library C:\Users\User\.jdks\ms-17.0.15\bin\zip.dll
Event: 3.008 Loaded shared library C:\Users\User\.jdks\ms-17.0.15\bin\jimage.dll
Event: 4.301 Loaded shared library C:\Users\User\.jdks\ms-17.0.15\bin\verify.dll
Event: 4.738 Loaded shared library C:\Users\User\.gradle\native\1def1411415f61bf3af743bc5b6707747c0891f09f0c88961ee8f79bc544acac\windows-amd64\native-platform.dll
Event: 4.790 Loaded shared library C:\Users\User\.gradle\native\0.2.7\x86_64-windows-gnu\gradle-fileevents.dll
Event: 10.355 Loaded shared library C:\Users\User\.jdks\ms-17.0.15\bin\management.dll
Event: 10.377 Loaded shared library C:\Users\User\.jdks\ms-17.0.15\bin\management_ext.dll
Event: 11.716 Loaded shared library C:\Users\User\.jdks\ms-17.0.15\bin\extnet.dll
Event: 16.676 Loaded shared library C:\Users\User\.jdks\ms-17.0.15\bin\sunmscapi.dll

Deoptimization events (20 events):
Event: 32.969 Thread 0x000001e0f3ad5a20 Uncommon trap: trap_request=0xffffffde fr.pc=0x000001e0cee3f668 relative=0x0000000000000508
Event: 32.969 Thread 0x000001e0f3ad5a20 Uncommon trap: reason=class_check action=maybe_recompile pc=0x000001e0cee3f668 method=java.util.regex.Matcher.search(I)Z @ 121 c2
Event: 32.969 Thread 0x000001e0f3ad5a20 DEOPT PACKING pc=0x000001e0cee3f668 sp=0x00000086db9f7340
Event: 32.969 Thread 0x000001e0f3ad5a20 DEOPT UNPACKING pc=0x000001e0ce5da1a3 sp=0x00000086db9f72f0 mode 2
Event: 32.980 Thread 0x000001e0f3ad5a20 Uncommon trap: trap_request=0xffffffde fr.pc=0x000001e0cee3f668 relative=0x0000000000000508
Event: 32.980 Thread 0x000001e0f3ad5a20 Uncommon trap: reason=class_check action=maybe_recompile pc=0x000001e0cee3f668 method=java.util.regex.Matcher.search(I)Z @ 121 c2
Event: 32.980 Thread 0x000001e0f3ad5a20 DEOPT PACKING pc=0x000001e0cee3f668 sp=0x00000086db9f72e0
Event: 32.980 Thread 0x000001e0f3ad5a20 DEOPT UNPACKING pc=0x000001e0ce5da1a3 sp=0x00000086db9f7290 mode 2
Event: 32.981 Thread 0x000001e0f3ad5a20 Uncommon trap: trap_request=0xffffffde fr.pc=0x000001e0cee3f668 relative=0x0000000000000508
Event: 32.981 Thread 0x000001e0f3ad5a20 Uncommon trap: reason=class_check action=maybe_recompile pc=0x000001e0cee3f668 method=java.util.regex.Matcher.search(I)Z @ 121 c2
Event: 32.981 Thread 0x000001e0f3ad5a20 DEOPT PACKING pc=0x000001e0cee3f668 sp=0x00000086db9f72e0
Event: 32.981 Thread 0x000001e0f3ad5a20 DEOPT UNPACKING pc=0x000001e0ce5da1a3 sp=0x00000086db9f7290 mode 2
Event: 33.008 Thread 0x000001e0f3ad5a20 Uncommon trap: trap_request=0xffffff76 fr.pc=0x000001e0cebd4d60 relative=0x0000000000000260
Event: 33.008 Thread 0x000001e0f3ad5a20 Uncommon trap: reason=predicate action=maybe_recompile pc=0x000001e0cebd4d60 method=java.util.AbstractCollection.addAll(Ljava/util/Collection;)Z @ 15 c2
Event: 33.008 Thread 0x000001e0f3ad5a20 DEOPT PACKING pc=0x000001e0cebd4d60 sp=0x00000086db9f7c30
Event: 33.008 Thread 0x000001e0f3ad5a20 DEOPT UNPACKING pc=0x000001e0ce5da1a3 sp=0x00000086db9f7bc8 mode 2
Event: 33.009 Thread 0x000001e0f3ad5a20 Uncommon trap: trap_request=0xffffffbe fr.pc=0x000001e0cebbae44 relative=0x00000000000001a4
Event: 33.009 Thread 0x000001e0f3ad5a20 Uncommon trap: reason=profile_predicate action=maybe_recompile pc=0x000001e0cebbae44 method=java.util.LinkedHashMap.keysToArray([Ljava/lang/Object;)[Ljava/lang/Object; @ 12 c2
Event: 33.009 Thread 0x000001e0f3ad5a20 DEOPT PACKING pc=0x000001e0cebbae44 sp=0x00000086db9f6f60
Event: 33.009 Thread 0x000001e0f3ad5a20 DEOPT UNPACKING pc=0x000001e0ce5da1a3 sp=0x00000086db9f6f18 mode 2

Classes loaded (20 events):
Event: 32.718 Loading class com/sun/org/apache/xerces/internal/jaxp/DocumentBuilderFactoryImpl
Event: 32.719 Loading class com/sun/org/apache/xerces/internal/jaxp/DocumentBuilderFactoryImpl done
Event: 32.719 Loading class com/sun/org/apache/xerces/internal/utils/XMLSecurityManager
Event: 32.719 Loading class com/sun/org/apache/xerces/internal/utils/XMLSecurityManager done
Event: 32.719 Loading class com/sun/org/apache/xerces/internal/utils/XMLSecurityManager$Limit
Event: 32.720 Loading class com/sun/org/apache/xerces/internal/utils/XMLSecurityManager$Limit done
Event: 32.720 Loading class com/sun/org/apache/xerces/internal/utils/XMLSecurityManager$NameMap
Event: 32.720 Loading class com/sun/org/apache/xerces/internal/utils/XMLSecurityManager$NameMap done
Event: 32.720 Loading class com/sun/org/apache/xerces/internal/utils/XMLSecurityPropertyManager
Event: 32.720 Loading class com/sun/org/apache/xerces/internal/utils/XMLSecurityPropertyManager done
Event: 32.720 Loading class com/sun/org/apache/xerces/internal/utils/XMLSecurityPropertyManager$State
Event: 32.720 Loading class com/sun/org/apache/xerces/internal/utils/XMLSecurityPropertyManager$State done
Event: 32.720 Loading class com/sun/org/apache/xerces/internal/utils/XMLSecurityPropertyManager$Property
Event: 32.720 Loading class com/sun/org/apache/xerces/internal/utils/XMLSecurityPropertyManager$Property done
Event: 32.759 Loading class java/util/regex/Pattern$SliceI
Event: 32.760 Loading class java/util/regex/Pattern$SliceI done
Event: 33.130 Loading class java/lang/Character$UnicodeBlock
Event: 33.131 Loading class java/lang/Character$Subset
Event: 33.131 Loading class java/lang/Character$Subset done
Event: 33.132 Loading class java/lang/Character$UnicodeBlock done

Classes unloaded (0 events):
No events

Classes redefined (0 events):
No events

Internal exceptions (20 events):
Event: 30.026 Thread 0x000001e0f3ad5a20 Exception <a 'java/lang/NoSuchMethodError'{0x00000000e7070aa0}: 'void java.lang.invoke.DirectMethodHandle$Holder.invokeVirtual(java.lang.Object, java.lang.Object)'> (0x00000000e7070aa0) 
thrown [s\src\hotspot\share\interpreter\linkResolver.cpp, line 759]
Event: 30.124 Thread 0x000001e0f3ad5a20 Exception <a 'java/lang/NoSuchMethodError'{0x00000000e6c0b7f8}: 'java.lang.Object java.lang.invoke.DirectMethodHandle$Holder.newInvokeSpecial(java.lang.Object, java.lang.Object, java.lang.Object, java.lang.Object, int, java.lang.Object)'> (0x00000000e6c0b7f8) 
thrown [s\src\hotspot\share\interpreter\linkResolver.cpp, line 759]
Event: 30.125 Thread 0x000001e0f3ad5a20 Exception <a 'java/lang/NoSuchMethodError'{0x00000000e6c14688}: 'java.lang.Object java.lang.invoke.Invokers$Holder.linkToTargetMethod(java.lang.Object, java.lang.Object, java.lang.Object, int, java.lang.Object, java.lang.Object)'> (0x00000000e6c14688) 
thrown [s\src\hotspot\share\interpreter\linkResolver.cpp, line 759]
Event: 30.558 Thread 0x000001e0f3ad5a20 Exception <a 'java/lang/NoSuchMethodError'{0x00000000efafc578}: 'java.lang.Object java.lang.invoke.DirectMethodHandle$Holder.invokeSpecialIFC(java.lang.Object, java.lang.Object, java.lang.Object)'> (0x00000000efafc578) 
thrown [s\src\hotspot\share\interpreter\linkResolver.cpp, line 759]
Event: 31.139 Thread 0x000001e0f3ad5a20 Exception <a 'java/lang/NoSuchMethodError'{0x00000000ed850070}: static Lorg/jetbrains/kotlin/gradle/plugin/internal/DefaultConfigurationTimePropertiesAccessorVariantFactory;.<clinit>()V> (0x00000000ed850070) 
thrown [s\src\hotspot\share\prims\jni.cpp, line 1112]
Event: 31.141 Thread 0x000001e0f3ad5a20 Exception <a 'java/lang/NoSuchMethodError'{0x00000000ed86cbe8}: static Lorg/jetbrains/kotlin/gradle/plugin/internal/DefaultProjectIsolationStartParameterAccessorVariantFactory;.<clinit>()V> (0x00000000ed86cbe8) 
thrown [s\src\hotspot\share\prims\jni.cpp, line 1112]
Event: 31.142 Thread 0x000001e0f3ad5a20 Exception <a 'java/lang/NoSuchMethodError'{0x00000000ed891770}: static Lorg/jetbrains/kotlin/gradle/plugin/internal/DefaultArtifactTypeAttributeAccessorVariantFactory;.<clinit>()V> (0x00000000ed891770) 
thrown [s\src\hotspot\share\prims\jni.cpp, line 1112]
Event: 31.144 Thread 0x000001e0f3ad5a20 Exception <a 'java/lang/NoSuchMethodError'{0x00000000ed8b6298}: static Lorg/jetbrains/kotlin/gradle/plugin/internal/DefaultCompatibilityConventionRegistrar$Factory;.<clinit>()V> (0x00000000ed8b6298) 
thrown [s\src\hotspot\share\prims\jni.cpp, line 1112]
Event: 31.144 Thread 0x000001e0f3ad5a20 Exception <a 'java/lang/NoSuchMethodError'{0x00000000ed8d1e50}: static Lorg/jetbrains/kotlin/gradle/plugin/internal/DefaultJavaSourceSetsAccessorVariantFactory;.<clinit>()V> (0x00000000ed8d1e50) 
thrown [s\src\hotspot\share\prims\jni.cpp, line 1112]
Event: 31.145 Thread 0x000001e0f3ad5a20 Exception <a 'java/lang/NoSuchMethodError'{0x00000000ed8ed0c0}: static Lorg/jetbrains/kotlin/gradle/plugin/internal/DefaultIdeaSyncDetectorVariantFactory;.<clinit>()V> (0x00000000ed8ed0c0) 
thrown [s\src\hotspot\share\prims\jni.cpp, line 1112]
Event: 31.147 Thread 0x000001e0f3ad5a20 Exception <a 'java/lang/NoSuchMethodError'{0x00000000ed70b4e0}: static Lorg/jetbrains/kotlin/gradle/plugin/internal/DefaultKotlinTestReportCompatibilityHelperVariantFactory;.<clinit>()V> (0x00000000ed70b4e0) 
thrown [s\src\hotspot\share\prims\jni.cpp, line 1112]
Event: 31.148 Thread 0x000001e0f3ad5a20 Exception <a 'java/lang/NoSuchMethodError'{0x00000000ed727608}: static Lorg/jetbrains/kotlin/gradle/plugin/internal/DefaultMppTestReportHelperVariantFactory;.<clinit>()V> (0x00000000ed727608) 
thrown [s\src\hotspot\share\prims\jni.cpp, line 1112]
Event: 31.149 Thread 0x000001e0f3ad5a20 Exception <a 'java/lang/NoSuchMethodError'{0x00000000ed74c400}: static Lorg/jetbrains/kotlin/gradle/plugin/internal/DefaultConfigurationCacheStartParameterAccessorVariantFactory;.<clinit>()V> (0x00000000ed74c400) 
thrown [s\src\hotspot\share\prims\jni.cpp, line 1112]
Event: 31.150 Thread 0x000001e0f3ad5a20 Exception <a 'java/lang/NoSuchMethodError'{0x00000000ed7691a8}: static Lorg/jetbrains/kotlin/gradle/plugin/internal/MavenPluginConfigurator$DefaultMavenPluginConfiguratorVariantFactory;.<clinit>()V> (0x00000000ed7691a8) 
thrown [s\src\hotspot\share\prims\jni.cpp, line 1112]
Event: 31.152 Thread 0x000001e0f3ad5a20 Exception <a 'java/lang/NoSuchMethodError'{0x00000000ed7846d0}: static Lorg/jetbrains/kotlin/gradle/targets/js/nodejs/DefaultUnameExecutorVariantFactory;.<clinit>()V> (0x00000000ed7846d0) 
thrown [s\src\hotspot\share\prims\jni.cpp, line 1112]
Event: 31.153 Thread 0x000001e0f3ad5a20 Exception <a 'java/lang/NoSuchMethodError'{0x00000000ed7a03a8}: static Lorg/jetbrains/kotlin/gradle/plugin/internal/DefaultBasePluginConfigurationVariantFactory;.<clinit>()V> (0x00000000ed7a03a8) 
thrown [s\src\hotspot\share\prims\jni.cpp, line 1112]
Event: 31.154 Thread 0x000001e0f3ad5a20 Exception <a 'java/lang/NoSuchMethodError'{0x00000000ed7a8be0}: 'void java.lang.invoke.DirectMethodHandle$Holder.invokeSpecial(java.lang.Object, java.lang.Object, java.lang.Object, int)'> (0x00000000ed7a8be0) 
thrown [s\src\hotspot\share\interpreter\linkResolver.cpp, line 759]
Event: 31.205 Thread 0x000001e0f3ad5a20 Exception <a 'java/lang/IncompatibleClassChangeError'{0x00000000ed577c80}: Found class java.lang.Object, but interface was expected> (0x00000000ed577c80) 
thrown [s\src\hotspot\share\interpreter\linkResolver.cpp, line 826]
Event: 31.601 Thread 0x000001e0f3ad5a20 Implicit null exception at 0x000001e0cebe6cd6 to 0x000001e0cebe7410
Event: 33.135 Thread 0x000001e0f3ad5a20 Exception <a 'java/lang/NoSuchMethodError'{0x00000000e7988ed0}: 'int java.lang.invoke.DirectMethodHandle$Holder.invokeStatic(java.lang.Object, java.lang.Object, int)'> (0x00000000e7988ed0) 
thrown [s\src\hotspot\share\interpreter\linkResolver.cpp, line 759]

VM Operations (20 events):
Event: 30.391 Executing VM operation: G1CollectForAllocation
Event: 30.410 Executing VM operation: G1CollectForAllocation done
Event: 30.459 Executing VM operation: G1PauseRemark
Event: 30.462 Executing VM operation: G1PauseRemark done
Event: 30.474 Executing VM operation: G1PauseCleanup
Event: 30.475 Executing VM operation: G1PauseCleanup done
Event: 30.700 Executing VM operation: ICBufferFull
Event: 30.700 Executing VM operation: ICBufferFull done
Event: 30.999 Executing VM operation: ICBufferFull
Event: 30.999 Executing VM operation: ICBufferFull done
Event: 31.084 Executing VM operation: HandshakeAllThreads
Event: 31.084 Executing VM operation: HandshakeAllThreads done
Event: 31.388 Executing VM operation: HandshakeAllThreads
Event: 31.388 Executing VM operation: HandshakeAllThreads done
Event: 31.723 Executing VM operation: ICBufferFull
Event: 31.723 Executing VM operation: ICBufferFull done
Event: 32.738 Executing VM operation: Cleanup
Event: 32.738 Executing VM operation: Cleanup done
Event: 32.744 Executing VM operation: HandshakeAllThreads
Event: 32.745 Executing VM operation: HandshakeAllThreads done

Memory protections (0 events):
No events

Nmethod flushes (20 events):
Event: 28.882 Thread 0x000001e0d98453e0 flushing  nmethod 0x000001e0c77ea790
Event: 28.882 Thread 0x000001e0d98453e0 flushing  nmethod 0x000001e0c77eb390
Event: 28.882 Thread 0x000001e0d98453e0 flushing  nmethod 0x000001e0c77f8490
Event: 28.882 Thread 0x000001e0d98453e0 flushing  nmethod 0x000001e0c77fad10
Event: 28.882 Thread 0x000001e0d98453e0 flushing  nmethod 0x000001e0c7801210
Event: 28.882 Thread 0x000001e0d98453e0 flushing  nmethod 0x000001e0c7833b90
Event: 28.883 Thread 0x000001e0d98453e0 flushing  nmethod 0x000001e0c78b1e10
Event: 28.883 Thread 0x000001e0d98453e0 flushing  nmethod 0x000001e0c78b3d10
Event: 28.883 Thread 0x000001e0d98453e0 flushing  nmethod 0x000001e0c78b6210
Event: 28.883 Thread 0x000001e0d98453e0 flushing  nmethod 0x000001e0c78b6e10
Event: 28.883 Thread 0x000001e0d98453e0 flushing  nmethod 0x000001e0c78c9190
Event: 28.883 Thread 0x000001e0d98453e0 flushing  nmethod 0x000001e0c795f390
Event: 28.883 Thread 0x000001e0d98453e0 flushing  nmethod 0x000001e0c7979910
Event: 28.883 Thread 0x000001e0d98453e0 flushing  nmethod 0x000001e0c7993110
Event: 28.883 Thread 0x000001e0d98453e0 flushing  nmethod 0x000001e0c7994890
Event: 28.883 Thread 0x000001e0d98453e0 flushing  nmethod 0x000001e0c799f390
Event: 28.883 Thread 0x000001e0d98453e0 flushing  nmethod 0x000001e0c799f790
Event: 28.883 Thread 0x000001e0d98453e0 flushing  nmethod 0x000001e0c79a0090
Event: 28.883 Thread 0x000001e0d98453e0 flushing  nmethod 0x000001e0c79a1210
Event: 28.883 Thread 0x000001e0d98453e0 flushing  nmethod 0x000001e0c79a3990

Events (20 events):
Event: 23.250 Thread 0x000001e0f3ad5a20 Thread added: 0x000001e0f5282a50
Event: 23.321 Thread 0x000001e0f3ad5a20 Thread added: 0x000001e0f5281b20
Event: 25.110 Thread 0x000001e0f3ad5a20 Thread added: 0x000001e0f5282f60
Event: 25.160 Thread 0x000001e0f3ad5a20 Thread added: 0x000001e0f527e880
Event: 25.484 Thread 0x000001e0f3ad5a20 Thread added: 0x000001e0f527f2a0
Event: 25.562 Thread 0x000001e0f3ad5a20 Thread added: 0x000001e0f527d440
Event: 27.109 Thread 0x000001e0f3ad5a20 Thread added: 0x000001e0f5283470
Event: 27.199 Thread 0x000001e0f3ad5a20 Thread added: 0x000001e0f527c000
Event: 30.010 Thread 0x000001e0f3ad5a20 Thread added: 0x000001e0f527c510
Event: 30.010 Thread 0x000001e0f3ad5a20 Thread added: 0x000001e0f527ca20
Event: 30.010 Thread 0x000001e0f3ad5a20 Thread added: 0x000001e0f527d950
Event: 30.167 Thread 0x000001e0f3ad5a20 Thread added: 0x000001e0f527de60
Event: 30.170 Thread 0x000001e0f3ad5a20 Thread added: 0x000001e0f527e370
Event: 30.173 Thread 0x000001e0f3ad5a20 Thread added: 0x000001e0f527fcc0
Event: 30.560 Thread 0x000001e0f3ad5a20 Thread added: 0x000001e0f52806e0
Event: 30.560 Thread 0x000001e0f3ad5a20 Thread added: 0x000001e0f5280bf0
Event: 30.561 Thread 0x000001e0f3ad5a20 Thread added: 0x000001e0f67e36f0
Event: 31.391 Thread 0x000001e0f3ad5a20 Thread added: 0x000001e0f67e4110
Event: 31.472 Thread 0x000001e0f3ad5a20 Thread added: 0x000001e0f67e4620
Event: 32.818 Thread 0x000001e0f3ad5a20 Thread added: 0x000001e0f67df010


Dynamic libraries:
0x00007ff6d2600000 - 0x00007ff6d260e000 	C:\Users\User\.jdks\ms-17.0.15\bin\java.exe
0x00007ffe83a10000 - 0x00007ffe83c08000 	C:\Windows\SYSTEM32\ntdll.dll
0x00007ffe83680000 - 0x00007ffe83742000 	C:\Windows\System32\KERNEL32.DLL
0x00007ffe81460000 - 0x00007ffe81756000 	C:\Windows\System32\KERNELBASE.dll
0x00007ffe817e0000 - 0x00007ffe818e0000 	C:\Windows\System32\ucrtbase.dll
0x00007ffe78d30000 - 0x00007ffe78d4d000 	C:\Users\User\.jdks\ms-17.0.15\bin\VCRUNTIME140.dll
0x00007ffe74ee0000 - 0x00007ffe74ef7000 	C:\Users\User\.jdks\ms-17.0.15\bin\jli.dll
0x00007ffe837b0000 - 0x00007ffe83951000 	C:\Windows\System32\USER32.dll
0x00007ffe81a00000 - 0x00007ffe81a22000 	C:\Windows\System32\win32u.dll
0x00007ffe82210000 - 0x00007ffe8223b000 	C:\Windows\System32\GDI32.dll
0x00007ffe818e0000 - 0x00007ffe819f9000 	C:\Windows\System32\gdi32full.dll
0x00007ffe64560000 - 0x00007ffe647fb000 	C:\Windows\WinSxS\amd64_microsoft.windows.common-controls_6595b64144ccf1df_6.0.19041.6456_none_60b8a6cb71f64256\COMCTL32.dll
0x00007ffe812c0000 - 0x00007ffe8135d000 	C:\Windows\System32\msvcp_win.dll
0x00007ffe82c70000 - 0x00007ffe82d0e000 	C:\Windows\System32\msvcrt.dll
0x00007ffe82680000 - 0x00007ffe826af000 	C:\Windows\System32\IMM32.DLL
0x00007ffe7af60000 - 0x00007ffe7af6c000 	C:\Users\User\.jdks\ms-17.0.15\bin\vcruntime140_1.dll
0x00007ffe53020000 - 0x00007ffe530ad000 	C:\Users\User\.jdks\ms-17.0.15\bin\msvcp140.dll
0x00007ffe03950000 - 0x00007ffe045c2000 	C:\Users\User\.jdks\ms-17.0.15\bin\server\jvm.dll
0x00007ffe82e20000 - 0x00007ffe82ed1000 	C:\Windows\System32\ADVAPI32.dll
0x00007ffe82320000 - 0x00007ffe823bf000 	C:\Windows\System32\sechost.dll
0x00007ffe82b40000 - 0x00007ffe82c60000 	C:\Windows\System32\RPCRT4.dll
0x00007ffe810a0000 - 0x00007ffe810c7000 	C:\Windows\System32\bcrypt.dll
0x00007ffe83960000 - 0x00007ffe839cb000 	C:\Windows\System32\WS2_32.dll
0x00007ffe80a20000 - 0x00007ffe80a6b000 	C:\Windows\SYSTEM32\POWRPROF.dll
0x00007ffe66d20000 - 0x00007ffe66d47000 	C:\Windows\SYSTEM32\WINMM.dll
0x00007ffe77be0000 - 0x00007ffe77bea000 	C:\Windows\SYSTEM32\VERSION.dll
0x00007ffe80a00000 - 0x00007ffe80a12000 	C:\Windows\SYSTEM32\UMPDC.dll
0x00007ffe7f870000 - 0x00007ffe7f882000 	C:\Windows\SYSTEM32\kernel.appcore.dll
0x00007ffe7ab00000 - 0x00007ffe7ab0a000 	C:\Users\User\.jdks\ms-17.0.15\bin\jimage.dll
0x00007ffe7ec30000 - 0x00007ffe7ee31000 	C:\Windows\SYSTEM32\DBGHELP.DLL
0x00007ffe61020000 - 0x00007ffe61054000 	C:\Windows\SYSTEM32\dbgcore.DLL
0x00007ffe810d0000 - 0x00007ffe81152000 	C:\Windows\System32\bcryptPrimitives.dll
0x00007ffe78d00000 - 0x00007ffe78d0e000 	C:\Users\User\.jdks\ms-17.0.15\bin\instrument.dll
0x00007ffe670c0000 - 0x00007ffe670e5000 	C:\Users\User\.jdks\ms-17.0.15\bin\java.dll
0x00007ffe52f40000 - 0x00007ffe53016000 	C:\Users\User\.jdks\ms-17.0.15\bin\jsvml.dll
0x00007ffe81a30000 - 0x00007ffe821a0000 	C:\Windows\System32\SHELL32.dll
0x00007ffe7f0b0000 - 0x00007ffe7f855000 	C:\Windows\SYSTEM32\windows.storage.dll
0x00007ffe827e0000 - 0x00007ffe82b34000 	C:\Windows\System32\combase.dll
0x00007ffe80980000 - 0x00007ffe809ab000 	C:\Windows\SYSTEM32\Wldp.dll
0x00007ffe82ee0000 - 0x00007ffe82fad000 	C:\Windows\System32\OLEAUT32.dll
0x00007ffe83160000 - 0x00007ffe8320d000 	C:\Windows\System32\SHCORE.dll
0x00007ffe821b0000 - 0x00007ffe8220b000 	C:\Windows\System32\shlwapi.dll
0x00007ffe80fd0000 - 0x00007ffe80ff4000 	C:\Windows\SYSTEM32\profapi.dll
0x00007ffe67050000 - 0x00007ffe67068000 	C:\Users\User\.jdks\ms-17.0.15\bin\zip.dll
0x00007ffe66540000 - 0x00007ffe6655a000 	C:\Users\User\.jdks\ms-17.0.15\bin\net.dll
0x00007ffe7d570000 - 0x00007ffe7d67a000 	C:\Windows\SYSTEM32\WINHTTP.dll
0x00007ffe806f0000 - 0x00007ffe8075a000 	C:\Windows\system32\mswsock.dll
0x00007ffe66520000 - 0x00007ffe66536000 	C:\Users\User\.jdks\ms-17.0.15\bin\nio.dll
0x00007ffe6fe00000 - 0x00007ffe6fe10000 	C:\Users\User\.jdks\ms-17.0.15\bin\verify.dll
0x00007ffe749b0000 - 0x00007ffe749d7000 	C:\Users\User\.gradle\native\1def1411415f61bf3af743bc5b6707747c0891f09f0c88961ee8f79bc544acac\windows-amd64\native-platform.dll
0x00007ffe535b0000 - 0x00007ffe53628000 	C:\Users\User\.gradle\native\0.2.7\x86_64-windows-gnu\gradle-fileevents.dll
0x00007ffe664a0000 - 0x00007ffe664aa000 	C:\Users\User\.jdks\ms-17.0.15\bin\management.dll
0x00007ffe66490000 - 0x00007ffe6649b000 	C:\Users\User\.jdks\ms-17.0.15\bin\management_ext.dll
0x00007ffe82470000 - 0x00007ffe82478000 	C:\Windows\System32\PSAPI.DLL
0x00007ffe803f0000 - 0x00007ffe8042b000 	C:\Windows\SYSTEM32\IPHLPAPI.DLL
0x00007ffe821a0000 - 0x00007ffe821a8000 	C:\Windows\System32\NSI.dll
0x00007ffe74d00000 - 0x00007ffe74d17000 	C:\Windows\SYSTEM32\dhcpcsvc6.DLL
0x00007ffe77d80000 - 0x00007ffe77d9d000 	C:\Windows\SYSTEM32\dhcpcsvc.DLL
0x00007ffe80430000 - 0x00007ffe804fa000 	C:\Windows\SYSTEM32\DNSAPI.dll
0x00007ffe66480000 - 0x00007ffe66489000 	C:\Users\User\.jdks\ms-17.0.15\bin\extnet.dll
0x00007ffe809c0000 - 0x00007ffe809d8000 	C:\Windows\SYSTEM32\CRYPTSP.dll
0x00007ffe80030000 - 0x00007ffe80068000 	C:\Windows\system32\rsaenh.dll
0x00007ffe80f90000 - 0x00007ffe80fbe000 	C:\Windows\SYSTEM32\USERENV.dll
0x00007ffe808f0000 - 0x00007ffe808fc000 	C:\Windows\SYSTEM32\CRYPTBASE.dll
0x00007ffe66430000 - 0x00007ffe6643e000 	C:\Users\User\.jdks\ms-17.0.15\bin\sunmscapi.dll
0x00007ffe81160000 - 0x00007ffe812bd000 	C:\Windows\System32\CRYPT32.dll
0x00007ffe80b40000 - 0x00007ffe80b67000 	C:\Windows\SYSTEM32\ncrypt.dll
0x00007ffe80b00000 - 0x00007ffe80b3b000 	C:\Windows\SYSTEM32\NTASN1.dll
0x00007ffe795c0000 - 0x00007ffe795c7000 	C:\Windows\system32\wshunix.dll

dbghelp: loaded successfully - version: 4.0.5 - missing functions: none
symbol engine: initialized successfully - sym options: 0x614 - pdb path: .;C:\Users\User\.jdks\ms-17.0.15\bin;C:\Windows\SYSTEM32;C:\Windows\WinSxS\amd64_microsoft.windows.common-controls_6595b64144ccf1df_6.0.19041.6456_none_60b8a6cb71f64256;C:\Users\User\.jdks\ms-17.0.15\bin\server;C:\Users\User\.gradle\native\1def1411415f61bf3af743bc5b6707747c0891f09f0c88961ee8f79bc544acac\windows-amd64;C:\Users\User\.gradle\native\0.2.7\x86_64-windows-gnu

VM Arguments:
jvm_args: --add-opens=java.base/java.lang=ALL-UNNAMED --add-opens=java.base/java.lang.invoke=ALL-UNNAMED --add-opens=java.base/java.util=ALL-UNNAMED --add-opens=java.prefs/java.util.prefs=ALL-UNNAMED --add-exports=jdk.compiler/com.sun.tools.javac.api=ALL-UNNAMED --add-exports=jdk.compiler/com.sun.tools.javac.util=ALL-UNNAMED --add-opens=java.base/java.util=ALL-UNNAMED --add-opens=java.prefs/java.util.prefs=ALL-UNNAMED --add-opens=java.base/java.nio.charset=ALL-UNNAMED --add-opens=java.base/java.net=ALL-UNNAMED --add-opens=java.base/java.util.concurrent.atomic=ALL-UNNAMED --add-opens=java.xml/javax.xml.namespace=ALL-UNNAMED -XX:MaxMetaspaceSize=384m -XX:+HeapDumpOnOutOfMemoryError -Xms256m -Xmx512m -Dfile.encoding=UTF-8 -Duser.country=RU -Duser.language=ru -Duser.variant -javaagent:C:\Users\User\.gradle\wrapper\dists\gradle-8.14.3-bin\cv11ve7ro1n3o1j4so8xd9n66\gradle-8.14.3\lib\agents\gradle-instrumentation-agent-8.14.3.jar 
java_command: org.gradle.launcher.daemon.bootstrap.GradleDaemon 8.14.3
java_class_path (initial): C:\Users\User\.gradle\wrapper\dists\gradle-8.14.3-bin\cv11ve7ro1n3o1j4so8xd9n66\gradle-8.14.3\lib\gradle-daemon-main-8.14.3.jar
Launcher Type: SUN_STANDARD

[Global flags]
     intx CICompilerCount                          = 3                                         {product} {ergonomic}
   size_t CompressedClassSpaceSize                 = 335544320                                 {product} {ergonomic}
     uint ConcGCThreads                            = 1                                         {product} {ergonomic}
     uint G1ConcRefinementThreads                  = 4                                         {product} {ergonomic}
   size_t G1HeapRegionSize                         = 1048576                                   {product} {ergonomic}
    uintx GCDrainStackTargetSize                   = 64                                        {product} {ergonomic}
     bool HeapDumpOnOutOfMemoryError               = true                                   {manageable} {command line}
   size_t InitialHeapSize                          = 268435456                                 {product} {command line}
   size_t MarkStackSize                            = 4194304                                   {product} {ergonomic}
   size_t MaxHeapSize                              = 536870912                                 {product} {command line}
   size_t MaxMetaspaceSize                         = 402653184                                 {product} {command line}
   size_t MaxNewSize                               = 321912832                                 {product} {ergonomic}
   size_t MinHeapDeltaBytes                        = 1048576                                   {product} {ergonomic}
   size_t MinHeapSize                              = 268435456                                 {product} {command line}
    uintx NonNMethodCodeHeapSize                   = 5832780                                {pd product} {ergonomic}
    uintx NonProfiledCodeHeapSize                  = 122912730                              {pd product} {ergonomic}
    uintx ProfiledCodeHeapSize                     = 122912730                              {pd product} {ergonomic}
    uintx ReservedCodeCacheSize                    = 251658240                              {pd product} {ergonomic}
     bool SegmentedCodeCache                       = true                                      {product} {ergonomic}
   size_t SoftMaxHeapSize                          = 536870912                              {manageable} {ergonomic}
     bool UseCompressedClassPointers               = true                           {product lp64_product} {ergonomic}
     bool UseCompressedOops                        = true                           {product lp64_product} {ergonomic}
     bool UseG1GC                                  = true                                      {product} {ergonomic}
     bool UseLargePagesIndividualAllocation        = false                                  {pd product} {ergonomic}

Logging:
Log output configuration:
 #0: stdout all=warning uptime,level,tags
 #1: stderr all=off uptime,level,tags

Environment Variables:
PATH=C:\app\Ozodbek\product\21c\dbhomeXE\bin;C:\Program Files\Common Files\Oracle\Java\javapath;C:\Windows\system32;C:\Windows;C:\Windows\System32\Wbem;C:\Windows\System32\WindowsPowerShell\v1.0\;C:\Windows\System32\OpenSSH\;C:\Program Files\Java\jdk-21\bin;C:\Program Files\Java\jdk-21\bin;C:\Program Files (x86)\PuTTY\;C:\Program Files\Docker\Docker\resources\bin;C:\Users\User\AppData\Local\Programs\Python\Launcher\;C:\Users\User\AppData\Local\Microsoft\WindowsApps;;C:\Program Files\JetBrains\IntelliJ IDEA 2024.2.3\bin;;C:\Program Files\JetBrains\PyCharm Community Edition 2024.2.3\bin;;C:\Program Files\heroku\bin
USERNAME=Ozodbek
OS=Windows_NT
PROCESSOR_IDENTIFIER=Intel64 Family 6 Model 140 Stepping 1, GenuineIntel
TMP=C:\Users\User\AppData\Local\Temp
TEMP=C:\Users\User\AppData\Local\Temp



Periodic native trim disabled


---------------  S Y S T E M  ---------------

OS:
 Windows 10 , 64 bit Build 19041 (10.0.19041.5915)
OS uptime: 2 days 9:57 hours
Hyper-V role detected

CPU: total 4 (initial active 4) (2 cores per cpu, 2 threads per core) family 6 model 140 stepping 1 microcode 0x6e, cx8, cmov, fxsr, ht, mmx, 3dnowpref, sse, sse2, sse3, ssse3, sse4.1, sse4.2, popcnt, lzcnt, tsc, tscinvbit, avx, avx2, aes, erms, clmul, bmi1, bmi2, adx, avx512f, avx512dq, avx512cd, avx512bw, avx512vl, sha, fma, vzeroupper, avx512_vpopcntdq, avx512_vpclmulqdq, avx512_vaes, avx512_vnni, clflush, clflushopt, clwb, avx512_vbmi2, avx512_vbmi, hv
Processor Information for the first 4 processors :
  Max Mhz: 2995, Current Mhz: 2995, Mhz Limit: 2995

Memory: 4k page, system-wide physical 3852M (222M free)
TotalPageFile size 15628M (AvailPageFile size 6M)
current process WorkingSet (physical memory assigned to process): 367M, peak: 367M
current process commit charge ("private bytes"): 475M, peak: 476M

vm_info: OpenJDK 64-Bit Server VM (17.0.15+6-LTS) for windows-amd64 JRE (17.0.15+6-LTS), built on Apr  9 2025 22:27:25 by "MicrosoftCorporation" with unknown MS VC++:1939

END.
